2a0a:4cc0:: - - [10/Jan/2026:09:28:09 +0100] "GET /gallery-broon/view.php?gid=65&phid=10 HTTP/1.1" 200 4551 www.broon.co.uk "-" "Mozilla/5.0 (compatible; MJ12bot/v1.4.8; http://mj12bot.com/)" "-"
2a0a:4cc0:: - - [10/Jan/2026:09:28:10 +0100] "GET /gallery-broon/view.php?gid=65&phid=11 HTTP/1.1" 200 4550 www.broon.co.uk "-" "Mozilla/5.0 (compatible; MJ12bot/v1.4.8; http://mj12bot.com/)" "-"
114.119.143.0 - - [10/Jan/2026:09:28:11 +0100] "GET /gallery-broon/slideshow?gid=65&phid=27 HTTP/1.1" 200 2980 www.broon.co.uk "http://www.broon.co.uk/gallery-broon/view.php?gid=65&phid=27" "Mozilla/5.0 (Linux; Android 7.0;) AppleWebKit/537.36 (KHTML, like Gecko) Mobile Safari/537.36 (compatible; PetalBot;+https://webmaster.petalsearch.com/site/petalbot)" "-"
2a0a:4cc0:: - - [10/Jan/2026:09:28:12 +0100] "GET /gallery-broon/view.php?gid=65&phid=126 HTTP/1.1" 200 4433 www.broon.co.uk "-" "Mozilla/5.0 (compatible; MJ12bot/v1.4.8; http://mj12bot.com/)" "-"
2a0a:4cc0:: - - [10/Jan/2026:09:28:13 +0100] "GET /gallery-broon/view.php?gid=65&phid=128 HTTP/1.1" 200 4457 www.broon.co.uk "-" "Mozilla/5.0 (compatible; MJ12bot/v1.4.8; http://mj12bot.com/)" "-"
2a0a:4cc0:: - - [10/Jan/2026:09:28:15 +0100] "GET /gallery-broon/view.php?gid=65&phid=13 HTTP/1.1" 200 4600 www.broon.co.uk "-" "Mozilla/5.0 (compatible; MJ12bot/v1.4.8; http://mj12bot.com/)" "-"
2a0a:4cc0:: - - [10/Jan/2026:09:28:17 +0100] "GET /gallery-broon/view.php?gid=65&phid=14 HTTP/1.1" 200 4632 www.broon.co.uk "-" "Mozilla/5.0 (compatible; MJ12bot/v1.4.8; http://mj12bot.com/)" "-"
2a0a:4cc0:: - - [10/Jan/2026:09:28:18 +0100] "GET /gallery-broon/view.php?gid=65&phid=19 HTTP/1.1" 200 4579 www.broon.co.uk "-" "Mozilla/5.0 (compatible; MJ12bot/v1.4.8; http://mj12bot.com/)" "-"
2a0a:4cc0:: - - [10/Jan/2026:09:28:20 +0100] "GET /gallery-broon/view.php?gid=65&phid=2 HTTP/1.1" 200 4860 www.broon.co.uk "-" "Mozilla/5.0 (compatible; MJ12bot/v1.4.8; http://mj12bot.com/)" "-"
2a0a:4cc0:: - - [10/Jan/2026:09:28:21 +0100] "GET /gallery-broon/view.php?gid=65&phid=20 HTTP/1.1" 200 4572 www.broon.co.uk "-" "Mozilla/5.0 (compatible; MJ12bot/v1.4.8; http://mj12bot.com/)" "-"
2a0a:4cc0:: - - [10/Jan/2026:09:28:23 +0100] "GET /gallery-broon/view.php?gid=65&phid=21 HTTP/1.1" 200 4627 www.broon.co.uk "-" "Mozilla/5.0 (compatible; MJ12bot/v1.4.8; http://mj12bot.com/)" "-"
2a0a:4cc0:: - - [10/Jan/2026:09:28:24 +0100] "GET /gallery-broon/view.php?gid=65&phid=22 HTTP/1.1" 200 4648 www.broon.co.uk "-" "Mozilla/5.0 (compatible; MJ12bot/v1.4.8; http://mj12bot.com/)" "-"
2a0a:4cc0:: - - [10/Jan/2026:09:28:26 +0100] "GET /gallery-broon/view.php?gid=65&phid=227 HTTP/1.1" 200 4461 www.broon.co.uk "-" "Mozilla/5.0 (compatible; MJ12bot/v1.4.8; http://mj12bot.com/)" "-"
2a0a:4cc0:: - - [10/Jan/2026:09:28:27 +0100] "GET /gallery-broon/view.php?gid=65&phid=228 HTTP/1.1" 200 4461 www.broon.co.uk "-" "Mozilla/5.0 (compatible; MJ12bot/v1.4.8; http://mj12bot.com/)" "-"
2a0a:4cc0:: - - [10/Jan/2026:09:28:29 +0100] "GET /gallery-broon/view.php?gid=65&phid=229 HTTP/1.1" 200 4460 www.broon.co.uk "-" "Mozilla/5.0 (compatible; MJ12bot/v1.4.8; http://mj12bot.com/)" "-"
2a0a:4cc0:: - - [10/Jan/2026:09:28:31 +0100] "GET /gallery-broon/view.php?gid=65&phid=23 HTTP/1.1" 200 4657 www.broon.co.uk "-" "Mozilla/5.0 (compatible; MJ12bot/v1.4.8; http://mj12bot.com/)" "-"
2a0a:4cc0:: - - [10/Jan/2026:09:28:32 +0100] "GET /gallery-broon/view.php?gid=65&phid=231 HTTP/1.1" 200 4460 www.broon.co.uk "-" "Mozilla/5.0 (compatible; MJ12bot/v1.4.8; http://mj12bot.com/)" "-"
114.119.131.0 - - [10/Jan/2026:09:29:45 +0100] "GET /yapig-0.95b/slideshow?gid=10&phid=1 HTTP/1.1" 200 2773 www.janebushell.co.uk "http://www.janebushell.co.uk/yapig-0.95b/view.php?gid=10&phid=1" "Mozilla/5.0 (Linux; Android 7.0;) AppleWebKit/537.36 (KHTML, like Gecko) Mobile Safari/537.36 (compatible; PetalBot;+https://webmaster.petalsearch.com/site/petalbot)" "-"
114.119.135.0 - - [10/Jan/2026:09:30:17 +0100] "GET /gallery-broon/slideshow?gid=65&phid=20 HTTP/1.1" 200 2890 www.broon.co.uk "http://www.broon.co.uk/gallery-broon/view.php?gid=65&phid=20" "Mozilla/5.0 (Linux; Android 7.0;) AppleWebKit/537.36 (KHTML, like Gecko) Mobile Safari/537.36 (compatible; PetalBot;+https://webmaster.petalsearch.com/site/petalbot)" "-"
51.89.129.0 - - [10/Jan/2026:09:30:30 +0100] "GET /gallery-usa/view.php?gid=40&phid=15 HTTP/1.1" 200 4411 www.janebushell.co.uk "-" "Mozilla/5.0 (compatible; AhrefsBot/7.0; +http://ahrefs.com/robot/)" "-"
5.255.231.0 - - [10/Jan/2026:09:31:23 +0100] "GET /gallery-broon/slideshow?gid=41&phid=13 HTTP/1.1" 429 227 broon.co.uk "-" "Mozilla/5.0 (compatible; YandexBot/3.0; +http://yandex.com/bots)" "-"
40.77.167.0 - - [10/Jan/2026:09:31:34 +0100] "GET /scotland/cities.htm HTTP/1.1" 200 7530 www.broon.co.uk "-" "Mozilla/5.0 AppleWebKit/537.36 (KHTML, like Gecko; compatible; bingbot/2.0; +http://www.bing.com/bingbot.htm) Chrome/116.0.1938.76 Safari/537.36" "-"
198.244.183.0 - - [10/Jan/2026:09:32:23 +0100] "GET / HTTP/1.1" 200 10533 broon.co.uk "-" "Mozilla/5.0 (compatible; AhrefsBot/7.0; +http://ahrefs.com/robot/)" "-"
114.119.147.0 - - [10/Jan/2026:09:32:24 +0100] "GET /gallery-broon/slideshow?gid=65&phid=109 HTTP/1.1" 200 2803 www.broon.co.uk "http://www.broon.co.uk/gallery-broon/view.php?gid=65&phid=109" "Mozilla/5.0 (Linux; Android 7.0;) AppleWebKit/537.36 (KHTML, like Gecko) Mobile Safari/537.36 (compatible; PetalBot;+https://webmaster.petalsearch.com/site/petalbot)" "-"
198.244.240.0 - - [10/Jan/2026:09:34:01 +0100] "GET /gallery-broon/slideshow?gid=52&phid=8 HTTP/1.1" 200 2834 www.broon.co.uk "-" "Mozilla/5.0 (compatible; AhrefsBot/7.0; +http://ahrefs.com/robot/)" "-"
114.119.157.0 - - [10/Jan/2026:09:34:30 +0100] "GET /gallery-broon/slideshow?gid=61&phid=14 HTTP/1.1" 200 2846 www.broon.co.uk "http://www.broon.co.uk/gallery-broon/view.php?gid=61&phid=14" "Mozilla/5.0 (Linux; Android 7.0;) AppleWebKit/537.36 (KHTML, like Gecko) Mobile Safari/537.36 (compatible; PetalBot;+https://webmaster.petalsearch.com/site/petalbot)" "-"
198.244.168.0 - - [10/Jan/2026:09:34:32 +0100] "GET /gallery-misc/view.php?gid=39&phid=4 HTTP/1.1" 200 4441 www.janebushell.co.uk "-" "Mozilla/5.0 (compatible; AhrefsBot/7.0; +http://ahrefs.com/robot/)" "-"
198.244.240.0 - - [10/Jan/2026:09:35:33 +0100] "GET /gallery-broon/view.php?gid=52&phid=1 HTTP/1.1" 200 4477 broon.co.uk "-" "Mozilla/5.0 (compatible; AhrefsBot/7.0; +http://ahrefs.com/robot/)" "-"
213.180.203.0 - - [10/Jan/2026:09:35:38 +0100] "GET /gallery-broon/slideshow?gid=56&phid=6 HTTP/1.1" 429 227 broon.co.uk "-" "Mozilla/5.0 (compatible; YandexBot/3.0; +http://yandex.com/bots)" "-"
44.194.134.0 - - [10/Jan/2026:09:36:09 +0100] "GET /messageboard/msg/43.html HTTP/1.1" 200 4943 www.janebushell.co.uk "-" "Mozilla/5.0 AppleWebKit/537.36 (KHTML, like Gecko; compatible; Amazonbot/0.1; +https://developer.amazon.com/support/amazonbot) Chrome/119.0.6045.214 Safari/537.36" "-"
44.223.115.0 - - [10/Jan/2026:09:36:13 +0100] "GET /messageboard/msg/44.html HTTP/1.1" 200 4968 www.janebushell.co.uk "-" "Mozilla/5.0 AppleWebKit/537.36 (KHTML, like Gecko; compatible; Amazonbot/0.1; +https://developer.amazon.com/support/amazonbot) Chrome/119.0.6045.214 Safari/537.36" "-"
114.119.135.0 - - [10/Jan/2026:09:36:37 +0100] "GET /gallery-broon/slideshow?gid=61&phid=10 HTTP/1.1" 200 2818 www.broon.co.uk "http://www.broon.co.uk/gallery-broon/view.php?gid=61&phid=10" "Mozilla/5.0 (Linux; Android 7.0;) AppleWebKit/537.36 (KHTML, like Gecko) Mobile Safari/537.36 (compatible; PetalBot;+https://webmaster.petalsearch.com/site/petalbot)" "-"
198.244.242.0 - - [10/Jan/2026:09:36:58 +0100] "GET /gallery-broon/view.php?gid=52&phid=3 HTTP/1.1" 200 4477 broon.co.uk "-" "Mozilla/5.0 (compatible; AhrefsBot/7.0; +http://ahrefs.com/robot/)" "-"
213.180.203.0 - - [10/Jan/2026:09:37:45 +0100] "GET /gallery-misc/view.php?gid=36&phid=13 HTTP/1.1" 429 227 janebushell.co.uk "-" "Mozilla/5.0 (compatible; YandexBot/3.0; +http://yandex.com/bots)" "-"
54.38.147.0 - - [10/Jan/2026:09:38:31 +0100] "GET /gallery-broon/view.php?gid=65&phid=209 HTTP/1.1" 200 4461 www.broon.co.uk "-" "Mozilla/5.0 (compatible; AhrefsBot/7.0; +http://ahrefs.com/robot/)" "-"
51.195.244.0 - - [10/Jan/2026:09:38:43 +0100] "GET /yapig-0.95b/view.php?gid=28&phid=4 HTTP/1.1" 200 4419 www.janebushell.co.uk "-" "Mozilla/5.0 (compatible; AhrefsBot/7.0; +http://ahrefs.com/robot/)" "-"
114.119.147.0 - - [10/Jan/2026:09:38:45 +0100] "GET /gallery-broon/slideshow?gid=58&phid=24 HTTP/1.1" 200 2813 www.broon.co.uk "http://www.broon.co.uk/gallery-broon/view.php?gid=58&phid=24" "Mozilla/5.0 (Linux; Android 7.0;) AppleWebKit/537.36 (KHTML, like Gecko) Mobile Safari/537.36 (compatible; PetalBot;+https://webmaster.petalsearch.com/site/petalbot)" "-"
114.119.155.0 - - [10/Jan/2026:09:38:54 +0100] "GET /yapig-0.95b/slideshow.php?gid=9&interval=5&phid=1 HTTP/1.1" 200 2771 www.janebushell.co.uk "http://www.janebushell.co.uk/yapig-0.95b/view.php?hit=yes&gid=9" "Mozilla/5.0 (Linux; Android 7.0;) AppleWebKit/537.36 (KHTML, like Gecko) Mobile Safari/537.36 (compatible; PetalBot;+https://webmaster.petalsearch.com/site/petalbot)" "-"
54.38.147.0 - - [10/Jan/2026:09:39:49 +0100] "GET /gallery-broon/view.php?gid=48&phid=2 HTTP/1.1" 200 4391 www.broon.co.uk "-" "Mozilla/5.0 (compatible; AhrefsBot/7.0; +http://ahrefs.com/robot/)" "-"
114.119.143.0 - - [10/Jan/2026:09:40:51 +0100] "GET /gallery-broon/slideshow?gid=57&phid=11 HTTP/1.1" 200 2860 www.broon.co.uk "http://www.broon.co.uk/gallery-broon/view.php?gid=57&phid=11" "Mozilla/5.0 (Linux; Android 7.0;) AppleWebKit/537.36 (KHTML, like Gecko) Mobile Safari/537.36 (compatible; PetalBot;+https://webmaster.petalsearch.com/site/petalbot)" "-"
198.244.168.0 - - [10/Jan/2026:09:41:10 +0100] "GET /gallery-broon/view.php?gid=52&phid=6 HTTP/1.1" 200 4477 broon.co.uk "-" "Mozilla/5.0 (compatible; AhrefsBot/7.0; +http://ahrefs.com/robot/)" "-"
69.4.95.0 - - [10/Jan/2026:09:41:44 +0100] "GET /messageboard/msg/42.html HTTP/1.1" 200 5017 janebushell.co.uk "http://janebushell.co.uk/" "Mozilla/5.0 (Windows NT 10.0; Win64; x64) AppleWebKit/537.36 (KHTML, like Gecko) Chrome/114.0.0.0 Safari/537.36 Edg/114.0.1264.71" "-"
69.4.95.0 - - [10/Jan/2026:09:41:48 +0100] "GET /messageboard/msg/42.html HTTP/1.1" 200 5017 janebushell.co.uk "http://janebushell.co.uk/messageboard/msg/42.html" "Mozilla/5.0 (Windows NT 10.0; Win64; x64) AppleWebKit/537.36 (KHTML, like Gecko) Chrome/114.0.0.0 Safari/537.36 Edg/114.0.1264.71" "-"
51.195.215.0 - - [10/Jan/2026:09:42:32 +0100] "GET /gallery-broon/view.php?gid=69&phid=26 HTTP/1.1" 200 4441 broon.co.uk "-" "Mozilla/5.0 (compatible; AhrefsBot/7.0; +http://ahrefs.com/robot/)" "-"
198.244.242.0 - - [10/Jan/2026:09:42:42 +0100] "GET /gallery-usa/index.php HTTP/1.1" 200 4923 www.janebushell.co.uk "-" "Mozilla/5.0 (compatible; AhrefsBot/7.0; +http://ahrefs.com/robot/)" "-"
114.119.143.0 - - [10/Jan/2026:09:42:58 +0100] "GET /gallery-broon/slideshow?gid=56&phid=9 HTTP/1.1" 200 2857 www.broon.co.uk "http://www.broon.co.uk/gallery-broon/view.php?gid=56&phid=9" "Mozilla/5.0 (Linux; Android 7.0;) AppleWebKit/537.36 (KHTML, like Gecko) Mobile Safari/537.36 (compatible; PetalBot;+https://webmaster.petalsearch.com/site/petalbot)" "-"
51.89.129.0 - - [10/Jan/2026:09:43:46 +0100] "GET /gallery-broon/view.php?gid=41&phid=14 HTTP/1.1" 200 4433 broon.co.uk "-" "Mozilla/5.0 (compatible; AhrefsBot/7.0; +http://ahrefs.com/robot/)" "-"
198.244.240.0 - - [10/Jan/2026:09:45:03 +0100] "GET /gallery-broon/view.php?gid=69&page=5 HTTP/1.1" 200 16321 www.broon.co.uk "-" "Mozilla/5.0 (compatible; AhrefsBot/7.0; +http://ahrefs.com/robot/)" "-"
114.119.143.0 - - [10/Jan/2026:09:45:04 +0100] "GET /gallery-broon/slideshow?gid=55&phid=35 HTTP/1.1" 200 2876 www.broon.co.uk "http://www.broon.co.uk/gallery-broon/view.php?gid=55&phid=35" "Mozilla/5.0 (Linux; Android 7.0;) AppleWebKit/537.36 (KHTML, like Gecko) Mobile Safari/537.36 (compatible; PetalBot;+https://webmaster.petalsearch.com/site/petalbot)" "-"
51.195.183.0 - - [10/Jan/2026:09:46:16 +0100] "GET /gallery-broon/view.php?gid=52&phid=4 HTTP/1.1" 200 4477 broon.co.uk "-" "Mozilla/5.0 (compatible; AhrefsBot/7.0; +http://ahrefs.com/robot/)" "-"
51.89.129.0 - - [10/Jan/2026:09:46:34 +0100] "GET /yapig-0.95b/view.php?hit=yes&gid=25 HTTP/1.1" 302 - www.janebushell.co.uk "-" "Mozilla/5.0 (compatible; AhrefsBot/7.0; +http://ahrefs.com/robot/)" "-"
114.119.157.0 - - [10/Jan/2026:09:47:11 +0100] "GET /gallery-broon/slideshow?gid=55&phid=31 HTTP/1.1" 200 2876 www.broon.co.uk "http://www.broon.co.uk/gallery-broon/view.php?gid=55&phid=31" "Mozilla/5.0 (Linux; Android 7.0;) AppleWebKit/537.36 (KHTML, like Gecko) Mobile Safari/537.36 (compatible; PetalBot;+https://webmaster.petalsearch.com/site/petalbot)" "-"
198.244.183.0 - - [10/Jan/2026:09:47:42 +0100] "GET /gallery-broon/view.php?gid=55&phid=56 HTTP/1.1" 200 4556 broon.co.uk "-" "Mozilla/5.0 (compatible; AhrefsBot/7.0; +http://ahrefs.com/robot/)" "-"
114.119.155.0 - - [10/Jan/2026:09:48:04 +0100] "GET /yapig-0.95b/slideshow.php?gid=8&interval=5&phid=5 HTTP/1.1" 200 2639 www.janebushell.co.uk "http://www.janebushell.co.uk/yapig-0.95b/view.php?gid=8&phid=3" "Mozilla/5.0 (Linux; Android 7.0;) AppleWebKit/537.36 (KHTML, like Gecko) Mobile Safari/537.36 (compatible; PetalBot;+https://webmaster.petalsearch.com/site/petalbot)" "-"
51.195.183.0 - - [10/Jan/2026:09:49:02 +0100] "GET /gallery-broon/view.php?gid=65&phid=127 HTTP/1.1" 200 4433 broon.co.uk "-" "Mozilla/5.0 (compatible; AhrefsBot/7.0; +http://ahrefs.com/robot/)" "-"
114.119.139.0 - - [10/Jan/2026:09:49:18 +0100] "GET /gallery-broon/slideshow?gid=51&phid=2 HTTP/1.1" 200 2829 www.broon.co.uk "http://www.broon.co.uk/gallery-broon/view.php?gid=51&phid=2" "Mozilla/5.0 (Linux; Android 7.0;) AppleWebKit/537.36 (KHTML, like Gecko) Mobile Safari/537.36 (compatible; PetalBot;+https://webmaster.petalsearch.com/site/petalbot)" "-"
51.195.183.0 - - [10/Jan/2026:09:50:20 +0100] "GET /gallery-broon/view.php?gid=65&phid=174 HTTP/1.1" 200 4463 www.broon.co.uk "-" "Mozilla/5.0 (compatible; AhrefsBot/7.0; +http://ahrefs.com/robot/)" "-"
198.244.226.0 - - [10/Jan/2026:09:51:01 +0100] "GET /gallery-sa2007/slideshow?gid=39&phid=2 HTTP/1.1" 200 2849 www.janebushell.co.uk "-" "Mozilla/5.0 (compatible; AhrefsBot/7.0; +http://ahrefs.com/robot/)" "-"
114.119.157.0 - - [10/Jan/2026:09:51:25 +0100] "GET /gallery-broon/slideshow.php?gid=69&interval=5&phid=94 HTTP/1.1" 200 2764 www.broon.co.uk "http://www.broon.co.uk/gallery-broon/view.php?gid=69&phid=91" "Mozilla/5.0 (Linux; Android 7.0;) AppleWebKit/537.36 (KHTML, like Gecko) Mobile Safari/537.36 (compatible; PetalBot;+https://webmaster.petalsearch.com/site/petalbot)" "-"
51.195.183.0 - - [10/Jan/2026:09:51:30 +0100] "GET /gallery-broon/view.php?gid=46&phid=1 HTTP/1.1" 200 4418 broon.co.uk "-" "Mozilla/5.0 (compatible; AhrefsBot/7.0; +http://ahrefs.com/robot/)" "-"
51.195.244.0 - - [10/Jan/2026:09:52:42 +0100] "GET /gallery-broon/view.php?gid=52&phid=5 HTTP/1.1" 200 4477 broon.co.uk "-" "Mozilla/5.0 (compatible; AhrefsBot/7.0; +http://ahrefs.com/robot/)" "-"
114.119.143.0 - - [10/Jan/2026:09:53:41 +0100] "GET /gallery-broon/slideshow.php?gid=69&interval=5&phid=70 HTTP/1.1" 200 2764 www.broon.co.uk "http://www.broon.co.uk/gallery-broon/view.php?gid=69&phid=67" "Mozilla/5.0 (Linux; Android 7.0;) AppleWebKit/537.36 (KHTML, like Gecko) Mobile Safari/537.36 (compatible; PetalBot;+https://webmaster.petalsearch.com/site/petalbot)" "-"
54.38.147.0 - - [10/Jan/2026:09:53:56 +0100] "GET /gallery-broon/slideshow?gid=69&phid=1 HTTP/1.1" 200 2853 broon.co.uk "-" "Mozilla/5.0 (compatible; AhrefsBot/7.0; +http://ahrefs.com/robot/)" "-"
213.180.203.0 - - [10/Jan/2026:09:54:29 +0100] "GET /yapig-0.95b/view.php?hit=yes&gid=5 HTTP/1.1" 429 227 janebushell.co.uk "-" "Mozilla/5.0 (compatible; YandexBot/3.0; +http://yandex.com/bots)" "-"
51.195.183.0 - - [10/Jan/2026:09:55:03 +0100] "GET /gallery-broon/view.php?gid=58 HTTP/1.1" 200 17669 www.broon.co.uk "-" "Mozilla/5.0 (compatible; AhrefsBot/7.0; +http://ahrefs.com/robot/)" "-"
51.195.183.0 - - [10/Jan/2026:09:55:25 +0100] "GET /gallery-galap/view.php?gid=38&page=4 HTTP/1.1" 200 3899 www.janebushell.co.uk "-" "Mozilla/5.0 (compatible; AhrefsBot/7.0; +http://ahrefs.com/robot/)" "-"
114.119.155.0 - - [10/Jan/2026:09:55:40 +0100] "GET /gallery-broon/slideshow.php?gid=69&interval=5&phid=52 HTTP/1.1" 200 2764 www.broon.co.uk "-" "Mozilla/5.0 (Linux; Android 7.0;) AppleWebKit/537.36 (KHTML, like Gecko) Mobile Safari/537.36 (compatible; PetalBot;+https://webmaster.petalsearch.com/site/petalbot)" "-"
54.38.147.0 - - [10/Jan/2026:09:56:16 +0100] "GET /gallery-broon/view.php?gid=69&phid=25 HTTP/1.1" 200 4440 broon.co.uk "-" "Mozilla/5.0 (compatible; AhrefsBot/7.0; +http://ahrefs.com/robot/)" "-"
114.119.152.0 - - [10/Jan/2026:09:57:13 +0100] "GET /yapig-0.95b/slideshow.php?gid=8&interval=5&phid=3 HTTP/1.1" 200 2787 www.janebushell.co.uk "-" "Mozilla/5.0 (Linux; Android 7.0;) AppleWebKit/537.36 (KHTML, like Gecko) Mobile Safari/537.36 (compatible; PetalBot;+https://webmaster.petalsearch.com/site/petalbot)" "-"
198.244.183.0 - - [10/Jan/2026:09:57:38 +0100] "GET /gallery-broon/view.php?gid=65&phid=210 HTTP/1.1" 200 4461 www.broon.co.uk "-" "Mozilla/5.0 (compatible; AhrefsBot/7.0; +http://ahrefs.com/robot/)" "-"
109.177.67.0 - - [10/Jan/2026:09:57:46 +0100] "GET /gallery-broon/view.php?gid=51&phid=2 HTTP/1.1" 200 4445 www.broon.co.uk "-" "Mozilla/5.0 (Windows NT 6.3; WOW64) AppleWebKit/537.36 (KHTML, like Gecko) Chrome/75.0.3770.100 ADG/11.0.2566 AOLBUILD/11.0.2566 Safari/537.36" "-"
114.119.143.0 - - [10/Jan/2026:09:57:54 +0100] "GET /gallery-broon/slideshow.php?gid=69&interval=5&phid=50 HTTP/1.1" 200 2764 www.broon.co.uk "http://www.broon.co.uk/gallery-broon/view.php?gid=69&phid=47" "Mozilla/5.0 (Linux; Android 7.0;) AppleWebKit/537.36 (KHTML, like Gecko) Mobile Safari/537.36 (compatible; PetalBot;+https://webmaster.petalsearch.com/site/petalbot)" "-"
51.195.244.0 - - [10/Jan/2026:09:58:51 +0100] "GET /gallery-broon/view.php?gid=59&phid=14 HTTP/1.1" 200 4629 www.broon.co.uk "-" "Mozilla/5.0 (compatible; AhrefsBot/7.0; +http://ahrefs.com/robot/)" "-"
198.244.226.0 - - [10/Jan/2026:09:59:42 +0100] "GET /yapig-0.95b/view.php?hit=yes&gid=23 HTTP/1.1" 302 - www.janebushell.co.uk "-" "Mozilla/5.0 (compatible; AhrefsBot/7.0; +http://ahrefs.com/robot/)" "-"
114.119.135.0 - - [10/Jan/2026:09:59:53 +0100] "GET /gallery-broon/slideshow.php?gid=69&interval=5&phid=37 HTTP/1.1" 200 2764 www.broon.co.uk "http://www.broon.co.uk/gallery-broon/view.php?gid=69&phid=34" "Mozilla/5.0 (Linux; Android 7.0;) AppleWebKit/537.36 (KHTML, like Gecko) Mobile Safari/537.36 (compatible; PetalBot;+https://webmaster.petalsearch.com/site/petalbot)" "-"
51.195.215.0 - - [10/Jan/2026:10:00:11 +0100] "GET /gallery-broon/slideshow?gid=66&phid=61 HTTP/1.1" 200 2826 broon.co.uk "-" "Mozilla/5.0 (compatible; AhrefsBot/7.0; +http://ahrefs.com/robot/)" "-"
51.195.244.0 - - [10/Jan/2026:10:01:21 +0100] "GET /gallery-broon/view.php?gid=48&phid=6 HTTP/1.1" 200 4382 www.broon.co.uk "-" "Mozilla/5.0 (compatible; AhrefsBot/7.0; +http://ahrefs.com/robot/)" "-"
114.119.147.0 - - [10/Jan/2026:10:02:00 +0100] "GET /gallery-broon/slideshow.php?gid=69&interval=5&phid=158 HTTP/1.1" 200 2767 www.broon.co.uk "http://www.broon.co.uk/gallery-broon/view.php?gid=69&phid=155" "Mozilla/5.0 (Linux; Android 7.0;) AppleWebKit/537.36 (KHTML, like Gecko) Mobile Safari/537.36 (compatible; PetalBot;+https://webmaster.petalsearch.com/site/petalbot)" "-"
66.249.66.0 - - [10/Jan/2026:10:02:24 +0100] "GET /robots.txt HTTP/1.1" 404 1271 janebushell.co.uk "-" "Mozilla/5.0 (compatible; Googlebot/2.1; +http://www.google.com/bot.html)" "-"
87.250.224.0 - - [10/Jan/2026:10:02:24 +0100] "GET /yapig-0.95b/slideshow?gid=4&phid=2 HTTP/1.1" 429 227 janebushell.co.uk "-" "Mozilla/5.0 (compatible; YandexBot/3.0; +http://yandex.com/bots)" "-"
198.244.242.0 - - [10/Jan/2026:10:02:35 +0100] "GET /gallery-broon/view.php?gid=59&phid=16 HTTP/1.1" 200 4480 www.broon.co.uk "-" "Mozilla/5.0 (compatible; AhrefsBot/7.0; +http://ahrefs.com/robot/)" "-"
213.180.203.0 - - [10/Jan/2026:10:02:50 +0100] "GET /gallery-broon/slideshow?gid=69&phid=18 HTTP/1.1" 429 227 broon.co.uk "-" "Mozilla/5.0 (compatible; YandexBot/3.0; +http://yandex.com/bots)" "-"
157.66.54.0 - - [10/Jan/2026:10:03:37 +0100] "GET /gallery-misc/index.php HTTP/1.1" 200 9498 www.janebushell.co.uk "http://www.janebushell.co.uk/" "Mozilla/5.0 (Macintosh; Intel Mac OS X 12_5) AppleWebKit/537.36 (KHTML, like Gecko) Chrome/114.0.0.0 Safari/537.36" "-"
157.66.54.0 - - [10/Jan/2026:10:03:38 +0100] "GET /gallery-misc/view.php?hit=yes&gid=37 HTTP/1.1" 302 - www.janebushell.co.uk "http://www.janebushell.co.uk/gallery-misc/index.php" "Mozilla/5.0 (Macintosh; Intel Mac OS X 12_5) AppleWebKit/537.36 (KHTML, like Gecko) Chrome/114.0.0.0 Safari/537.36" "-"
157.66.54.0 - - [10/Jan/2026:10:03:38 +0100] "GET /gallery-misc/view.php?gid=37 HTTP/1.1" 200 5745 www.janebushell.co.uk "http://www.janebushell.co.uk/gallery-misc/view.php?hit=yes&gid=37" "Mozilla/5.0 (Macintosh; Intel Mac OS X 12_5) AppleWebKit/537.36 (KHTML, like Gecko) Chrome/114.0.0.0 Safari/537.36" "-"
51.195.244.0 - - [10/Jan/2026:10:03:55 +0100] "GET /yapig-0.95b/view.php?gid=31&phid=1 HTTP/1.1" 200 4428 www.janebushell.co.uk "-" "Mozilla/5.0 (compatible; AhrefsBot/7.0; +http://ahrefs.com/robot/)" "-"
51.195.244.0 - - [10/Jan/2026:10:03:57 +0100] "GET /gallery-broon/slideshow?gid=66&phid=63 HTTP/1.1" 200 2826 broon.co.uk "-" "Mozilla/5.0 (compatible; AhrefsBot/7.0; +http://ahrefs.com/robot/)" "-"
114.119.157.0 - - [10/Jan/2026:10:04:06 +0100] "GET /gallery-broon/slideshow.php?gid=69&interval=5&phid=104 HTTP/1.1" 200 2767 www.broon.co.uk "http://www.broon.co.uk/gallery-broon/view.php?gid=69&phid=100" "Mozilla/5.0 (Linux; Android 7.0;) AppleWebKit/537.36 (KHTML, like Gecko) Mobile Safari/537.36 (compatible; PetalBot;+https://webmaster.petalsearch.com/site/petalbot)" "-"
51.89.129.0 - - [10/Jan/2026:10:05:06 +0100] "GET /gallery-broon/slideshow?gid=66&phid=64 HTTP/1.1" 200 2826 broon.co.uk "-" "Mozilla/5.0 (compatible; AhrefsBot/7.0; +http://ahrefs.com/robot/)" "-"
114.119.135.0 - - [10/Jan/2026:10:06:13 +0100] "GET /gallery-broon/slideshow.php?gid=66&interval=5&phid=99 HTTP/1.1" 200 2828 www.broon.co.uk "http://www.broon.co.uk/gallery-broon/view.php?gid=66&phid=95" "Mozilla/5.0 (Linux; Android 7.0;) AppleWebKit/537.36 (KHTML, like Gecko) Mobile Safari/537.36 (compatible; PetalBot;+https://webmaster.petalsearch.com/site/petalbot)" "-"
198.244.240.0 - - [10/Jan/2026:10:06:17 +0100] "GET /gallery-broon/view.php?gid=65&phid=224 HTTP/1.1" 200 4460 www.broon.co.uk "-" "Mozilla/5.0 (compatible; AhrefsBot/7.0; +http://ahrefs.com/robot/)" "-"
114.119.152.0 - - [10/Jan/2026:10:06:23 +0100] "GET /yapig-0.95b/slideshow.php?gid=7&interval=5&phid=8 HTTP/1.1" 200 2831 www.janebushell.co.uk "-" "Mozilla/5.0 (Linux; Android 7.0;) AppleWebKit/537.36 (KHTML, like Gecko) Mobile Safari/537.36 (compatible; PetalBot;+https://webmaster.petalsearch.com/site/petalbot)" "-"
198.244.168.0 - - [10/Jan/2026:10:07:25 +0100] "GET /gallery-broon/slideshow?gid=43&phid=13 HTTP/1.1" 200 2773 broon.co.uk "-" "Mozilla/5.0 (compatible; AhrefsBot/7.0; +http://ahrefs.com/robot/)" "-"
198.244.183.0 - - [10/Jan/2026:10:07:56 +0100] "GET /gallery-galap/slideshow?gid=38&phid=51 HTTP/1.1" 200 2776 www.janebushell.co.uk "-" "Mozilla/5.0 (compatible; AhrefsBot/7.0; +http://ahrefs.com/robot/)" "-"
114.119.147.0 - - [10/Jan/2026:10:08:19 +0100] "GET /gallery-broon/slideshow.php?gid=66&interval=5&phid=96 HTTP/1.1" 200 2826 www.broon.co.uk "http://www.broon.co.uk/gallery-broon/view.php?gid=66&phid=92" "Mozilla/5.0 (Linux; Android 7.0;) AppleWebKit/537.36 (KHTML, like Gecko) Mobile Safari/537.36 (compatible; PetalBot;+https://webmaster.petalsearch.com/site/petalbot)" "-"
43.173.175.0 - - [10/Jan/2026:10:08:20 +0100] "GET /gallery-galap/view.php?gid=38&page=2 HTTP/1.1" 200 13698 www.janebushell.co.uk "-" "Mozilla/5.0 (Windows NT 10.0; Win64; x64) AppleWebKit/537.36 (KHTML, like Gecko) Chrome/133.0.0.0 Safari/537.36" "-"
51.195.183.0 - - [10/Jan/2026:10:08:40 +0100] "GET /gallery-broon/slideshow?gid=64&phid=26 HTTP/1.1" 200 2787 www.broon.co.uk "-" "Mozilla/5.0 (compatible; AhrefsBot/7.0; +http://ahrefs.com/robot/)" "-"
159.89.236.0 - - [10/Jan/2026:10:08:45 +0100] "GET /gallery-galap/photos/galapagos/t_resized_IMG_0300.jpg HTTP/1.1" 200 5806 www.janebushell.co.uk "http://www.janebushell.co.uk/" "Mozilla/5.0 (Windows NT 10.0; Win64; x64) AppleWebKit/537.36 (KHTML, like Gecko) Chrome/108.0.0.0 Safari/537.36" "-"
159.89.236.0 - - [10/Jan/2026:10:08:45 +0100] "GET /gallery-galap/photos/galapagos/t_resized_IMG_0282.jpg HTTP/1.1" 200 5856 www.janebushell.co.uk "http://www.janebushell.co.uk/" "Mozilla/5.0 (Windows NT 10.0; Win64; x64) AppleWebKit/537.36 (KHTML, like Gecko) Chrome/108.0.0.0 Safari/537.36" "-"
137.184.206.0 - - [10/Jan/2026:10:08:45 +0100] "GET /gallery-galap/photos/galapagos/t_resized_IMG_0324.jpg HTTP/1.1" 200 3347 www.janebushell.co.uk "http://www.janebushell.co.uk/" "Mozilla/5.0 (Windows NT 10.0; Win64; x64) AppleWebKit/537.36 (KHTML, like Gecko) Chrome/108.0.0.0 Safari/537.36" "-"
137.184.206.0 - - [10/Jan/2026:10:08:45 +0100] "GET /gallery-galap/photos/galapagos/t_resized_IMG_0304.jpg HTTP/1.1" 200 5425 www.janebushell.co.uk "http://www.janebushell.co.uk/" "Mozilla/5.0 (Windows NT 10.0; Win64; x64) AppleWebKit/537.36 (KHTML, like Gecko) Chrome/108.0.0.0 Safari/537.36" "-"
167.99.6.0 - - [10/Jan/2026:10:08:45 +0100] "GET /gallery-galap/photos/galapagos/t_resized_IMG_0302.jpg HTTP/1.1" 200 4895 www.janebushell.co.uk "http://www.janebushell.co.uk/" "Mozilla/5.0 (Windows NT 10.0; Win64; x64) AppleWebKit/537.36 (KHTML, like Gecko) Chrome/108.0.0.0 Safari/537.36" "-"
192.241.143.0 - - [10/Jan/2026:10:08:45 +0100] "GET /gallery-galap/photos/galapagos/t_resized_IMG_0288.jpg HTTP/1.1" 200 5502 www.janebushell.co.uk "http://www.janebushell.co.uk/" "Mozilla/5.0 (Windows NT 10.0; Win64; x64) AppleWebKit/537.36 (KHTML, like Gecko) Chrome/108.0.0.0 Safari/537.36" "-"
167.99.6.0 - - [10/Jan/2026:10:08:45 +0100] "GET /gallery-galap/photos/galapagos/t_resized_IMG_0275.jpg HTTP/1.1" 200 3242 www.janebushell.co.uk "http://www.janebushell.co.uk/" "Mozilla/5.0 (Windows NT 10.0; Win64; x64) AppleWebKit/537.36 (KHTML, like Gecko) Chrome/108.0.0.0 Safari/537.36" "-"
192.241.143.0 - - [10/Jan/2026:10:08:45 +0100] "GET /gallery-galap/photos/galapagos/t_resized_IMG_0303.jpg HTTP/1.1" 200 3104 www.janebushell.co.uk "http://www.janebushell.co.uk/" "Mozilla/5.0 (Windows NT 10.0; Win64; x64) AppleWebKit/537.36 (KHTML, like Gecko) Chrome/108.0.0.0 Safari/537.36" "-"
134.122.23.0 - - [10/Jan/2026:10:08:45 +0100] "GET /gallery-galap/photos/galapagos/t_resized_IMG_0312.jpg HTTP/1.1" 200 6282 www.janebushell.co.uk "http://www.janebushell.co.uk/" "Mozilla/5.0 (Windows NT 10.0; Win64; x64) AppleWebKit/537.36 (KHTML, like Gecko) Chrome/108.0.0.0 Safari/537.36" "-"
137.184.197.0 - - [10/Jan/2026:10:08:45 +0100] "GET /gallery-galap/photos/galapagos/t_resized_IMG_0320.jpg HTTP/1.1" 200 3852 www.janebushell.co.uk "http://www.janebushell.co.uk/" "Mozilla/5.0 (Windows NT 10.0; Win64; x64) AppleWebKit/537.36 (KHTML, like Gecko) Chrome/108.0.0.0 Safari/537.36" "-"
198.199.78.0 - - [10/Jan/2026:10:08:46 +0100] "GET /gallery-galap/photos/galapagos/t_resized_IMG_0301.jpg HTTP/1.1" 200 3902 www.janebushell.co.uk "http://www.janebushell.co.uk/" "Mozilla/5.0 (Windows NT 10.0; Win64; x64) AppleWebKit/537.36 (KHTML, like Gecko) Chrome/108.0.0.0 Safari/537.36" "-"
165.22.190.0 - - [10/Jan/2026:10:08:46 +0100] "GET /gallery-galap/photos/galapagos/t_resized_IMG_0307.jpg HTTP/1.1" 200 3506 www.janebushell.co.uk "http://www.janebushell.co.uk/" "Mozilla/5.0 (Windows NT 10.0; Win64; x64) AppleWebKit/537.36 (KHTML, like Gecko) Chrome/108.0.0.0 Safari/537.36" "-"
142.93.207.0 - - [10/Jan/2026:10:08:46 +0100] "GET /gallery-galap/photos/galapagos/t_resized_IMG_0318.jpg HTTP/1.1" 200 2661 www.janebushell.co.uk "http://www.janebushell.co.uk/" "Mozilla/5.0 (Windows NT 10.0; Win64; x64) AppleWebKit/537.36 (KHTML, like Gecko) Chrome/108.0.0.0 Safari/537.36" "-"
165.22.190.0 - - [10/Jan/2026:10:08:46 +0100] "GET /gallery-galap/photos/galapagos/t_resized_IMG_0285.jpg HTTP/1.1" 200 6005 www.janebushell.co.uk "http://www.janebushell.co.uk/" "Mozilla/5.0 (Windows NT 10.0; Win64; x64) AppleWebKit/537.36 (KHTML, like Gecko) Chrome/108.0.0.0 Safari/537.36" "-"
159.223.176.0 - - [10/Jan/2026:10:08:46 +0100] "GET /gallery-galap/photos/galapagos/t_resized_IMG_0297.jpg HTTP/1.1" 200 4848 www.janebushell.co.uk "http://www.janebushell.co.uk/" "Mozilla/5.0 (Windows NT 10.0; Win64; x64) AppleWebKit/537.36 (KHTML, like Gecko) Chrome/108.0.0.0 Safari/537.36" "-"
142.93.207.0 - - [10/Jan/2026:10:08:46 +0100] "GET /gallery-galap/photos/galapagos/t_resized_IMG_0290.jpg HTTP/1.1" 200 7012 www.janebushell.co.uk "http://www.janebushell.co.uk/" "Mozilla/5.0 (Windows NT 10.0; Win64; x64) AppleWebKit/537.36 (KHTML, like Gecko) Chrome/108.0.0.0 Safari/537.36" "-"
24.144.97.0 - - [10/Jan/2026:10:08:46 +0100] "GET /gallery-galap/photos/galapagos/t_resized_IMG_0326.jpg HTTP/1.1" 200 2785 www.janebushell.co.uk "http://www.janebushell.co.uk/" "Mozilla/5.0 (Windows NT 10.0; Win64; x64) AppleWebKit/537.36 (KHTML, like Gecko) Chrome/108.0.0.0 Safari/537.36" "-"
206.189.205.0 - - [10/Jan/2026:10:08:46 +0100] "GET /gallery-galap/photos/galapagos/t_resized_IMG_0292.jpg HTTP/1.1" 200 5969 www.janebushell.co.uk "http://www.janebushell.co.uk/" "Mozilla/5.0 (Windows NT 10.0; Win64; x64) AppleWebKit/537.36 (KHTML, like Gecko) Chrome/108.0.0.0 Safari/537.36" "-"
137.184.207.0 - - [10/Jan/2026:10:08:46 +0100] "GET /gallery-galap/photos/galapagos/t_resized_IMG_0305.jpg HTTP/1.1" 200 5830 www.janebushell.co.uk "http://www.janebushell.co.uk/" "Mozilla/5.0 (Windows NT 10.0; Win64; x64) AppleWebKit/537.36 (KHTML, like Gecko) Chrome/108.0.0.0 Safari/537.36" "-"
198.244.240.0 - - [10/Jan/2026:10:09:56 +0100] "GET /gallery-broon/slideshow?gid=71&phid=32 HTTP/1.1" 200 2730 broon.co.uk "-" "Mozilla/5.0 (compatible; AhrefsBot/7.0; +http://ahrefs.com/robot/)" "-"
114.119.135.0 - - [10/Jan/2026:10:10:26 +0100] "GET /gallery-broon/slideshow.php?gid=66&interval=5&phid=95 HTTP/1.1" 200 2826 www.broon.co.uk "http://www.broon.co.uk/gallery-broon/view.php?gid=66&phid=91" "Mozilla/5.0 (Linux; Android 7.0;) AppleWebKit/537.36 (KHTML, like Gecko) Mobile Safari/537.36 (compatible; PetalBot;+https://webmaster.petalsearch.com/site/petalbot)" "-"
213.180.203.0 - - [10/Jan/2026:10:10:32 +0100] "GET /robots.txt HTTP/1.1" 429 227 broon.co.uk "-" "Mozilla/5.0 (compatible; YandexBot/3.0; +http://yandex.com/bots)" "-"
51.195.215.0 - - [10/Jan/2026:10:10:58 +0100] "GET /gallery-broon/slideshow?gid=43&phid=3 HTTP/1.1" 200 2800 broon.co.uk "-" "Mozilla/5.0 (compatible; AhrefsBot/7.0; +http://ahrefs.com/robot/)" "-"
34.196.114.0 - - [10/Jan/2026:10:11:14 +0100] "GET /index.html HTTP/1.1" 200 10533 broon.co.uk "-" "Mozilla/5.0 AppleWebKit/537.36 (KHTML, like Gecko; compatible; Amazonbot/0.1; +https://developer.amazon.com/support/amazonbot) Chrome/119.0.6045.214 Safari/537.36" "-"
51.195.183.0 - - [10/Jan/2026:10:11:47 +0100] "GET /yapig-0.95b/slideshow?gid=18&phid=7 HTTP/1.1" 200 2803 www.janebushell.co.uk "-" "Mozilla/5.0 (compatible; AhrefsBot/7.0; +http://ahrefs.com/robot/)" "-"
51.195.215.0 - - [10/Jan/2026:10:11:54 +0100] "GET /gallery-broon/slideshow?gid=55&phid=27 HTTP/1.1" 200 3005 www.broon.co.uk "-" "Mozilla/5.0 (compatible; AhrefsBot/7.0; +http://ahrefs.com/robot/)" "-"
114.119.135.0 - - [10/Jan/2026:10:12:33 +0100] "GET /gallery-broon/slideshow.php?gid=66&interval=5&phid=71 HTTP/1.1" 200 2826 www.broon.co.uk "http://www.broon.co.uk/gallery-broon/view.php?gid=66&phid=67" "Mozilla/5.0 (Linux; Android 7.0;) AppleWebKit/537.36 (KHTML, like Gecko) Mobile Safari/537.36 (compatible; PetalBot;+https://webmaster.petalsearch.com/site/petalbot)" "-"
198.244.226.0 - - [10/Jan/2026:10:13:03 +0100] "GET /gallery-broon/view.php?gid=55&phid=66 HTTP/1.1" 200 4434 broon.co.uk "-" "Mozilla/5.0 (compatible; AhrefsBot/7.0; +http://ahrefs.com/robot/)" "-"
54.38.147.0 - - [10/Jan/2026:10:14:19 +0100] "GET /gallery-broon/view.php?gid=65&phid=113 HTTP/1.1" 200 4433 www.broon.co.uk "-" "Mozilla/5.0 (compatible; AhrefsBot/7.0; +http://ahrefs.com/robot/)" "-"
114.119.157.0 - - [10/Jan/2026:10:14:40 +0100] "GET /gallery-broon/slideshow.php?gid=66&interval=5&phid=57 HTTP/1.1" 200 2826 www.broon.co.uk "http://www.broon.co.uk/gallery-broon/view.php?gid=66&phid=54" "Mozilla/5.0 (Linux; Android 7.0;) AppleWebKit/537.36 (KHTML, like Gecko) Mobile Safari/537.36 (compatible; PetalBot;+https://webmaster.petalsearch.com/site/petalbot)" "-"
198.244.183.0 - - [10/Jan/2026:10:15:24 +0100] "GET /gallery-broon/view.php?gid=65&phid=221 HTTP/1.1" 200 4526 www.broon.co.uk "-" "Mozilla/5.0 (compatible; AhrefsBot/7.0; +http://ahrefs.com/robot/)" "-"
114.119.148.0 - - [10/Jan/2026:10:15:34 +0100] "GET /yapig-0.95b/slideshow.php?gid=7&interval=5&phid=5 HTTP/1.1" 200 2815 www.janebushell.co.uk "-" "Mozilla/5.0 (Linux; Android 7.0;) AppleWebKit/537.36 (KHTML, like Gecko) Mobile Safari/537.36 (compatible; PetalBot;+https://webmaster.petalsearch.com/site/petalbot)" "-"
198.244.168.0 - - [10/Jan/2026:10:16:01 +0100] "GET /yapig-0.95b/slideshow?gid=24&phid=1 HTTP/1.1" 200 2758 www.janebushell.co.uk "-" "Mozilla/5.0 (compatible; AhrefsBot/7.0; +http://ahrefs.com/robot/)" "-"
51.195.244.0 - - [10/Jan/2026:10:16:22 +0100] "GET /gallery-broon/view.php?gid=66&phid=3 HTTP/1.1" 200 4500 broon.co.uk "-" "Mozilla/5.0 (compatible; AhrefsBot/7.0; +http://ahrefs.com/robot/)" "-"
114.119.155.0 - - [10/Jan/2026:10:16:47 +0100] "GET /gallery-broon/slideshow.php?gid=66&interval=5&phid=32 HTTP/1.1" 200 2826 www.broon.co.uk "http://www.broon.co.uk/gallery-broon/view.php?gid=66&phid=28" "Mozilla/5.0 (Linux; Android 7.0;) AppleWebKit/537.36 (KHTML, like Gecko) Mobile Safari/537.36 (compatible; PetalBot;+https://webmaster.petalsearch.com/site/petalbot)" "-"
54.38.147.0 - - [10/Jan/2026:10:17:24 +0100] "GET /gallery-broon/view.php?gid=44&phid=84 HTTP/1.1" 200 4512 www.broon.co.uk "-" "Mozilla/5.0 (compatible; AhrefsBot/7.0; +http://ahrefs.com/robot/)" "-"
51.195.244.0 - - [10/Jan/2026:10:18:34 +0100] "GET /gallery-broon/view.php?gid=65&phid=223 HTTP/1.1" 200 4461 www.broon.co.uk "-" "Mozilla/5.0 (compatible; AhrefsBot/7.0; +http://ahrefs.com/robot/)" "-"
114.119.143.0 - - [10/Jan/2026:10:18:53 +0100] "GET /gallery-broon/slideshow.php?gid=66&interval=5&phid=21 HTTP/1.1" 200 2826 www.broon.co.uk "http://www.broon.co.uk/gallery-broon/view.php?gid=66&phid=17" "Mozilla/5.0 (Linux; Android 7.0;) AppleWebKit/537.36 (KHTML, like Gecko) Mobile Safari/537.36 (compatible; PetalBot;+https://webmaster.petalsearch.com/site/petalbot)" "-"
213.180.203.0 - - [10/Jan/2026:10:19:18 +0100] "GET /yapig-0.95b/view.php?gid=34&phid=9 HTTP/1.1" 429 227 janebushell.co.uk "-" "Mozilla/5.0 (compatible; YandexBot/3.0; +http://yandex.com/bots)" "-"
198.244.240.0 - - [10/Jan/2026:10:19:44 +0100] "GET /gallery-broon/view.php?gid=54&phid=11 HTTP/1.1" 200 4463 broon.co.uk "-" "Mozilla/5.0 (compatible; AhrefsBot/7.0; +http://ahrefs.com/robot/)" "-"
198.244.183.0 - - [10/Jan/2026:10:20:03 +0100] "GET /yapig-0.95b/slideshow?gid=28&phid=21 HTTP/1.1" 200 2774 www.janebushell.co.uk "-" "Mozilla/5.0 (compatible; AhrefsBot/7.0; +http://ahrefs.com/robot/)" "-"
51.89.129.0 - - [10/Jan/2026:10:20:49 +0100] "GET /gallery-broon/view.php?gid=65&phid=220 HTTP/1.1" 200 4463 www.broon.co.uk "-" "Mozilla/5.0 (compatible; AhrefsBot/7.0; +http://ahrefs.com/robot/)" "-"
114.119.143.0 - - [10/Jan/2026:10:21:00 +0100] "GET /gallery-broon/slideshow.php?gid=66&interval=5&phid=123 HTTP/1.1" 200 2829 www.broon.co.uk "http://www.broon.co.uk/gallery-broon/view.php?gid=66&phid=119" "Mozilla/5.0 (Linux; Android 7.0;) AppleWebKit/537.36 (KHTML, like Gecko) Mobile Safari/537.36 (compatible; PetalBot;+https://webmaster.petalsearch.com/site/petalbot)" "-"
198.244.240.0 - - [10/Jan/2026:10:21:57 +0100] "GET /gallery-broon/slideshow?gid=66&phid=65 HTTP/1.1" 200 2826 broon.co.uk "-" "Mozilla/5.0 (compatible; AhrefsBot/7.0; +http://ahrefs.com/robot/)" "-"
51.195.183.0 - - [10/Jan/2026:10:22:59 +0100] "GET /gallery-broon/view.php?gid=50&phid=14 HTTP/1.1" 200 4449 www.broon.co.uk "-" "Mozilla/5.0 (compatible; AhrefsBot/7.0; +http://ahrefs.com/robot/)" "-"
114.119.140.0 - - [10/Jan/2026:10:23:07 +0100] "GET /gallery-broon/slideshow.php?gid=66&interval=5&phid=118 HTTP/1.1" 200 2825 www.broon.co.uk "http://www.broon.co.uk/gallery-broon/view.php?gid=66&phid=114" "Mozilla/5.0 (Linux; Android 7.0;) AppleWebKit/537.36 (KHTML, like Gecko) Mobile Safari/537.36 (compatible; PetalBot;+https://webmaster.petalsearch.com/site/petalbot)" "-"
87.250.224.0 - - [10/Jan/2026:10:23:13 +0100] "GET /robots.txt HTTP/1.1" 429 227 janebushell.co.uk "-" "Mozilla/5.0 (compatible; YandexBot/3.0; +http://yandex.com/bots)" "-"
54.38.147.0 - - [10/Jan/2026:10:24:13 +0100] "GET /gallery-broon/slideshow?gid=66&phid=36 HTTP/1.1" 200 2826 broon.co.uk "-" "Mozilla/5.0 (compatible; AhrefsBot/7.0; +http://ahrefs.com/robot/)" "-"
198.244.240.0 - - [10/Jan/2026:10:24:16 +0100] "GET /yapig-0.95b/view.php?gid=32&page=0 HTTP/1.1" 200 11014 www.janebushell.co.uk "-" "Mozilla/5.0 (compatible; AhrefsBot/7.0; +http://ahrefs.com/robot/)" "-"
114.119.148.0 - - [10/Jan/2026:10:24:42 +0100] "GET /yapig-0.95b/view.php?gid=34&phid=4 HTTP/1.1" 200 4418 www.janebushell.co.uk "http://www.janebushell.co.uk/yapig-0.95b/view.php?gid=34&page=0" "Mozilla/5.0 (Linux; Android 7.0;) AppleWebKit/537.36 (KHTML, like Gecko) Mobile Safari/537.36 (compatible; PetalBot;+https://webmaster.petalsearch.com/site/petalbot)" "-"
114.119.147.0 - - [10/Jan/2026:10:25:15 +0100] "GET /gallery-broon/slideshow.php?gid=66&interval=5&phid=115 HTTP/1.1" 200 2829 www.broon.co.uk "http://www.broon.co.uk/gallery-broon/view.php?gid=66&phid=112" "Mozilla/5.0 (Linux; Android 7.0;) AppleWebKit/537.36 (KHTML, like Gecko) Mobile Safari/537.36 (compatible; PetalBot;+https://webmaster.petalsearch.com/site/petalbot)" "-"
54.38.147.0 - - [10/Jan/2026:10:25:23 +0100] "GET /gallery-broon/slideshow?gid=66&phid=62 HTTP/1.1" 200 2826 broon.co.uk "-" "Mozilla/5.0 (compatible; AhrefsBot/7.0; +http://ahrefs.com/robot/)" "-"
51.195.215.0 - - [10/Jan/2026:10:26:33 +0100] "GET /gallery-broon/view.php?gid=65&phid=223 HTTP/1.1" 200 4461 broon.co.uk "-" "Mozilla/5.0 (compatible; AhrefsBot/7.0; +http://ahrefs.com/robot/)" "-"
114.119.140.0 - - [10/Jan/2026:10:27:21 +0100] "GET /gallery-broon/slideshow.php?gid=65&interval=5&phid=84 HTTP/1.1" 200 2831 www.broon.co.uk "http://www.broon.co.uk/gallery-broon/view.php?gid=65&phid=80" "Mozilla/5.0 (Linux; Android 7.0;) AppleWebKit/537.36 (KHTML, like Gecko) Mobile Safari/537.36 (compatible; PetalBot;+https://webmaster.petalsearch.com/site/petalbot)" "-"
198.244.242.0 - - [10/Jan/2026:10:27:50 +0100] "GET /gallery-broon/view.php?gid=65&phid=106 HTTP/1.1" 200 4433 www.broon.co.uk "-" "Mozilla/5.0 (compatible; AhrefsBot/7.0; +http://ahrefs.com/robot/)" "-"
198.244.242.0 - - [10/Jan/2026:10:28:17 +0100] "GET /yapig-0.95b/view.php?gid=28&page=0 HTTP/1.1" 200 14393 www.janebushell.co.uk "-" "Mozilla/5.0 (compatible; AhrefsBot/7.0; +http://ahrefs.com/robot/)" "-"
51.195.244.0 - - [10/Jan/2026:10:29:02 +0100] "GET /gallery-broon/slideshow?gid=47&phid=4 HTTP/1.1" 200 2800 www.broon.co.uk "-" "Mozilla/5.0 (compatible; AhrefsBot/7.0; +http://ahrefs.com/robot/)" "-"
114.119.155.0 - - [10/Jan/2026:10:29:28 +0100] "GET /gallery-broon/slideshow.php?gid=65&interval=5&phid=72 HTTP/1.1" 200 2843 www.broon.co.uk "http://www.broon.co.uk/gallery-broon/view.php?gid=65&phid=68" "Mozilla/5.0 (Linux; Android 7.0;) AppleWebKit/537.36 (KHTML, like Gecko) Mobile Safari/537.36 (compatible; PetalBot;+https://webmaster.petalsearch.com/site/petalbot)" "-"
66.249.76.0 - - [10/Jan/2026:10:29:51 +0100] "GET /ads.txt HTTP/1.1" 200 58 janebushell.co.uk "-" "Mozilla/5.0 (compatible; Googlebot/2.1; +http://www.google.com/bot.html)" "-"
51.195.244.0 - - [10/Jan/2026:10:30:13 +0100] "GET /gallery-broon/slideshow?gid=70&phid=40 HTTP/1.1" 200 2747 www.broon.co.uk "-" "Mozilla/5.0 (compatible; AhrefsBot/7.0; +http://ahrefs.com/robot/)" "-"
54.38.147.0 - - [10/Jan/2026:10:31:22 +0100] "GET /gallery-broon/view.php?gid=66&page=2 HTTP/1.1" 200 16699 broon.co.uk "-" "Mozilla/5.0 (compatible; AhrefsBot/7.0; +http://ahrefs.com/robot/)" "-"
114.119.147.0 - - [10/Jan/2026:10:31:34 +0100] "GET /gallery-broon/slideshow.php?gid=65&interval=5&phid=53 HTTP/1.1" 200 2855 www.broon.co.uk "-" "Mozilla/5.0 (Linux; Android 7.0;) AppleWebKit/537.36 (KHTML, like Gecko) Mobile Safari/537.36 (compatible; PetalBot;+https://webmaster.petalsearch.com/site/petalbot)" "-"
51.195.215.0 - - [10/Jan/2026:10:32:28 +0100] "GET /gallery-broon/slideshow?gid=47&phid=20 HTTP/1.1" 200 2747 www.broon.co.uk "-" "Mozilla/5.0 (compatible; AhrefsBot/7.0; +http://ahrefs.com/robot/)" "-"
51.195.244.0 - - [10/Jan/2026:10:32:43 +0100] "GET /yapig-0.95b/slideshow?gid=32&phid=14 HTTP/1.1" 200 2774 www.janebushell.co.uk "-" "Mozilla/5.0 (compatible; AhrefsBot/7.0; +http://ahrefs.com/robot/)" "-"
51.195.244.0 - - [10/Jan/2026:10:33:40 +0100] "GET /gallery-broon/view.php?gid=41&phid=7 HTTP/1.1" 200 4444 broon.co.uk "-" "Mozilla/5.0 (compatible; AhrefsBot/7.0; +http://ahrefs.com/robot/)" "-"
114.119.139.0 - - [10/Jan/2026:10:33:42 +0100] "GET /speccy/index.html HTTP/1.1" 200 3738 www.broon.co.uk "http://www.broon.co.uk/index.html" "Mozilla/5.0 (Linux; Android 7.0;) AppleWebKit/537.36 (KHTML, like Gecko) Mobile Safari/537.36 (compatible; PetalBot;+https://webmaster.petalsearch.com/site/petalbot)" "-"
114.119.131.0 - - [10/Jan/2026:10:33:52 +0100] "GET /yapig-0.95b/view.php?gid=30&phid=1 HTTP/1.1" 200 4422 www.janebushell.co.uk "http://www.janebushell.co.uk/yapig-0.95b/view.php?hit=yes&gid=30" "Mozilla/5.0 (Linux; Android 7.0;) AppleWebKit/537.36 (KHTML, like Gecko) Mobile Safari/537.36 (compatible; PetalBot;+https://webmaster.petalsearch.com/site/petalbot)" "-"
51.195.183.0 - - [10/Jan/2026:10:35:02 +0100] "GET /gallery-broon/slideshow?gid=69&phid=6 HTTP/1.1" 200 2810 www.broon.co.uk "-" "Mozilla/5.0 (compatible; AhrefsBot/7.0; +http://ahrefs.com/robot/)" "-"
52.167.144.0 - - [10/Jan/2026:10:35:09 +0100] "GET /gallery-broon/view.php?gid=64&page=0 HTTP/1.1" 200 16604 www.broon.co.uk "-" "Mozilla/5.0 AppleWebKit/537.36 (KHTML, like Gecko; compatible; bingbot/2.0; +http://www.bing.com/bingbot.htm) Chrome/116.0.1938.76 Safari/537.36" "-"
114.119.143.0 - - [10/Jan/2026:10:35:49 +0100] "GET /spam/index.html HTTP/1.1" 200 661 www.broon.co.uk "http://www.broon.co.uk/index.html" "Mozilla/5.0 (Linux; Android 7.0;) AppleWebKit/537.36 (KHTML, like Gecko) Mobile Safari/537.36 (compatible; PetalBot;+https://webmaster.petalsearch.com/site/petalbot)" "-"
198.244.240.0 - - [10/Jan/2026:10:36:22 +0100] "GET /gallery-broon/slideshow?gid=66&phid=9 HTTP/1.1" 200 2825 broon.co.uk "-" "Mozilla/5.0 (compatible; AhrefsBot/7.0; +http://ahrefs.com/robot/)" "-"
54.38.147.0 - - [10/Jan/2026:10:37:06 +0100] "GET /gallery-misc/slideshow?gid=36&phid=11 HTTP/1.1" 200 2790 www.janebushell.co.uk "-" "Mozilla/5.0 (compatible; AhrefsBot/7.0; +http://ahrefs.com/robot/)" "-"
51.89.129.0 - - [10/Jan/2026:10:37:40 +0100] "GET /gallery-broon/slideshow?gid=70&phid=39 HTTP/1.1" 200 2747 www.broon.co.uk "-" "Mozilla/5.0 (compatible; AhrefsBot/7.0; +http://ahrefs.com/robot/)" "-"
114.119.140.0 - - [10/Jan/2026:10:37:55 +0100] "GET /gallery-broon/view.php?hit=yes&gid=64 HTTP/1.1" 302 - www.broon.co.uk "http://www.broon.co.uk/gallery-broon/view.php?gid=65&page=5" "Mozilla/5.0 (Linux; Android 7.0;) AppleWebKit/537.36 (KHTML, like Gecko) Mobile Safari/537.36 (compatible; PetalBot;+https://webmaster.petalsearch.com/site/petalbot)" "-"
114.119.140.0 - - [10/Jan/2026:10:37:55 +0100] "GET /gallery-broon/view.php?gid=64 HTTP/1.1" 200 16604 www.broon.co.uk "http://www.broon.co.uk/gallery-broon/view.php?gid=65&page=5" "Mozilla/5.0 (Linux; Android 7.0;) AppleWebKit/537.36 (KHTML, like Gecko) Mobile Safari/537.36 (compatible; PetalBot;+https://webmaster.petalsearch.com/site/petalbot)" "-"
51.89.129.0 - - [10/Jan/2026:10:38:49 +0100] "GET /gallery-broon/view.php?gid=65&phid=219 HTTP/1.1" 200 4523 broon.co.uk "-" "Mozilla/5.0 (compatible; AhrefsBot/7.0; +http://ahrefs.com/robot/)" "-"
54.38.147.0 - - [10/Jan/2026:10:39:58 +0100] "GET /gallery-broon/view.php?gid=55&phid=17 HTTP/1.1" 200 4675 www.broon.co.uk "-" "Mozilla/5.0 (compatible; AhrefsBot/7.0; +http://ahrefs.com/robot/)" "-"
114.119.135.0 - - [10/Jan/2026:10:40:02 +0100] "GET /gallery-broon/view.php?gid=71&phid=7 HTTP/1.1" 200 4692 www.broon.co.uk "http://www.broon.co.uk/gallery-broon/view.php?gid=71&phid=6" "Mozilla/5.0 (Linux; Android 7.0;) AppleWebKit/537.36 (KHTML, like Gecko) Mobile Safari/537.36 (compatible; PetalBot;+https://webmaster.petalsearch.com/site/petalbot)" "-"
198.244.183.0 - - [10/Jan/2026:10:41:07 +0100] "GET /gallery-broon/view.php?gid=65&page=6 HTTP/1.1" 200 16995 www.broon.co.uk "-" "Mozilla/5.0 (compatible; AhrefsBot/7.0; +http://ahrefs.com/robot/)" "-"
51.195.244.0 - - [10/Jan/2026:10:41:17 +0100] "GET /gallery-sa2007/slideshow?gid=39&phid=39 HTTP/1.1" 200 2851 www.janebushell.co.uk "-" "Mozilla/5.0 (compatible; AhrefsBot/7.0; +http://ahrefs.com/robot/)" "-"
114.119.143.0 - - [10/Jan/2026:10:42:09 +0100] "GET /gallery-broon/view.php?gid=71&phid=35 HTTP/1.1" 200 4716 www.broon.co.uk "http://www.broon.co.uk/gallery-broon/view.php?gid=71&page=1" "Mozilla/5.0 (Linux; Android 7.0;) AppleWebKit/537.36 (KHTML, like Gecko) Mobile Safari/537.36 (compatible; PetalBot;+https://webmaster.petalsearch.com/site/petalbot)" "-"
198.244.240.0 - - [10/Jan/2026:10:42:13 +0100] "GET /gallery-broon/slideshow?gid=70&phid=38 HTTP/1.1" 200 2747 www.broon.co.uk "-" "Mozilla/5.0 (compatible; AhrefsBot/7.0; +http://ahrefs.com/robot/)" "-"
114.119.152.0 - - [10/Jan/2026:10:43:01 +0100] "GET /yapig-0.95b/view.php?gid=3&page=0 HTTP/1.1" 200 11541 www.janebushell.co.uk "http://www.janebushell.co.uk/yapig-0.95b/view.php?gid=3&phid=14" "Mozilla/5.0 (Linux; Android 7.0;) AppleWebKit/537.36 (KHTML, like Gecko) Mobile Safari/537.36 (compatible; PetalBot;+https://webmaster.petalsearch.com/site/petalbot)" "-"
213.180.203.0 - - [10/Jan/2026:10:43:16 +0100] "GET /gallery-broon/view.php?gid=62&phid=5 HTTP/1.1" 429 227 broon.co.uk "-" "Mozilla/5.0 (compatible; YandexBot/3.0; +http://yandex.com/bots)" "-"
51.195.183.0 - - [10/Jan/2026:10:43:36 +0100] "GET /gallery-broon/view.php?gid=48&phid=3 HTTP/1.1" 200 4404 www.broon.co.uk "-" "Mozilla/5.0 (compatible; AhrefsBot/7.0; +http://ahrefs.com/robot/)" "-"
114.119.143.0 - - [10/Jan/2026:10:44:17 +0100] "GET /gallery-broon/view.php?gid=71&phid=24 HTTP/1.1" 200 4701 www.broon.co.uk "http://www.broon.co.uk/gallery-broon/view.php?hit=yes&gid=71" "Mozilla/5.0 (Linux; Android 7.0;) AppleWebKit/537.36 (KHTML, like Gecko) Mobile Safari/537.36 (compatible; PetalBot;+https://webmaster.petalsearch.com/site/petalbot)" "-"
51.89.129.0 - - [10/Jan/2026:10:44:47 +0100] "GET /gallery-broon/slideshow?gid=68&phid=5 HTTP/1.1" 200 2758 broon.co.uk "-" "Mozilla/5.0 (compatible; AhrefsBot/7.0; +http://ahrefs.com/robot/)" "-"
198.244.183.0 - - [10/Jan/2026:10:45:58 +0100] "GET /gallery-broon/view.php?gid=65&phid=222 HTTP/1.1" 200 4460 www.broon.co.uk "-" "Mozilla/5.0 (compatible; AhrefsBot/7.0; +http://ahrefs.com/robot/)" "-"
114.119.143.0 - - [10/Jan/2026:10:46:23 +0100] "GET /gallery-broon/view.php?gid=70&phid=14 HTTP/1.1" 200 4704 www.broon.co.uk "http://www.broon.co.uk/gallery-broon/view.php?gid=70&phid=13" "Mozilla/5.0 (Linux; Android 7.0;) AppleWebKit/537.36 (KHTML, like Gecko) Mobile Safari/537.36 (compatible; PetalBot;+https://webmaster.petalsearch.com/site/petalbot)" "-"
51.195.183.0 - - [10/Jan/2026:10:47:05 +0100] "GET /gallery-broon/view.php?gid=44&phid=27 HTTP/1.1" 200 4453 broon.co.uk "-" "Mozilla/5.0 (compatible; AhrefsBot/7.0; +http://ahrefs.com/robot/)" "-"
51.75.236.0 - - [10/Jan/2026:10:47:05 +0100] "GET / HTTP/1.1" 200 10486 janebushell.co.uk "-" "Mozilla/5.0 (compatible; AhrefsBot/7.0; +http://ahrefs.com/robot/)" "-"
198.244.240.0 - - [10/Jan/2026:10:48:11 +0100] "GET /gallery-broon/view.php?gid=65&phid=211 HTTP/1.1" 200 4463 www.broon.co.uk "-" "Mozilla/5.0 (compatible; AhrefsBot/7.0; +http://ahrefs.com/robot/)" "-"
114.119.157.0 - - [10/Jan/2026:10:48:30 +0100] "GET /gallery-broon/view.php?gid=69&phid=96 HTTP/1.1" 200 4439 www.broon.co.uk "http://www.broon.co.uk/gallery-broon/view.php?gid=69&page=3" "Mozilla/5.0 (Linux; Android 7.0;) AppleWebKit/537.36 (KHTML, like Gecko) Mobile Safari/537.36 (compatible; PetalBot;+https://webmaster.petalsearch.com/site/petalbot)" "-"
1.94.199.0 - - [10/Jan/2026:10:48:49 +0100] "GET / HTTP/1.1" 200 10486 www.janebushell.co.uk "https://www.janebushell.co.uk" "Mozilla/5.0 (Linux; U; Android 11; zh-cn; Redmi K30 Pro Build/RKQ1.200826.002) AppleWebKit/537.36 (KHTML, like Gecko) Version/4.0 Chrome/79.0.3945.147 Mobile Safari/537.36" "-"
198.244.242.0 - - [10/Jan/2026:10:49:22 +0100] "GET /gallery-broon/slideshow?gid=41&phid=9 HTTP/1.1" 200 2839 www.broon.co.uk "-" "Mozilla/5.0 (compatible; AhrefsBot/7.0; +http://ahrefs.com/robot/)" "-"
114.119.157.0 - - [10/Jan/2026:10:50:36 +0100] "GET /gallery-broon/view.php?gid=69&phid=9 HTTP/1.1" 200 4437 www.broon.co.uk "http://www.broon.co.uk/gallery-broon/view.php?gid=69&phid=8" "Mozilla/5.0 (Linux; Android 7.0;) AppleWebKit/537.36 (KHTML, like Gecko) Mobile Safari/537.36 (compatible; PetalBot;+https://webmaster.petalsearch.com/site/petalbot)" "-"
198.244.168.0 - - [10/Jan/2026:10:50:47 +0100] "GET /gallery-broon/slideshow?gid=70&phid=41 HTTP/1.1" 200 2747 www.broon.co.uk "-" "Mozilla/5.0 (compatible; AhrefsBot/7.0; +http://ahrefs.com/robot/)" "-"
51.195.215.0 - - [10/Jan/2026:10:51:53 +0100] "GET /gallery-broon/view.php?gid=65&page=5 HTTP/1.1" 200 16946 www.broon.co.uk "-" "Mozilla/5.0 (compatible; AhrefsBot/7.0; +http://ahrefs.com/robot/)" "-"
