114.119.139.0 - - [10/Jan/2026:00:00:11 +0100] "GET /gallery-broon/slideshow.php?gid=69&interval=5&phid=164 HTTP/1.1" 200 2767 www.broon.co.uk "http://www.broon.co.uk/gallery-broon/view.php?gid=69&phid=162" "Mozilla/5.0 (Linux; Android 7.0;) AppleWebKit/537.36 (KHTML, like Gecko) Mobile Safari/537.36 (compatible; PetalBot;+https://webmaster.petalsearch.com/site/petalbot)" "-"
5.255.231.0 - - [10/Jan/2026:00:00:37 +0100] "GET /yapig-0.95b/view.php?gid=5&phid=4 HTTP/1.1" 429 227 janebushell.co.uk "-" "Mozilla/5.0 (compatible; YandexBot/3.0; +http://yandex.com/bots)" "-"
114.119.140.0 - - [10/Jan/2026:00:01:53 +0100] "GET /gallery-broon/slideshow.php?gid=69&interval=5&phid=162 HTTP/1.1" 200 2767 www.broon.co.uk "http://www.broon.co.uk/gallery-broon/view.php?gid=69&phid=160" "Mozilla/5.0 (Linux; Android 7.0;) AppleWebKit/537.36 (KHTML, like Gecko) Mobile Safari/537.36 (compatible; PetalBot;+https://webmaster.petalsearch.com/site/petalbot)" "-"
2001:41d0:300:: - - [10/Jan/2026:00:02:47 +0100] "GET /robots.txt HTTP/1.1" 404 1271 www.broon.co.uk "-" "Mozilla/5.0 (compatible; MJ12bot/v1.4.8; http://mj12bot.com/)" "-"
2001:41d0:300:: - - [10/Jan/2026:00:02:48 +0100] "GET /gallery-broon/gallery.php HTTP/1.1" 200 29696 www.broon.co.uk "-" "Mozilla/5.0 (compatible; MJ12bot/v1.4.8; http://mj12bot.com/)" "-"
2001:41d0:300:: - - [10/Jan/2026:00:02:50 +0100] "GET /gallery-broon/slideshow.php?gid=65&interval=5&phid=3 HTTP/1.1" 200 2855 www.broon.co.uk "-" "Mozilla/5.0 (compatible; MJ12bot/v1.4.8; http://mj12bot.com/)" "-"
2001:41d0:300:: - - [10/Jan/2026:00:02:52 +0100] "GET /gallery-broon/slideshow.php?gid=69&interval=5&phid=2 HTTP/1.1" 200 2852 www.broon.co.uk "-" "Mozilla/5.0 (compatible; MJ12bot/v1.4.8; http://mj12bot.com/)" "-"
51.195.244.0 - - [10/Jan/2026:00:03:17 +0100] "GET /yapig-0.95b/view.php?gid=2&phid=10 HTTP/1.1" 200 4429 www.janebushell.co.uk "-" "Mozilla/5.0 (compatible; AhrefsBot/7.0; +http://ahrefs.com/robot/)" "-"
114.119.147.0 - - [10/Jan/2026:00:03:37 +0100] "GET /gallery-broon/slideshow.php?gid=69&interval=5&phid=149 HTTP/1.1" 200 2767 www.broon.co.uk "http://www.broon.co.uk/gallery-broon/view.php?gid=69&phid=147" "Mozilla/5.0 (Linux; Android 7.0;) AppleWebKit/537.36 (KHTML, like Gecko) Mobile Safari/537.36 (compatible; PetalBot;+https://webmaster.petalsearch.com/site/petalbot)" "-"
43.165.189.0 - - [10/Jan/2026:00:04:35 +0100] "GET /speccy/library.html HTTP/1.1" 200 3763 www.broon.co.uk "-" "Mozilla/5.0 (iPhone; CPU iPhone OS 13_2_3 like Mac OS X) AppleWebKit/605.1.15 (KHTML, like Gecko) Version/13.0.3 Mobile/15E148 Safari/604.1" "-"
114.119.147.0 - - [10/Jan/2026:00:05:19 +0100] "GET /gallery-broon/slideshow.php?gid=69&interval=5&phid=141 HTTP/1.1" 200 2767 www.broon.co.uk "http://www.broon.co.uk/gallery-broon/view.php?gid=69&phid=139" "Mozilla/5.0 (Linux; Android 7.0;) AppleWebKit/537.36 (KHTML, like Gecko) Mobile Safari/537.36 (compatible; PetalBot;+https://webmaster.petalsearch.com/site/petalbot)" "-"
43.157.170.0 - - [10/Jan/2026:00:06:13 +0100] "GET /gallery-sa2007/view.php?hit=yes&gid=39 HTTP/1.1" 302 - www.janebushell.co.uk "-" "Mozilla/5.0 (iPhone; CPU iPhone OS 13_2_3 like Mac OS X) AppleWebKit/605.1.15 (KHTML, like Gecko) Version/13.0.3 Mobile/15E148 Safari/604.1" "-"
43.157.170.0 - - [10/Jan/2026:00:06:15 +0100] "GET /gallery-sa2007/view.php?gid=39 HTTP/1.1" 200 14284 www.janebushell.co.uk "http://www.janebushell.co.uk/gallery-sa2007/view.php?hit=yes&gid=39" "Mozilla/5.0 (iPhone; CPU iPhone OS 13_2_3 like Mac OS X) AppleWebKit/605.1.15 (KHTML, like Gecko) Version/13.0.3 Mobile/15E148 Safari/604.1" "-"
114.119.143.0 - - [10/Jan/2026:00:07:03 +0100] "GET /gallery-broon/slideshow.php?gid=69&interval=5&phid=14 HTTP/1.1" 200 2764 www.broon.co.uk "http://www.broon.co.uk/gallery-broon/view.php?gid=69&phid=12" "Mozilla/5.0 (Linux; Android 7.0;) AppleWebKit/537.36 (KHTML, like Gecko) Mobile Safari/537.36 (compatible; PetalBot;+https://webmaster.petalsearch.com/site/petalbot)" "-"
114.119.156.0 - - [10/Jan/2026:00:07:23 +0100] "GET /yapig-0.95b/view.php?gid=28&phid=12 HTTP/1.1" 200 4449 www.janebushell.co.uk "http://www.janebushell.co.uk/yapig-0.95b/view.php?gid=28&phid=11" "Mozilla/5.0 (Linux; Android 7.0;) AppleWebKit/537.36 (KHTML, like Gecko) Mobile Safari/537.36 (compatible; PetalBot;+https://webmaster.petalsearch.com/site/petalbot)" "-"
54.38.147.0 - - [10/Jan/2026:00:07:25 +0100] "GET /gallery-galap/view.php?gid=38&phid=7 HTTP/1.1" 200 4453 www.janebushell.co.uk "-" "Mozilla/5.0 (compatible; AhrefsBot/7.0; +http://ahrefs.com/robot/)" "-"
114.119.155.0 - - [10/Jan/2026:00:08:44 +0100] "GET /gallery-broon/slideshow.php?gid=69&interval=5&phid=116 HTTP/1.1" 200 2767 www.broon.co.uk "http://www.broon.co.uk/gallery-broon/view.php?gid=69&phid=114" "Mozilla/5.0 (Linux; Android 7.0;) AppleWebKit/537.36 (KHTML, like Gecko) Mobile Safari/537.36 (compatible; PetalBot;+https://webmaster.petalsearch.com/site/petalbot)" "-"
43.153.74.0 - - [10/Jan/2026:00:09:40 +0100] "GET /speccy/interactive.html HTTP/1.1" 200 4851 www.broon.co.uk "-" "Mozilla/5.0 (iPhone; CPU iPhone OS 13_2_3 like Mac OS X) AppleWebKit/605.1.15 (KHTML, like Gecko) Version/13.0.3 Mobile/15E148 Safari/604.1" "-"
213.180.203.0 - - [10/Jan/2026:00:10:31 +0100] "GET /robots.txt HTTP/1.1" 429 227 broon.co.uk "-" "Mozilla/5.0 (compatible; YandexBot/3.0; +http://yandex.com/bots)" "-"
114.119.140.0 - - [10/Jan/2026:00:10:36 +0100] "GET /gallery-broon/slideshow.php?gid=69&interval=5&phid=109 HTTP/1.1" 200 2767 www.broon.co.uk "http://www.broon.co.uk/gallery-broon/view.php?gid=69&phid=107" "Mozilla/5.0 (Linux; Android 7.0;) AppleWebKit/537.36 (KHTML, like Gecko) Mobile Safari/537.36 (compatible; PetalBot;+https://webmaster.petalsearch.com/site/petalbot)" "-"
51.195.183.0 - - [10/Jan/2026:00:11:57 +0100] "GET /gallery-misc/view.php?gid=42&phid=5 HTTP/1.1" 200 4418 www.janebushell.co.uk "-" "Mozilla/5.0 (compatible; AhrefsBot/7.0; +http://ahrefs.com/robot/)" "-"
17.246.19.0 - - [10/Jan/2026:00:12:47 +0100] "GET /gallery-broon/slideshow?gid=44&phid=13 HTTP/1.1" 200 2844 www.broon.co.uk "-" "Mozilla/5.0 (Macintosh; Intel Mac OS X 10_15_7) AppleWebKit/605.1.15 (KHTML, like Gecko) Version/17.4 Safari/605.1.15 (Applebot/0.1; +http://www.apple.com/go/applebot)" "-"
85.208.96.0 - - [10/Jan/2026:00:14:09 +0100] "GET /robots.txt HTTP/1.1" 429 227 www.janebushell.co.uk "-" "Mozilla/5.0 (compatible; SemrushBot/7~bl; +http://www.semrush.com/bot.html)" "-"
185.191.171.0 - - [10/Jan/2026:00:14:09 +0100] "GET /gallery-sa2007/gallery.php HTTP/1.1" 429 227 www.janebushell.co.uk "-" "Mozilla/5.0 (compatible; SemrushBot/7~bl; +http://www.semrush.com/bot.html)" "-"
114.119.140.0 - - [10/Jan/2026:00:14:12 +0100] "GET /gallery-broon/slideshow.php?gid=69&interval=5&phid=107 HTTP/1.1" 200 2767 www.broon.co.uk "http://www.broon.co.uk/gallery-broon/view.php?gid=69&phid=105" "Mozilla/5.0 (Linux; Android 7.0;) AppleWebKit/537.36 (KHTML, like Gecko) Mobile Safari/537.36 (compatible; PetalBot;+https://webmaster.petalsearch.com/site/petalbot)" "-"
114.119.143.0 - - [10/Jan/2026:00:15:03 +0100] "GET /gallery-broon/slideshow.php?gid=69&interval=5&phid=101 HTTP/1.1" 200 2767 www.broon.co.uk "http://www.broon.co.uk/gallery-broon/view.php?gid=69&phid=100" "Mozilla/5.0 (Linux; Android 7.0;) AppleWebKit/537.36 (KHTML, like Gecko) Mobile Safari/537.36 (compatible; PetalBot;+https://webmaster.petalsearch.com/site/petalbot)" "-"
198.244.226.0 - - [10/Jan/2026:00:16:17 +0100] "GET /gallery-sa2007/view.php?gid=39&phid=16 HTTP/1.1" 200 4500 www.janebushell.co.uk "-" "Mozilla/5.0 (compatible; AhrefsBot/7.0; +http://ahrefs.com/robot/)" "-"
114.119.157.0 - - [10/Jan/2026:00:16:26 +0100] "GET /gallery-broon/slideshow.php?gid=68&interval=5&phid=5 HTTP/1.1" 200 2758 www.broon.co.uk "http://www.broon.co.uk/gallery-broon/view.php?gid=68&phid=4" "Mozilla/5.0 (Linux; Android 7.0;) AppleWebKit/537.36 (KHTML, like Gecko) Mobile Safari/537.36 (compatible; PetalBot;+https://webmaster.petalsearch.com/site/petalbot)" "-"
49.51.253.0 - - [10/Jan/2026:00:17:05 +0100] "GET /gallery-sa2007/slideshow.php?gid=39 HTTP/1.1" 200 2844 www.janebushell.co.uk "-" "Mozilla/5.0 (iPhone; CPU iPhone OS 13_2_3 like Mac OS X) AppleWebKit/605.1.15 (KHTML, like Gecko) Version/13.0.3 Mobile/15E148 Safari/604.1" "-"
114.119.147.0 - - [10/Jan/2026:00:17:20 +0100] "GET /gallery-broon/slideshow.php?gid=68&interval=5&phid=3 HTTP/1.1" 200 2876 www.broon.co.uk "http://www.broon.co.uk/gallery-broon/view.php?gid=68&phid=1" "Mozilla/5.0 (Linux; Android 7.0;) AppleWebKit/537.36 (KHTML, like Gecko) Mobile Safari/537.36 (compatible; PetalBot;+https://webmaster.petalsearch.com/site/petalbot)" "-"
114.119.148.0 - - [10/Jan/2026:00:17:43 +0100] "GET /yapig-0.95b/view.php?gid=25&phid=4 HTTP/1.1" 200 4438 www.janebushell.co.uk "http://www.janebushell.co.uk/yapig-0.95b/view.php?hit=yes&gid=25" "Mozilla/5.0 (Linux; Android 7.0;) AppleWebKit/537.36 (KHTML, like Gecko) Mobile Safari/537.36 (compatible; PetalBot;+https://webmaster.petalsearch.com/site/petalbot)" "-"
43.153.87.0 - - [10/Jan/2026:00:18:17 +0100] "GET /gallery-broon/admin.php HTTP/1.1" 500 - www.broon.co.uk "-" "Mozilla/5.0 (iPhone; CPU iPhone OS 13_2_3 like Mac OS X) AppleWebKit/605.1.15 (KHTML, like Gecko) Version/13.0.3 Mobile/15E148 Safari/604.1" "-"
184.154.139.0 - - [10/Jan/2026:00:18:56 +0100] "GET / HTTP/1.1" 200 10486 www.janebushell.co.uk "http://www.google.com/url?url=www.janebushell.co.uk&yahoo.com" "Mozilla/5.0 (compatible; MSIE 9.0; Windows NT 6.1; WOW64; Trident/6.0)" "-"
184.154.139.0 - - [10/Jan/2026:00:18:56 +0100] "GET /th1s_1s_a_4o4.html HTTP/1.1" 404 1271 www.janebushell.co.uk "http://www.google.com/url?url=www.janebushell.co.uk&yahoo.com" "Mozilla/5.0 (compatible; MSIE 9.0; Windows NT 6.1; WOW64; Trident/6.0)" "-"
184.154.139.0 - - [10/Jan/2026:00:18:57 +0100] "GET /gallery-usa2008/index.php HTTP/1.1" 200 2263 www.janebushell.co.uk "http://www.google.com/url?url=www.janebushell.co.uk&yahoo.com" "Mozilla/5.0 (compatible; MSIE 9.0; Windows NT 6.1; WOW64; Trident/6.0)" "-"
184.154.139.0 - - [10/Jan/2026:00:18:57 +0100] "GET /gallery-sa2007/index.php HTTP/1.1" 200 3111 www.janebushell.co.uk "http://www.google.com/url?url=www.janebushell.co.uk&yahoo.com" "Mozilla/5.0 (compatible; MSIE 9.0; Windows NT 6.1; WOW64; Trident/6.0)" "-"
184.154.139.0 - - [10/Jan/2026:00:18:57 +0100] "GET /software/index.htm HTTP/1.1" 200 1563 www.janebushell.co.uk "http://www.google.com/url?url=www.janebushell.co.uk&yahoo.com" "Mozilla/5.0 (compatible; MSIE 9.0; Windows NT 6.1; WOW64; Trident/6.0)" "-"
184.154.139.0 - - [10/Jan/2026:00:18:58 +0100] "GET /messageboard/mboard.php HTTP/1.1" 200 9718 www.janebushell.co.uk "http://www.google.com/url?url=www.janebushell.co.uk&yahoo.com" "Mozilla/5.0 (compatible; MSIE 9.0; Windows NT 6.1; WOW64; Trident/6.0)" "-"
184.154.139.0 - - [10/Jan/2026:00:18:58 +0100] "GET /links/links.php HTTP/1.1" 200 2586 www.janebushell.co.uk "http://www.google.com/url?url=www.janebushell.co.uk&yahoo.com" "Mozilla/5.0 (compatible; MSIE 9.0; Windows NT 6.1; WOW64; Trident/6.0)" "-"
184.154.139.0 - - [10/Jan/2026:00:18:59 +0100] "GET /gallery-usa/index.php HTTP/1.1" 200 4923 www.janebushell.co.uk "http://www.google.com/url?url=www.janebushell.co.uk&yahoo.com" "Mozilla/5.0 (compatible; MSIE 9.0; Windows NT 6.1; WOW64; Trident/6.0)" "-"
184.154.139.0 - - [10/Jan/2026:00:18:59 +0100] "GET /video/index.htm HTTP/1.1" 200 1854 www.janebushell.co.uk "http://www.google.com/url?url=www.janebushell.co.uk&yahoo.com" "Mozilla/5.0 (compatible; MSIE 9.0; Windows NT 6.1; WOW64; Trident/6.0)" "-"
184.154.139.0 - - [10/Jan/2026:00:19:00 +0100] "GET /gallery-misc/index.php HTTP/1.1" 200 9498 www.janebushell.co.uk "http://www.google.com/url?url=www.janebushell.co.uk&yahoo.com" "Mozilla/5.0 (compatible; MSIE 9.0; Windows NT 6.1; WOW64; Trident/6.0)" "-"
184.154.139.0 - - [10/Jan/2026:00:19:00 +0100] "GET /links/%5C%22http:/www.phpjunkyard.com/php-link-manager.php%5C%22 HTTP/1.1" 404 1271 www.janebushell.co.uk "http://www.google.com/url?url=www.janebushell.co.uk&yahoo.com" "Mozilla/5.0 (compatible; MSIE 9.0; Windows NT 6.1; WOW64; Trident/6.0)" "-"
184.154.139.0 - - [10/Jan/2026:00:19:00 +0100] "GET /email/index.html HTTP/1.1" 200 1567 www.janebushell.co.uk "http://www.google.com/url?url=www.janebushell.co.uk&yahoo.com" "Mozilla/5.0 (compatible; MSIE 9.0; Windows NT 6.1; WOW64; Trident/6.0)" "-"
184.154.139.0 - - [10/Jan/2026:00:19:01 +0100] "GET /gallery-misc/view.php?hit=yes&gid=41 HTTP/1.1" 302 - www.janebushell.co.uk "-" "SiteLockSpider [en] (WinNT; I ;Nav)" "-"
184.154.139.0 - - [10/Jan/2026:00:19:01 +0100] "GET /gallery-misc/view.php?gid=41 HTTP/1.1" 200 13732 www.janebushell.co.uk "-" "SiteLockSpider [en] (WinNT; I ;Nav)" "-"
184.154.139.0 - - [10/Jan/2026:00:19:01 +0100] "GET /messageboard/msg/42.html HTTP/1.1" 200 5017 www.janebushell.co.uk "http://www.google.com/url?url=www.janebushell.co.uk&yahoo.com" "Mozilla/5.0 (compatible; MSIE 9.0; Windows NT 6.1; WOW64; Trident/6.0)" "-"
114.119.139.0 - - [10/Jan/2026:00:19:01 +0100] "GET /gallery-broon/slideshow.php?gid=68&interval=5&phid=2 HTTP/1.1" 200 2761 www.broon.co.uk "http://www.broon.co.uk/gallery-broon/view.php?hit=yes" "Mozilla/5.0 (Linux; Android 7.0;) AppleWebKit/537.36 (KHTML, like Gecko) Mobile Safari/537.36 (compatible; PetalBot;+https://webmaster.petalsearch.com/site/petalbot)" "-"
184.154.139.0 - - [10/Jan/2026:00:19:02 +0100] "GET /gallery-usa2008/template/default/gallery.css HTTP/1.1" 200 3673 www.janebushell.co.uk "http://www.google.com/url?url=www.janebushell.co.uk&yahoo.com" "Mozilla/5.0 (compatible; MSIE 9.0; Windows NT 6.1; WOW64; Trident/6.0)" "-"
184.154.139.0 - - [10/Jan/2026:00:19:02 +0100] "GET /messageboard/msg/21.html HTTP/1.1" 200 5194 www.janebushell.co.uk "-" "SiteLockSpider [en] (WinNT; I ;Nav)" "-"
184.154.139.0 - - [10/Jan/2026:00:19:02 +0100] "GET /messageboard/javascript.js HTTP/1.1" 200 1508 www.janebushell.co.uk "-" "SiteLockSpider [en] (WinNT; I ;Nav)" "-"
184.154.139.0 - - [10/Jan/2026:00:19:03 +0100] "GET /gallery-sa2007/template/default/gallery.css HTTP/1.1" 200 3673 www.janebushell.co.uk "http://www.google.com/url?url=www.janebushell.co.uk&yahoo.com" "Mozilla/5.0 (compatible; MSIE 9.0; Windows NT 6.1; WOW64; Trident/6.0)" "-"
184.154.139.0 - - [10/Jan/2026:00:19:03 +0100] "GET /gallery-misc/view.php?hit=yes&gid=37 HTTP/1.1" 302 - www.janebushell.co.uk "-" "SiteLockSpider [en] (WinNT; I ;Nav)" "-"
184.154.139.0 - - [10/Jan/2026:00:19:03 +0100] "GET /gallery-misc/view.php?gid=37 HTTP/1.1" 200 5745 www.janebushell.co.uk "-" "SiteLockSpider [en] (WinNT; I ;Nav)" "-"
184.154.139.0 - - [10/Jan/2026:00:19:04 +0100] "GET /gallery-sa2007/gallery.php HTTP/1.1" 200 3111 www.janebushell.co.uk "-" "SiteLockSpider [en] (WinNT; I ;Nav)" "-"
184.154.139.0 - - [10/Jan/2026:00:19:04 +0100] "GET /gallery-misc/gallery.php HTTP/1.1" 200 9498 www.janebushell.co.uk "-" "SiteLockSpider [en] (WinNT; I ;Nav)" "-"
184.154.139.0 - - [10/Jan/2026:00:19:04 +0100] "GET /messageboard/msg/14.html HTTP/1.1" 200 6313 www.janebushell.co.uk "-" "SiteLockSpider [en] (WinNT; I ;Nav)" "-"
54.38.147.0 - - [10/Jan/2026:00:20:32 +0100] "GET /yapig-0.95b/slideshow?gid=35&phid=2 HTTP/1.1" 200 2791 www.janebushell.co.uk "-" "Mozilla/5.0 (compatible; AhrefsBot/7.0; +http://ahrefs.com/robot/)" "-"
114.119.143.0 - - [10/Jan/2026:00:20:44 +0100] "GET /gallery-broon/slideshow.php?gid=66&interval=5&phid=92 HTTP/1.1" 200 2826 www.broon.co.uk "http://www.broon.co.uk/gallery-broon/view.php?gid=66&phid=91" "Mozilla/5.0 (Linux; Android 7.0;) AppleWebKit/537.36 (KHTML, like Gecko) Mobile Safari/537.36 (compatible; PetalBot;+https://webmaster.petalsearch.com/site/petalbot)" "-"
114.119.157.0 - - [10/Jan/2026:00:22:26 +0100] "GET /gallery-broon/slideshow.php?gid=66&interval=5&phid=138 HTTP/1.1" 200 2829 www.broon.co.uk "http://www.broon.co.uk/gallery-broon/view.php?gid=66&phid=136" "Mozilla/5.0 (Linux; Android 7.0;) AppleWebKit/537.36 (KHTML, like Gecko) Mobile Safari/537.36 (compatible; PetalBot;+https://webmaster.petalsearch.com/site/petalbot)" "-"
95.108.213.0 - - [10/Jan/2026:00:23:12 +0100] "GET /robots.txt HTTP/1.1" 429 227 janebushell.co.uk "-" "Mozilla/5.0 (compatible; YandexBot/3.0; +http://yandex.com/bots)" "-"
95.108.213.0 - - [10/Jan/2026:00:23:24 +0100] "GET /gallery-broon/slideshow?gid=50&phid=21 HTTP/1.1" 429 227 broon.co.uk "-" "Mozilla/5.0 (compatible; YandexBot/3.0; +http://yandex.com/bots)" "-"
95.108.213.0 - - [10/Jan/2026:00:24:02 +0100] "GET /gallery-broon/view.php?gid=69&phid=30 HTTP/1.1" 429 227 broon.co.uk "-" "Mozilla/5.0 (compatible; YandexBot/3.0; +http://yandex.com/bots)" "-"
114.119.143.0 - - [10/Jan/2026:00:24:24 +0100] "GET /gallery-broon/slideshow.php?gid=66&interval=5&phid=134 HTTP/1.1" 200 2829 www.broon.co.uk "http://www.broon.co.uk/gallery-broon/view.php?gid=66&phid=132" "Mozilla/5.0 (Linux; Android 7.0;) AppleWebKit/537.36 (KHTML, like Gecko) Mobile Safari/537.36 (compatible; PetalBot;+https://webmaster.petalsearch.com/site/petalbot)" "-"
198.244.183.0 - - [10/Jan/2026:00:24:54 +0100] "GET /yapig-0.95b/view.php?gid=20&phid=10 HTTP/1.1" 200 4479 www.janebushell.co.uk "-" "Mozilla/5.0 (compatible; AhrefsBot/7.0; +http://ahrefs.com/robot/)" "-"
114.119.147.0 - - [10/Jan/2026:00:25:55 +0100] "GET /gallery-broon/slideshow.php?gid=66&interval=5&phid=120 HTTP/1.1" 200 2825 www.broon.co.uk "http://www.broon.co.uk/gallery-broon/view.php?gid=66&phid=119" "Mozilla/5.0 (Linux; Android 7.0;) AppleWebKit/537.36 (KHTML, like Gecko) Mobile Safari/537.36 (compatible; PetalBot;+https://webmaster.petalsearch.com/site/petalbot)" "-"
43.135.133.0 - - [10/Jan/2026:00:26:56 +0100] "GET /gallery-broon/slideshow.php?gid=68 HTTP/1.1" 200 2845 www.broon.co.uk "-" "Mozilla/5.0 (iPhone; CPU iPhone OS 13_2_3 like Mac OS X) AppleWebKit/605.1.15 (KHTML, like Gecko) Version/13.0.3 Mobile/15E148 Safari/604.1" "-"
114.119.157.0 - - [10/Jan/2026:00:26:59 +0100] "GET /yapig-0.95b/view.php?gid=25&page=0 HTTP/1.1" 200 7953 www.janebushell.co.uk "http://www.janebushell.co.uk/yapig-0.95b/view.php?gid=25&phid=2" "Mozilla/5.0 (Linux; Android 7.0;) AppleWebKit/537.36 (KHTML, like Gecko) Mobile Safari/537.36 (compatible; PetalBot;+https://webmaster.petalsearch.com/site/petalbot)" "-"
114.119.139.0 - - [10/Jan/2026:00:27:35 +0100] "GET /gallery-broon/slideshow.php?gid=66&interval=5&phid=115 HTTP/1.1" 200 2829 www.broon.co.uk "http://www.broon.co.uk/gallery-broon/view.php?gid=66&phid=114" "Mozilla/5.0 (Linux; Android 7.0;) AppleWebKit/537.36 (KHTML, like Gecko) Mobile Safari/537.36 (compatible; PetalBot;+https://webmaster.petalsearch.com/site/petalbot)" "-"
43.131.243.0 - - [10/Jan/2026:00:27:52 +0100] "GET /gallery-sa2007/gallery.php HTTP/1.1" 200 3111 www.janebushell.co.uk "-" "Mozilla/5.0 (iPhone; CPU iPhone OS 13_2_3 like Mac OS X) AppleWebKit/605.1.15 (KHTML, like Gecko) Version/13.0.3 Mobile/15E148 Safari/604.1" "-"
114.119.135.0 - - [10/Jan/2026:00:29:18 +0100] "GET /gallery-broon/slideshow.php?gid=66&interval=5&phid=107 HTTP/1.1" 200 2829 www.broon.co.uk "http://www.broon.co.uk/gallery-broon/view.php?gid=66&phid=105" "Mozilla/5.0 (Linux; Android 7.0;) AppleWebKit/537.36 (KHTML, like Gecko) Mobile Safari/537.36 (compatible; PetalBot;+https://webmaster.petalsearch.com/site/petalbot)" "-"
198.244.183.0 - - [10/Jan/2026:00:29:27 +0100] "GET /gallery-sa2007/slideshow?gid=39&phid=16 HTTP/1.1" 200 2822 www.janebushell.co.uk "-" "Mozilla/5.0 (compatible; AhrefsBot/7.0; +http://ahrefs.com/robot/)" "-"
114.119.139.0 - - [10/Jan/2026:00:31:00 +0100] "GET /gallery-broon/slideshow.php?gid=65&interval=5&phid=85 HTTP/1.1" 200 2831 www.broon.co.uk "http://www.broon.co.uk/gallery-broon/view.php?gid=65&phid=83" "Mozilla/5.0 (Linux; Android 7.0;) AppleWebKit/537.36 (KHTML, like Gecko) Mobile Safari/537.36 (compatible; PetalBot;+https://webmaster.petalsearch.com/site/petalbot)" "-"
114.119.135.0 - - [10/Jan/2026:00:32:43 +0100] "GET /gallery-broon/slideshow.php?gid=65&interval=5&phid=81 HTTP/1.1" 200 2831 www.broon.co.uk "http://www.broon.co.uk/gallery-broon/view.php?gid=65&phid=80" "Mozilla/5.0 (Linux; Android 7.0;) AppleWebKit/537.36 (KHTML, like Gecko) Mobile Safari/537.36 (compatible; PetalBot;+https://webmaster.petalsearch.com/site/petalbot)" "-"
51.89.129.0 - - [10/Jan/2026:00:34:07 +0100] "GET /yapig-0.95b/view.php?gid=35&page=0 HTTP/1.1" 200 8975 www.janebushell.co.uk "-" "Mozilla/5.0 (compatible; AhrefsBot/7.0; +http://ahrefs.com/robot/)" "-"
114.119.139.0 - - [10/Jan/2026:00:34:27 +0100] "GET /gallery-broon/slideshow.php?gid=65&interval=5&phid=69 HTTP/1.1" 200 2831 www.broon.co.uk "http://www.broon.co.uk/gallery-broon/view.php?gid=65&phid=68" "Mozilla/5.0 (Linux; Android 7.0;) AppleWebKit/537.36 (KHTML, like Gecko) Mobile Safari/537.36 (compatible; PetalBot;+https://webmaster.petalsearch.com/site/petalbot)" "-"
5.255.231.0 - - [10/Jan/2026:00:35:20 +0100] "GET /gallery-broon/view.php?gid=71&phid=24 HTTP/1.1" 429 227 broon.co.uk "-" "Mozilla/5.0 (compatible; YandexBot/3.0; +http://yandex.com/bots)" "-"
185.191.171.0 - - [10/Jan/2026:00:35:39 +0100] "GET /robots.txt HTTP/1.1" 429 227 www.broon.co.uk "-" "Mozilla/5.0 (compatible; SemrushBot/7~bl; +http://www.semrush.com/bot.html)" "-"
85.208.96.0 - - [10/Jan/2026:00:35:40 +0100] "GET /gits/beast.htm HTTP/1.1" 429 227 www.broon.co.uk "-" "Mozilla/5.0 (compatible; SemrushBot/7~bl; +http://www.semrush.com/bot.html)" "-"
114.119.143.0 - - [10/Jan/2026:00:36:09 +0100] "GET /gallery-broon/slideshow.php?gid=65&interval=5&phid=44 HTTP/1.1" 200 2878 www.broon.co.uk "http://www.broon.co.uk/gallery-broon/view.php?gid=65&phid=42" "Mozilla/5.0 (Linux; Android 7.0;) AppleWebKit/537.36 (KHTML, like Gecko) Mobile Safari/537.36 (compatible; PetalBot;+https://webmaster.petalsearch.com/site/petalbot)" "-"
114.119.156.0 - - [10/Jan/2026:00:36:44 +0100] "GET /yapig-0.95b/view.php?gid=20&phid=4 HTTP/1.1" 200 4451 www.janebushell.co.uk "http://www.janebushell.co.uk/yapig-0.95b/view.php?gid=20&phid=3" "Mozilla/5.0 (Linux; Android 7.0;) AppleWebKit/537.36 (KHTML, like Gecko) Mobile Safari/537.36 (compatible; PetalBot;+https://webmaster.petalsearch.com/site/petalbot)" "-"
43.166.136.0 - - [10/Jan/2026:00:37:46 +0100] "GET /gallery-sa2007/admin.php HTTP/1.1" 500 - www.janebushell.co.uk "-" "Mozilla/5.0 (iPhone; CPU iPhone OS 13_2_3 like Mac OS X) AppleWebKit/605.1.15 (KHTML, like Gecko) Version/13.0.3 Mobile/15E148 Safari/604.1" "-"
114.119.139.0 - - [10/Jan/2026:00:37:51 +0100] "GET /gallery-broon/slideshow.php?gid=65&interval=5&phid=38 HTTP/1.1" 200 2918 www.broon.co.uk "http://www.broon.co.uk/gallery-broon/view.php?gid=65&phid=37" "Mozilla/5.0 (Linux; Android 7.0;) AppleWebKit/537.36 (KHTML, like Gecko) Mobile Safari/537.36 (compatible; PetalBot;+https://webmaster.petalsearch.com/site/petalbot)" "-"
198.244.226.0 - - [10/Jan/2026:00:39:32 +0100] "GET / HTTP/1.1" 200 10486 www.janebushell.co.uk "-" "Mozilla/5.0 (compatible; AhrefsBot/7.0; +http://ahrefs.com/robot/)" "-"
114.119.139.0 - - [10/Jan/2026:00:39:35 +0100] "GET /gallery-broon/slideshow.php?gid=65&interval=5&phid=30 HTTP/1.1" 200 2890 www.broon.co.uk "http://www.broon.co.uk/gallery-broon/view.php?gid=65&phid=29" "Mozilla/5.0 (Linux; Android 7.0;) AppleWebKit/537.36 (KHTML, like Gecko) Mobile Safari/537.36 (compatible; PetalBot;+https://webmaster.petalsearch.com/site/petalbot)" "-"
213.180.203.0 - - [10/Jan/2026:00:40:14 +0100] "GET /yapig-0.95b/view.php?gid=10&phid=3 HTTP/1.1" 429 227 janebushell.co.uk "-" "Mozilla/5.0 (compatible; YandexBot/3.0; +http://yandex.com/bots)" "-"
43.131.39.0 - - [10/Jan/2026:00:40:42 +0100] "GET /gits/file.htm HTTP/1.1" 200 3342 www.broon.co.uk "-" "Mozilla/5.0 (iPhone; CPU iPhone OS 13_2_3 like Mac OS X) AppleWebKit/605.1.15 (KHTML, like Gecko) Version/13.0.3 Mobile/15E148 Safari/604.1" "-"
114.119.135.0 - - [10/Jan/2026:00:41:17 +0100] "GET /gallery-broon/slideshow.php?gid=65&interval=5&phid=224 HTTP/1.1" 200 2819 www.broon.co.uk "http://www.broon.co.uk/gallery-broon/view.php?gid=65&phid=223" "Mozilla/5.0 (Linux; Android 7.0;) AppleWebKit/537.36 (KHTML, like Gecko) Mobile Safari/537.36 (compatible; PetalBot;+https://webmaster.petalsearch.com/site/petalbot)" "-"
213.180.203.0 - - [10/Jan/2026:00:41:25 +0100] "GET /gallery-broon/view.php?gid=64 HTTP/1.1" 429 227 broon.co.uk "-" "Mozilla/5.0 (compatible; YandexBot/3.0; +http://yandex.com/bots)" "-"
114.119.140.0 - - [10/Jan/2026:00:43:00 +0100] "GET /gallery-broon/slideshow.php?gid=65&interval=5&phid=217 HTTP/1.1" 200 2820 www.broon.co.uk "http://www.broon.co.uk/gallery-broon/view.php?gid=65&phid=216" "Mozilla/5.0 (Linux; Android 7.0;) AppleWebKit/537.36 (KHTML, like Gecko) Mobile Safari/537.36 (compatible; PetalBot;+https://webmaster.petalsearch.com/site/petalbot)" "-"
95.108.213.0 - - [10/Jan/2026:00:44:09 +0100] "GET /gallery-misc/view.php?gid=42&phid=8 HTTP/1.1" 429 227 janebushell.co.uk "-" "Mozilla/5.0 (compatible; YandexBot/3.0; +http://yandex.com/bots)" "-"
114.119.155.0 - - [10/Jan/2026:00:44:44 +0100] "GET /gallery-broon/slideshow.php?gid=65&interval=5&phid=211 HTTP/1.1" 200 2820 www.broon.co.uk "-" "Mozilla/5.0 (Linux; Android 7.0;) AppleWebKit/537.36 (KHTML, like Gecko) Mobile Safari/537.36 (compatible; PetalBot;+https://webmaster.petalsearch.com/site/petalbot)" "-"
95.108.213.0 - - [10/Jan/2026:00:46:00 +0100] "GET /yapig-0.95b/view.php?gid=35&phid=7 HTTP/1.1" 429 227 janebushell.co.uk "-" "Mozilla/5.0 (compatible; YandexBot/3.0; +http://yandex.com/bots)" "-"
51.195.215.0 - - [10/Jan/2026:00:46:16 +0100] "GET /gallery-misc/slideshow?gid=36&phid=18 HTTP/1.1" 200 2790 www.janebushell.co.uk "-" "Mozilla/5.0 (compatible; AhrefsBot/7.0; +http://ahrefs.com/robot/)" "-"
114.119.147.0 - - [10/Jan/2026:00:46:26 +0100] "GET /gallery-broon/slideshow.php?gid=65&interval=5&phid=205 HTTP/1.1" 200 2820 www.broon.co.uk "http://www.broon.co.uk/gallery-broon/view.php?gid=65&phid=203" "Mozilla/5.0 (Linux; Android 7.0;) AppleWebKit/537.36 (KHTML, like Gecko) Mobile Safari/537.36 (compatible; PetalBot;+https://webmaster.petalsearch.com/site/petalbot)" "-"
114.119.133.0 - - [10/Jan/2026:00:46:32 +0100] "GET /yapig-0.95b/view.php?gid=20&phid=3 HTTP/1.1" 200 4451 www.janebushell.co.uk "http://www.janebushell.co.uk/yapig-0.95b/view.php?gid=20&phid=3" "Mozilla/5.0 (Linux; Android 7.0;) AppleWebKit/537.36 (KHTML, like Gecko) Mobile Safari/537.36 (compatible; PetalBot;+https://webmaster.petalsearch.com/site/petalbot)" "-"
170.106.163.0 - - [10/Jan/2026:00:46:53 +0100] "GET /gallery-sa2007/view.php?gid=39&phid=14 HTTP/1.1" 200 4514 www.janebushell.co.uk "-" "Mozilla/5.0 (iPhone; CPU iPhone OS 13_2_3 like Mac OS X) AppleWebKit/605.1.15 (KHTML, like Gecko) Version/13.0.3 Mobile/15E148 Safari/604.1" "-"
114.119.157.0 - - [10/Jan/2026:00:48:09 +0100] "GET /gallery-broon/slideshow.php?gid=65&interval=5&phid=201 HTTP/1.1" 200 2819 www.broon.co.uk "http://www.broon.co.uk/gallery-broon/view.php?gid=65&phid=200" "Mozilla/5.0 (Linux; Android 7.0;) AppleWebKit/537.36 (KHTML, like Gecko) Mobile Safari/537.36 (compatible; PetalBot;+https://webmaster.petalsearch.com/site/petalbot)" "-"
114.119.147.0 - - [10/Jan/2026:00:49:51 +0100] "GET /gallery-broon/slideshow.php?gid=65&interval=5&phid=200 HTTP/1.1" 200 2856 www.broon.co.uk "-" "Mozilla/5.0 (Linux; Android 7.0;) AppleWebKit/537.36 (KHTML, like Gecko) Mobile Safari/537.36 (compatible; PetalBot;+https://webmaster.petalsearch.com/site/petalbot)" "-"
137.184.66.0 - - [10/Jan/2026:00:50:10 +0100] "GET /photos/nelson/resized_IMG_0654.jpg HTTP/1.1" 404 1271 www.janebushell.co.uk "http://www.janebushell.co.uk/" "Mozilla/5.0 (Windows NT 10.0; Win64; x64) AppleWebKit/537.36 (KHTML, like Gecko) Chrome/112.0.0.0 Safari/537.36" "-"
177.204.164.0 - - [10/Jan/2026:00:50:12 +0100] "GET /photos/nelson/resized_IMG_0654.jpg HTTP/1.1" 404 1271 www.janebushell.co.uk "http://www.janebushell.co.uk/" "Mozilla/5.0 (Windows NT 10.0; Win64; x64) AppleWebKit/537.36 (KHTML, like Gecko) Chrome/112.0.0.0 Safari/537.36" "-"
43.153.35.0 - - [10/Jan/2026:00:50:28 +0100] "GET /speccy/library/ASM_Issue010_Xmas85.pdf HTTP/1.1" 200 7331469 www.broon.co.uk "-" "Mozilla/5.0 (iPhone; CPU iPhone OS 13_2_3 like Mac OS X) AppleWebKit/605.1.15 (KHTML, like Gecko) Version/13.0.3 Mobile/15E148 Safari/604.1" "-"
213.180.203.0 - - [10/Jan/2026:00:50:39 +0100] "GET /gits/monsters/816.txt HTTP/1.1" 429 227 broon.co.uk "-" "Mozilla/5.0 (compatible; YandexBot/3.0; +http://yandex.com/bots)" "-"
114.119.157.0 - - [10/Jan/2026:00:51:34 +0100] "GET /gallery-broon/slideshow.php?gid=65&interval=5&phid=2 HTTP/1.1" 200 2856 www.broon.co.uk "http://www.broon.co.uk/gallery-broon/view.php?hit=yes" "Mozilla/5.0 (Linux; Android 7.0;) AppleWebKit/537.36 (KHTML, like Gecko) Mobile Safari/537.36 (compatible; PetalBot;+https://webmaster.petalsearch.com/site/petalbot)" "-"
198.244.168.0 - - [10/Jan/2026:00:52:04 +0100] "GET /yapig-0.95b/view.php?gid=4&phid=8 HTTP/1.1" 200 4373 www.janebushell.co.uk "-" "Mozilla/5.0 (compatible; AhrefsBot/7.0; +http://ahrefs.com/robot/)" "-"
5.255.231.0 - - [10/Jan/2026:00:52:09 +0100] "GET /gallery-misc/view.php?gid=41&phid=42 HTTP/1.1" 429 227 janebushell.co.uk "-" "Mozilla/5.0 (compatible; YandexBot/3.0; +http://yandex.com/bots)" "-"
114.119.135.0 - - [10/Jan/2026:00:53:18 +0100] "GET /gallery-broon/slideshow.php?gid=65&interval=5&phid=197 HTTP/1.1" 200 2820 www.broon.co.uk "http://www.broon.co.uk/gallery-broon/view.php?gid=65&phid=196" "Mozilla/5.0 (Linux; Android 7.0;) AppleWebKit/537.36 (KHTML, like Gecko) Mobile Safari/537.36 (compatible; PetalBot;+https://webmaster.petalsearch.com/site/petalbot)" "-"
93.158.91.0 - - [10/Jan/2026:00:54:28 +0100] "GET / HTTP/1.1" 200 10486 janebushell.co.uk "-" "Mozilla/5.0 (Windows NT 6.3; Win64; x64; rv:109.0) Gecko/20100101 Firefox/115" "-"
93.158.90.0 - - [10/Jan/2026:00:54:28 +0100] "GET /gallery-usa2008/index.php HTTP/1.1" 200 2263 www.janebushell.co.uk "-" "Mozilla/5.0 (Windows NT 6.3; Win64; x64; rv:109.0) Gecko/20100101 Firefox/115" "-"
93.158.90.0 - - [10/Jan/2026:00:54:28 +0100] "GET /gallery-sa2007/index.php HTTP/1.1" 200 3111 www.janebushell.co.uk "-" "Mozilla/5.0 (Windows NT 6.3; Win64; x64; rv:109.0) Gecko/20100101 Firefox/115" "-"
93.158.90.0 - - [10/Jan/2026:00:54:28 +0100] "GET /messageboard/mboard.php HTTP/1.1" 200 9718 www.janebushell.co.uk "-" "Mozilla/5.0 (Windows NT 6.3; Win64; x64; rv:109.0) Gecko/20100101 Firefox/115" "-"
114.119.147.0 - - [10/Jan/2026:00:55:00 +0100] "GET /gallery-broon/slideshow.php?gid=65&interval=5&phid=194 HTTP/1.1" 200 2856 www.broon.co.uk "http://www.broon.co.uk/gallery-broon/view.php?gid=65&phid=193" "Mozilla/5.0 (Linux; Android 7.0;) AppleWebKit/537.36 (KHTML, like Gecko) Mobile Safari/537.36 (compatible; PetalBot;+https://webmaster.petalsearch.com/site/petalbot)" "-"
114.119.131.0 - - [10/Jan/2026:00:56:14 +0100] "GET /yapig-0.95b/view.php?gid=20&page=0 HTTP/1.1" 200 9874 www.janebushell.co.uk "http://www.janebushell.co.uk/yapig-0.95b/view.php?gid=20&phid=3" "Mozilla/5.0 (Linux; Android 7.0;) AppleWebKit/537.36 (KHTML, like Gecko) Mobile Safari/537.36 (compatible; PetalBot;+https://webmaster.petalsearch.com/site/petalbot)" "-"
114.119.143.0 - - [10/Jan/2026:00:56:43 +0100] "GET /gallery-broon/slideshow.php?gid=65&interval=5&phid=191 HTTP/1.1" 200 2820 www.broon.co.uk "http://www.broon.co.uk/gallery-broon/view.php?gid=65&phid=190" "Mozilla/5.0 (Linux; Android 7.0;) AppleWebKit/537.36 (KHTML, like Gecko) Mobile Safari/537.36 (compatible; PetalBot;+https://webmaster.petalsearch.com/site/petalbot)" "-"
51.89.129.0 - - [10/Jan/2026:00:57:34 +0100] "GET /gallery-usa/slideshow?gid=38&phid=12 HTTP/1.1" 200 2792 www.janebushell.co.uk "-" "Mozilla/5.0 (compatible; AhrefsBot/7.0; +http://ahrefs.com/robot/)" "-"
43.135.130.0 - - [10/Jan/2026:00:57:48 +0100] "GET /gallery-sa2007/view.php?gid=39&phid=17 HTTP/1.1" 200 4500 www.janebushell.co.uk "-" "Mozilla/5.0 (iPhone; CPU iPhone OS 13_2_3 like Mac OS X) AppleWebKit/605.1.15 (KHTML, like Gecko) Version/13.0.3 Mobile/15E148 Safari/604.1" "-"
114.119.135.0 - - [10/Jan/2026:00:58:25 +0100] "GET /gallery-broon/slideshow.php?gid=65&interval=5&phid=167 HTTP/1.1" 200 2818 www.broon.co.uk "http://www.broon.co.uk/gallery-broon/view.php?gid=65&phid=166" "Mozilla/5.0 (Linux; Android 7.0;) AppleWebKit/537.36 (KHTML, like Gecko) Mobile Safari/537.36 (compatible; PetalBot;+https://webmaster.petalsearch.com/site/petalbot)" "-"
95.108.213.0 - - [10/Jan/2026:00:59:36 +0100] "GET /gallery-broon/view.php?gid=44&phid=9 HTTP/1.1" 429 227 broon.co.uk "-" "Mozilla/5.0 (compatible; YandexBot/3.0; +http://yandex.com/bots)" "-"
114.119.140.0 - - [10/Jan/2026:01:00:09 +0100] "GET /gallery-broon/slideshow.php?gid=65&interval=5&phid=163 HTTP/1.1" 200 2818 www.broon.co.uk "http://www.broon.co.uk/gallery-broon/view.php?gid=65&phid=162" "Mozilla/5.0 (Linux; Android 7.0;) AppleWebKit/537.36 (KHTML, like Gecko) Mobile Safari/537.36 (compatible; PetalBot;+https://webmaster.petalsearch.com/site/petalbot)" "-"
43.132.214.0 - - [10/Jan/2026:01:00:42 +0100] "GET /speccy/library/ASM_Issue011_Sep86.pdf HTTP/1.1" 200 7380086 www.broon.co.uk "-" "Mozilla/5.0 (iPhone; CPU iPhone OS 13_2_3 like Mac OS X) AppleWebKit/605.1.15 (KHTML, like Gecko) Version/13.0.3 Mobile/15E148 Safari/604.1" "-"
114.119.139.0 - - [10/Jan/2026:01:01:51 +0100] "GET /gallery-broon/slideshow.php?gid=65&interval=5&phid=15 HTTP/1.1" 200 2896 www.broon.co.uk "http://www.broon.co.uk/gallery-broon/view.php?gid=65&phid=13" "Mozilla/5.0 (Linux; Android 7.0;) AppleWebKit/537.36 (KHTML, like Gecko) Mobile Safari/537.36 (compatible; PetalBot;+https://webmaster.petalsearch.com/site/petalbot)" "-"
51.195.183.0 - - [10/Jan/2026:01:02:48 +0100] "GET /gallery-misc/slideshow?gid=36&phid=23 HTTP/1.1" 200 2790 www.janebushell.co.uk "-" "Mozilla/5.0 (compatible; AhrefsBot/7.0; +http://ahrefs.com/robot/)" "-"
185.191.171.0 - - [10/Jan/2026:01:03:20 +0100] "GET /gits/links.htm HTTP/1.1" 429 227 www.broon.co.uk "-" "Mozilla/5.0 (compatible; SemrushBot/7~bl; +http://www.semrush.com/bot.html)" "-"
114.119.143.0 - - [10/Jan/2026:01:03:35 +0100] "GET /gallery-broon/slideshow.php?gid=65&interval=5&phid=138 HTTP/1.1" 200 2818 www.broon.co.uk "http://www.broon.co.uk/gallery-broon/view.php?gid=65&phid=137" "Mozilla/5.0 (Linux; Android 7.0;) AppleWebKit/537.36 (KHTML, like Gecko) Mobile Safari/537.36 (compatible; PetalBot;+https://webmaster.petalsearch.com/site/petalbot)" "-"
114.119.139.0 - - [10/Jan/2026:01:05:17 +0100] "GET /gallery-broon/slideshow.php?gid=65&interval=5&phid=131 HTTP/1.1" 200 2818 www.broon.co.uk "http://www.broon.co.uk/gallery-broon/view.php?gid=65&phid=130" "Mozilla/5.0 (Linux; Android 7.0;) AppleWebKit/537.36 (KHTML, like Gecko) Mobile Safari/537.36 (compatible; PetalBot;+https://webmaster.petalsearch.com/site/petalbot)" "-"
69.58.15.0 - - [10/Jan/2026:01:05:32 +0100] "GET / HTTP/1.1" 200 10533 broon.co.uk "-" "Mozilla/5.0 (Windows NT 10.0; Win64; x64) AppleWebKit/537.36 (KHTML, like Gecko) Chrome/143.0.0.0 Safari/537.36" "-"
69.58.15.0 - - [10/Jan/2026:01:05:40 +0100] "GET /artwork/index.html HTTP/1.1" 200 163 broon.co.uk "-" "Mozilla/5.0 (Windows NT 10.0; Win64; x64) AppleWebKit/537.36 (KHTML, like Gecko) Chrome/143.0.0.0 Safari/537.36" "-"
69.58.15.0 - - [10/Jan/2026:01:05:46 +0100] "GET /gits/home.htm HTTP/1.1" 200 6013 broon.co.uk "-" "Mozilla/5.0 (Windows NT 10.0; Win64; x64) AppleWebKit/537.36 (KHTML, like Gecko) Chrome/143.0.0.0 Safari/537.36" "-"
114.119.156.0 - - [10/Jan/2026:01:06:01 +0100] "GET /yapig-0.95b/view.php?gid=2&phid=10 HTTP/1.1" 200 4429 www.janebushell.co.uk "http://www.janebushell.co.uk/yapig-0.95b/view.php?gid=2&phid=11" "Mozilla/5.0 (Linux; Android 7.0;) AppleWebKit/537.36 (KHTML, like Gecko) Mobile Safari/537.36 (compatible; PetalBot;+https://webmaster.petalsearch.com/site/petalbot)" "-"
114.119.157.0 - - [10/Jan/2026:01:07:02 +0100] "GET /gallery-broon/slideshow.php?gid=65&interval=5&phid=117 HTTP/1.1" 200 2803 www.broon.co.uk "http://www.broon.co.uk/gallery-broon/view.php?gid=65&phid=114" "Mozilla/5.0 (Linux; Android 7.0;) AppleWebKit/537.36 (KHTML, like Gecko) Mobile Safari/537.36 (compatible; PetalBot;+https://webmaster.petalsearch.com/site/petalbot)" "-"
51.195.244.0 - - [10/Jan/2026:01:07:48 +0100] "GET /gallery-usa/view.php?gid=38&phid=18 HTTP/1.1" 200 4441 www.janebushell.co.uk "-" "Mozilla/5.0 (compatible; AhrefsBot/7.0; +http://ahrefs.com/robot/)" "-"
114.119.139.0 - - [10/Jan/2026:01:08:43 +0100] "GET /gallery-broon/slideshow.php?gid=65&interval=5&phid=104 HTTP/1.1" 200 2803 www.broon.co.uk "http://www.broon.co.uk/gallery-broon/view.php?gid=65&phid=102" "Mozilla/5.0 (Linux; Android 7.0;) AppleWebKit/537.36 (KHTML, like Gecko) Mobile Safari/537.36 (compatible; PetalBot;+https://webmaster.petalsearch.com/site/petalbot)" "-"
216.81.248.0 - - [10/Jan/2026:01:09:22 +0100] "GET /.git/config HTTP/1.1" 403 1271 broon.co.uk "-" "Mozilla/5.0 (Macintosh; Intel Mac OS X 10_13_6) AppleWebKit/537.36 (KHTML, like Gecko) Chrome/74.0.3729.169 Safari/537.36" "-"
114.119.140.0 - - [10/Jan/2026:01:10:25 +0100] "GET /gallery-broon/slideshow.php?gid=64&interval=5&phid=27 HTTP/1.1" 200 2708 www.broon.co.uk "-" "Mozilla/5.0 (Linux; Android 7.0;) AppleWebKit/537.36 (KHTML, like Gecko) Mobile Safari/537.36 (compatible; PetalBot;+https://webmaster.petalsearch.com/site/petalbot)" "-"
95.108.213.0 - - [10/Jan/2026:01:10:32 +0100] "GET /robots.txt HTTP/1.1" 429 227 broon.co.uk "-" "Mozilla/5.0 (compatible; YandexBot/3.0; +http://yandex.com/bots)" "-"
114.119.157.0 - - [10/Jan/2026:01:12:08 +0100] "GET /gallery-broon/slideshow.php?gid=63&interval=5&phid=9 HTTP/1.1" 200 2941 www.broon.co.uk "http://www.broon.co.uk/gallery-broon/view.php?gid=63&phid=8" "Mozilla/5.0 (Linux; Android 7.0;) AppleWebKit/537.36 (KHTML, like Gecko) Mobile Safari/537.36 (compatible; PetalBot;+https://webmaster.petalsearch.com/site/petalbot)" "-"
146.174.174.0 - - [10/Jan/2026:01:12:28 +0100] "GET /speccy/library/ASM_Issue004_Feb85.pdf HTTP/1.1" 200 6264219 broon.co.uk "-" "Mozilla/5.0 (X11; U; Linux x86_64; en-US; rv:1.9.2.8) Gecko/20100723 SUSE/3.6.8-0.1.1 Firefox/3.6.8" "-"
54.38.147.0 - - [10/Jan/2026:01:12:37 +0100] "GET /yapig-0.95b/slideshow?gid=7&phid=14 HTTP/1.1" 200 2826 www.janebushell.co.uk "-" "Mozilla/5.0 (compatible; AhrefsBot/7.0; +http://ahrefs.com/robot/)" "-"
170.106.35.0 - - [10/Jan/2026:01:12:40 +0100] "GET /gallery-sa2007/view.php?gid=39&phid=19 HTTP/1.1" 200 4484 www.janebushell.co.uk "-" "Mozilla/5.0 (iPhone; CPU iPhone OS 13_2_3 like Mac OS X) AppleWebKit/605.1.15 (KHTML, like Gecko) Version/13.0.3 Mobile/15E148 Safari/604.1" "-"
114.119.157.0 - - [10/Jan/2026:01:13:51 +0100] "GET /gallery-broon/slideshow.php?gid=63&interval=5&phid=13 HTTP/1.1" 200 2967 www.broon.co.uk "http://www.broon.co.uk/gallery-broon/view.php?gid=63&phid=12" "Mozilla/5.0 (Linux; Android 7.0;) AppleWebKit/537.36 (KHTML, like Gecko) Mobile Safari/537.36 (compatible; PetalBot;+https://webmaster.petalsearch.com/site/petalbot)" "-"
87.250.224.0 - - [10/Jan/2026:01:14:18 +0100] "GET /gallery-broon/slideshow?gid=58&phid=34 HTTP/1.1" 429 227 broon.co.uk "-" "Mozilla/5.0 (compatible; YandexBot/3.0; +http://yandex.com/bots)" "-"
114.119.140.0 - - [10/Jan/2026:01:15:34 +0100] "GET /gallery-broon/slideshow.php?gid=62&interval=5&phid=7 HTTP/1.1" 200 2678 www.broon.co.uk "http://www.broon.co.uk/gallery-broon/view.php?gid=62&phid=6" "Mozilla/5.0 (Linux; Android 7.0;) AppleWebKit/537.36 (KHTML, like Gecko) Mobile Safari/537.36 (compatible; PetalBot;+https://webmaster.petalsearch.com/site/petalbot)" "-"
114.119.155.0 - - [10/Jan/2026:01:15:48 +0100] "GET /yapig-0.95b/view.php?gid=14&phid=5 HTTP/1.1" 200 4476 www.janebushell.co.uk "http://www.janebushell.co.uk/yapig-0.95b/view.php?gid=14&page=0" "Mozilla/5.0 (Linux; Android 7.0;) AppleWebKit/537.36 (KHTML, like Gecko) Mobile Safari/537.36 (compatible; PetalBot;+https://webmaster.petalsearch.com/site/petalbot)" "-"
5.255.231.0 - - [10/Jan/2026:01:16:49 +0100] "GET /yapig-0.95b/view.php?gid=3&phid=7 HTTP/1.1" 429 227 janebushell.co.uk "-" "Mozilla/5.0 (compatible; YandexBot/3.0; +http://yandex.com/bots)" "-"
114.119.155.0 - - [10/Jan/2026:01:17:18 +0100] "GET /gallery-broon/slideshow.php?gid=55&interval=5&phid=66 HTTP/1.1" 200 2763 www.broon.co.uk "http://www.broon.co.uk/gallery-broon/view.php?gid=55&phid=65" "Mozilla/5.0 (Linux; Android 7.0;) AppleWebKit/537.36 (KHTML, like Gecko) Mobile Safari/537.36 (compatible; PetalBot;+https://webmaster.petalsearch.com/site/petalbot)" "-"
43.130.57.0 - - [10/Jan/2026:01:17:32 +0100] "GET /gallery-sa2007/slideshow.php?gid=39 HTTP/1.1" 200 2844 www.janebushell.co.uk "-" "Mozilla/5.0 (iPhone; CPU iPhone OS 13_2_3 like Mac OS X) AppleWebKit/605.1.15 (KHTML, like Gecko) Version/13.0.3 Mobile/15E148 Safari/604.1" "-"
198.244.183.0 - - [10/Jan/2026:01:18:00 +0100] "GET /yapig-0.95b/slideshow?gid=25&phid=5 HTTP/1.1" 200 2759 www.janebushell.co.uk "-" "Mozilla/5.0 (compatible; AhrefsBot/7.0; +http://ahrefs.com/robot/)" "-"
87.250.224.0 - - [10/Jan/2026:01:18:13 +0100] "GET /yapig-0.95b/view.php?gid=9&phid=1 HTTP/1.1" 429 227 janebushell.co.uk "-" "Mozilla/5.0 (compatible; YandexBot/3.0; +http://yandex.com/bots)" "-"
162.62.213.0 - - [10/Jan/2026:01:18:57 +0100] "GET /gallery-broon/slideshow.php?gid=68 HTTP/1.1" 200 2845 www.broon.co.uk "-" "Mozilla/5.0 (iPhone; CPU iPhone OS 13_2_3 like Mac OS X) AppleWebKit/605.1.15 (KHTML, like Gecko) Version/13.0.3 Mobile/15E148 Safari/604.1" "-"
114.119.140.0 - - [10/Jan/2026:01:19:00 +0100] "GET /gallery-broon/view.php?gid=70&phid=23 HTTP/1.1" 200 4422 www.broon.co.uk "http://www.broon.co.uk/gallery-broon/view.php?gid=70&phid=22" "Mozilla/5.0 (Linux; Android 7.0;) AppleWebKit/537.36 (KHTML, like Gecko) Mobile Safari/537.36 (compatible; PetalBot;+https://webmaster.petalsearch.com/site/petalbot)" "-"
49.51.132.0 - - [10/Jan/2026:01:19:26 +0100] "GET /speccy/library/ASM_Issue003_Jan85.pdf HTTP/1.1" 200 4447341 www.broon.co.uk "-" "Mozilla/5.0 (iPhone; CPU iPhone OS 13_2_3 like Mac OS X) AppleWebKit/605.1.15 (KHTML, like Gecko) Version/13.0.3 Mobile/15E148 Safari/604.1" "-"
87.250.224.0 - - [10/Jan/2026:01:20:38 +0100] "GET /yapig-0.95b/view.php?gid=32&phid=5 HTTP/1.1" 429 227 janebushell.co.uk "-" "Mozilla/5.0 (compatible; YandexBot/3.0; +http://yandex.com/bots)" "-"
114.119.155.0 - - [10/Jan/2026:01:20:43 +0100] "GET /gallery-broon/view.php?gid=65&phid=189 HTTP/1.1" 200 4463 www.broon.co.uk "http://www.broon.co.uk/gallery-broon/view.php?gid=65&phid=188" "Mozilla/5.0 (Linux; Android 7.0;) AppleWebKit/537.36 (KHTML, like Gecko) Mobile Safari/537.36 (compatible; PetalBot;+https://webmaster.petalsearch.com/site/petalbot)" "-"
5.255.231.0 - - [10/Jan/2026:01:20:51 +0100] "GET /speccy/images/enf1.gif HTTP/1.1" 429 227 broon.co.uk "-" "Mozilla/5.0 (compatible; YandexImages/3.0; +http://yandex.com/bots)" "-"
60.188.57.0 - - [10/Jan/2026:01:22:17 +0100] "GET / HTTP/1.1" 200 10486 janebushell.co.uk "-" "Mozilla/5.0 (iPhone; CPU iPhone OS 13_2_3 like Mac OS X) AppleWebKit/605.1.15 (KHTML, like Gecko) Version/13.0.3 Mobile/15E148 Safari/604.1" "-"
114.119.147.0 - - [10/Jan/2026:01:22:26 +0100] "GET /gallery-broon/view.php?gid=47&phid=0 HTTP/1.1" 200 4322 www.broon.co.uk "http://www.broon.co.uk/gallery-broon/view.php?gid=47&phid=2" "Mozilla/5.0 (Linux; Android 7.0;) AppleWebKit/537.36 (KHTML, like Gecko) Mobile Safari/537.36 (compatible; PetalBot;+https://webmaster.petalsearch.com/site/petalbot)" "-"
51.89.129.0 - - [10/Jan/2026:01:23:11 +0100] "GET /gallery-misc/slideshow.php?gid=39 HTTP/1.1" 200 2778 www.janebushell.co.uk "-" "Mozilla/5.0 (compatible; AhrefsBot/7.0; +http://ahrefs.com/robot/)" "-"
213.180.203.0 - - [10/Jan/2026:01:23:12 +0100] "GET /robots.txt HTTP/1.1" 429 227 janebushell.co.uk "-" "Mozilla/5.0 (compatible; YandexBot/3.0; +http://yandex.com/bots)" "-"
114.119.143.0 - - [10/Jan/2026:01:24:09 +0100] "GET /gallery-broon/slideshow?gid=65&phid=12 HTTP/1.1" 200 2890 www.broon.co.uk "http://www.broon.co.uk/gallery-broon/view.php?gid=65&phid=12" "Mozilla/5.0 (Linux; Android 7.0;) AppleWebKit/537.36 (KHTML, like Gecko) Mobile Safari/537.36 (compatible; PetalBot;+https://webmaster.petalsearch.com/site/petalbot)" "-"
87.250.224.0 - - [10/Jan/2026:01:24:46 +0100] "GET /yapig-0.95b/view.php?hit=yes&gid=14 HTTP/1.1" 429 227 janebushell.co.uk "-" "Mozilla/5.0 (compatible; YandexBot/3.0; +http://yandex.com/bots)" "-"
114.119.133.0 - - [10/Jan/2026:01:25:33 +0100] "GET /yapig-0.95b/view.php?gid=14&phid=2 HTTP/1.1" 200 4439 www.janebushell.co.uk "http://www.janebushell.co.uk/yapig-0.95b/view.php?gid=14&page=0" "Mozilla/5.0 (Linux; Android 7.0;) AppleWebKit/537.36 (KHTML, like Gecko) Mobile Safari/537.36 (compatible; PetalBot;+https://webmaster.petalsearch.com/site/petalbot)" "-"
114.119.157.0 - - [10/Jan/2026:01:25:52 +0100] "GET /gallery-broon/slideshow.php?gid=71&interval=5&phid=3 HTTP/1.1" 200 2727 www.broon.co.uk "http://www.broon.co.uk/gallery-broon/view.php?gid=71&phid=0" "Mozilla/5.0 (Linux; Android 7.0;) AppleWebKit/537.36 (KHTML, like Gecko) Mobile Safari/537.36 (compatible; PetalBot;+https://webmaster.petalsearch.com/site/petalbot)" "-"
43.135.130.0 - - [10/Jan/2026:01:27:21 +0100] "GET /download/qhelp.zip HTTP/1.1" 404 1271 www.broon.co.uk "-" "Mozilla/5.0 (iPhone; CPU iPhone OS 13_2_3 like Mac OS X) AppleWebKit/605.1.15 (KHTML, like Gecko) Version/13.0.3 Mobile/15E148 Safari/604.1" "-"
114.119.140.0 - - [10/Jan/2026:01:27:34 +0100] "GET /gallery-broon/slideshow.php?gid=71&interval=5&phid=18 HTTP/1.1" 200 2730 www.broon.co.uk "http://www.broon.co.uk/gallery-broon/view.php?gid=71&phid=15" "Mozilla/5.0 (Linux; Android 7.0;) AppleWebKit/537.36 (KHTML, like Gecko) Mobile Safari/537.36 (compatible; PetalBot;+https://webmaster.petalsearch.com/site/petalbot)" "-"
198.244.168.0 - - [10/Jan/2026:01:28:08 +0100] "GET /gallery-sa2007/view.php?gid=39&phid=6 HTTP/1.1" 200 4559 www.janebushell.co.uk "-" "Mozilla/5.0 (compatible; AhrefsBot/7.0; +http://ahrefs.com/robot/)" "-"
114.119.143.0 - - [10/Jan/2026:01:29:17 +0100] "GET /gallery-broon/slideshow.php?gid=70&interval=5&phid=42 HTTP/1.1" 200 2747 www.broon.co.uk "http://www.broon.co.uk/gallery-broon/view.php?gid=70&phid=39" "Mozilla/5.0 (Linux; Android 7.0;) AppleWebKit/537.36 (KHTML, like Gecko) Mobile Safari/537.36 (compatible; PetalBot;+https://webmaster.petalsearch.com/site/petalbot)" "-"
114.119.147.0 - - [10/Jan/2026:01:31:00 +0100] "GET /gallery-broon/slideshow.php?gid=70&interval=5&phid=27 HTTP/1.1" 200 2747 www.broon.co.uk "http://www.broon.co.uk/gallery-broon/view.php?gid=70&phid=24" "Mozilla/5.0 (Linux; Android 7.0;) AppleWebKit/537.36 (KHTML, like Gecko) Mobile Safari/537.36 (compatible; PetalBot;+https://webmaster.petalsearch.com/site/petalbot)" "-"
114.119.140.0 - - [10/Jan/2026:01:32:42 +0100] "GET /gallery-broon/slideshow.php?gid=70&interval=5&phid=15 HTTP/1.1" 200 2747 www.broon.co.uk "http://www.broon.co.uk/gallery-broon/view.php?gid=70&phid=12" "Mozilla/5.0 (Linux; Android 7.0;) AppleWebKit/537.36 (KHTML, like Gecko) Mobile Safari/537.36 (compatible; PetalBot;+https://webmaster.petalsearch.com/site/petalbot)" "-"
185.191.171.0 - - [10/Jan/2026:01:33:06 +0100] "GET /gallery-broon/view.php?gid=59 HTTP/1.1" 429 227 www.broon.co.uk "-" "Mozilla/5.0 (compatible; SemrushBot/7~bl; +http://www.semrush.com/bot.html)" "-"
198.244.240.0 - - [10/Jan/2026:01:33:18 +0100] "GET /yapig-0.95b/slideshow.php?gid=5 HTTP/1.1" 200 2771 www.janebushell.co.uk "-" "Mozilla/5.0 (compatible; AhrefsBot/7.0; +http://ahrefs.com/robot/)" "-"
114.119.140.0 - - [10/Jan/2026:01:34:53 +0100] "GET /gallery-broon/slideshow.php?gid=70&interval=5&phid=14 HTTP/1.1" 200 2747 www.broon.co.uk "http://www.broon.co.uk/gallery-broon/view.php?gid=70&phid=11" "Mozilla/5.0 (Linux; Android 7.0;) AppleWebKit/537.36 (KHTML, like Gecko) Mobile Safari/537.36 (compatible; PetalBot;+https://webmaster.petalsearch.com/site/petalbot)" "-"
114.119.148.0 - - [10/Jan/2026:01:35:21 +0100] "GET /yapig-0.95b/view.php?gid=13&phid=7 HTTP/1.1" 200 4505 www.janebushell.co.uk "http://www.janebushell.co.uk/yapig-0.95b/view.php?gid=13&page=0" "Mozilla/5.0 (Linux; Android 7.0;) AppleWebKit/537.36 (KHTML, like Gecko) Mobile Safari/537.36 (compatible; PetalBot;+https://webmaster.petalsearch.com/site/petalbot)" "-"
54.38.147.0 - - [10/Jan/2026:01:35:38 +0100] "GET / HTTP/1.1" 200 10533 broon.co.uk "-" "Mozilla/5.0 (compatible; AhrefsBot/7.0; +http://ahrefs.com/robot/)" "-"
114.119.143.0 - - [10/Jan/2026:01:36:09 +0100] "GET /gallery-broon/slideshow.php?gid=69&interval=5&phid=93 HTTP/1.1" 200 2764 www.broon.co.uk "http://www.broon.co.uk/gallery-broon/view.php?gid=69&phid=90" "Mozilla/5.0 (Linux; Android 7.0;) AppleWebKit/537.36 (KHTML, like Gecko) Mobile Safari/537.36 (compatible; PetalBot;+https://webmaster.petalsearch.com/site/petalbot)" "-"
198.244.240.0 - - [10/Jan/2026:01:37:01 +0100] "GET /gallery-broon/view.php?gid=44&page=1 HTTP/1.1" 200 17295 www.broon.co.uk "-" "Mozilla/5.0 (compatible; AhrefsBot/7.0; +http://ahrefs.com/robot/)" "-"
51.89.129.0 - - [10/Jan/2026:01:37:40 +0100] "GET /gallery-galap/view.php?gid=38&page=0 HTTP/1.1" 200 13557 www.janebushell.co.uk "-" "Mozilla/5.0 (compatible; AhrefsBot/7.0; +http://ahrefs.com/robot/)" "-"
114.119.143.0 - - [10/Jan/2026:01:37:53 +0100] "GET /gallery-broon/slideshow.php?gid=69&interval=5&phid=92 HTTP/1.1" 200 2764 www.broon.co.uk "http://www.broon.co.uk/gallery-broon/view.php?gid=69&phid=91" "Mozilla/5.0 (Linux; Android 7.0;) AppleWebKit/537.36 (KHTML, like Gecko) Mobile Safari/537.36 (compatible; PetalBot;+https://webmaster.petalsearch.com/site/petalbot)" "-"
198.244.226.0 - - [10/Jan/2026:01:38:31 +0100] "GET /gallery-broon/view.php?gid=63&phid=4 HTTP/1.1" 200 4438 www.broon.co.uk "-" "Mozilla/5.0 (compatible; AhrefsBot/7.0; +http://ahrefs.com/robot/)" "-"
43.159.139.0 - - [10/Jan/2026:01:38:37 +0100] "GET /download/mapping.zip HTTP/1.1" 404 1271 www.broon.co.uk "-" "Mozilla/5.0 (iPhone; CPU iPhone OS 13_2_3 like Mac OS X) AppleWebKit/605.1.15 (KHTML, like Gecko) Version/13.0.3 Mobile/15E148 Safari/604.1" "-"
