114.119.140.0 - - [10/Jan/2026:11:43:25 +0100] "GET /gallery-broon/view.php?gid=52&phid=8 HTTP/1.1" 200 4477 www.broon.co.uk "http://www.broon.co.uk/gallery-broon/view.php?gid=52&phid=7" "Mozilla/5.0 (Linux; Android 7.0;) AppleWebKit/537.36 (KHTML, like Gecko) Mobile Safari/537.36 (compatible; PetalBot;+https://webmaster.petalsearch.com/site/petalbot)" "-"
51.89.129.0 - - [10/Jan/2026:11:43:35 +0100] "GET /gallery-broon/view.php?gid=65&phid=38 HTTP/1.1" 200 4615 www.broon.co.uk "-" "Mozilla/5.0 (compatible; AhrefsBot/7.0; +http://ahrefs.com/robot/)" "-"
40.77.167.0 - - [10/Jan/2026:11:45:13 +0100] "GET /gallery-misc/slideshow.php?gid=44&interval=5&phid=1 HTTP/1.1" 200 2768 www.janebushell.co.uk "-" "Mozilla/5.0 AppleWebKit/537.36 (KHTML, like Gecko; compatible; bingbot/2.0; +http://www.bing.com/bingbot.htm) Chrome/116.0.1938.76 Safari/537.36" "-"
114.119.143.0 - - [10/Jan/2026:11:45:34 +0100] "GET /gallery-broon/view.php?gid=51&phid=6 HTTP/1.1" 200 4435 www.broon.co.uk "http://www.broon.co.uk/gallery-broon/view.php?hit=yes&gid=51" "Mozilla/5.0 (Linux; Android 7.0;) AppleWebKit/537.36 (KHTML, like Gecko) Mobile Safari/537.36 (compatible; PetalBot;+https://webmaster.petalsearch.com/site/petalbot)" "-"
54.38.147.0 - - [10/Jan/2026:11:46:11 +0100] "GET /yapig-0.95b/view.php?hit=yes&gid=28 HTTP/1.1" 302 - www.janebushell.co.uk "-" "Mozilla/5.0 (compatible; AhrefsBot/7.0; +http://ahrefs.com/robot/)" "-"
198.244.240.0 - - [10/Jan/2026:11:46:29 +0100] "GET /gallery-broon/view.php?gid=41&phid=12 HTTP/1.1" 200 4458 broon.co.uk "-" "Mozilla/5.0 (compatible; AhrefsBot/7.0; +http://ahrefs.com/robot/)" "-"
45.78.221.0 - - [10/Jan/2026:11:46:45 +0100] "GET /speccy/images/technical_z80load.jpg HTTP/1.1" 200 39870 www.broon.co.uk "-" "Mozilla/5.0 (Macintosh; Intel Mac OS X 10_15_7) AppleWebKit/537.36 (KHTML, like Gecko) Chrome/120.0.0.0 Safari/537.36" "-"
114.119.148.0 - - [10/Jan/2026:11:47:32 +0100] "GET /yapig-0.95b/view.php?gid=19&page=0 HTTP/1.1" 200 7493 www.janebushell.co.uk "http://www.janebushell.co.uk/yapig-0.95b/view.php?gid=19&phid=7" "Mozilla/5.0 (Linux; Android 7.0;) AppleWebKit/537.36 (KHTML, like Gecko) Mobile Safari/537.36 (compatible; PetalBot;+https://webmaster.petalsearch.com/site/petalbot)" "-"
114.119.155.0 - - [10/Jan/2026:11:47:40 +0100] "GET /gallery-broon/view.php?gid=50&phid=9 HTTP/1.1" 200 4445 www.broon.co.uk "http://www.broon.co.uk/gallery-broon/view.php?gid=50&phid=8" "Mozilla/5.0 (Linux; Android 7.0;) AppleWebKit/537.36 (KHTML, like Gecko) Mobile Safari/537.36 (compatible; PetalBot;+https://webmaster.petalsearch.com/site/petalbot)" "-"
52.2.83.0 - - [10/Jan/2026:11:47:52 +0100] "GET /messageboard/msg/11.html HTTP/1.1" 200 5231 www.janebushell.co.uk "-" "Mozilla/5.0 AppleWebKit/537.36 (KHTML, like Gecko; compatible; Amazonbot/0.1; +https://developer.amazon.com/support/amazonbot) Chrome/119.0.6045.214 Safari/537.36" "-"
98.84.131.0 - - [10/Jan/2026:11:47:57 +0100] "GET /messageboard/msg/42.html HTTP/1.1" 200 5017 www.janebushell.co.uk "-" "Mozilla/5.0 AppleWebKit/537.36 (KHTML, like Gecko; compatible; Amazonbot/0.1; +https://developer.amazon.com/support/amazonbot) Chrome/119.0.6045.214 Safari/537.36" "-"
213.180.203.0 - - [10/Jan/2026:11:48:45 +0100] "GET /gallery-broon/slideshow?gid=61&phid=18 HTTP/1.1" 429 227 broon.co.uk "-" "Mozilla/5.0 (compatible; YandexBot/3.0; +http://yandex.com/bots)" "-"
198.244.226.0 - - [10/Jan/2026:11:49:29 +0100] "GET /gallery-broon/view.php?gid=62&phid=5 HTTP/1.1" 200 4458 broon.co.uk "-" "Mozilla/5.0 (compatible; AhrefsBot/7.0; +http://ahrefs.com/robot/)" "-"
114.119.140.0 - - [10/Jan/2026:11:49:46 +0100] "GET /gallery-broon/view.php?gid=50&phid=1 HTTP/1.1" 200 4441 www.broon.co.uk "http://www.broon.co.uk/gallery-broon/view.php?gid=50&phid=2" "Mozilla/5.0 (Linux; Android 7.0;) AppleWebKit/537.36 (KHTML, like Gecko) Mobile Safari/537.36 (compatible; PetalBot;+https://webmaster.petalsearch.com/site/petalbot)" "-"
213.180.203.0 - - [10/Jan/2026:11:50:51 +0100] "GET /gallery-usa/view.php?gid=38&phid=12 HTTP/1.1" 429 227 janebushell.co.uk "-" "Mozilla/5.0 (compatible; YandexBot/3.0; +http://yandex.com/bots)" "-"
198.244.183.0 - - [10/Jan/2026:11:51:08 +0100] "GET /yapig-0.95b/slideshow?gid=2&phid=0 HTTP/1.1" 200 2824 www.janebushell.co.uk "-" "Mozilla/5.0 (compatible; AhrefsBot/7.0; +http://ahrefs.com/robot/)" "-"
114.119.143.0 - - [10/Jan/2026:11:51:53 +0100] "GET /gallery-broon/view.php?gid=50&phid=0 HTTP/1.1" 200 4399 www.broon.co.uk "http://www.broon.co.uk/gallery-broon/view.php?gid=50&phid=1" "Mozilla/5.0 (Linux; Android 7.0;) AppleWebKit/537.36 (KHTML, like Gecko) Mobile Safari/537.36 (compatible; PetalBot;+https://webmaster.petalsearch.com/site/petalbot)" "-"
198.244.226.0 - - [10/Jan/2026:11:52:40 +0100] "GET /gallery-broon/view.php?gid=54&phid=10 HTTP/1.1" 200 4419 broon.co.uk "-" "Mozilla/5.0 (compatible; AhrefsBot/7.0; +http://ahrefs.com/robot/)" "-"
114.119.147.0 - - [10/Jan/2026:11:54:01 +0100] "GET /gallery-broon/view.php?gid=47&phid=7 HTTP/1.1" 200 4406 www.broon.co.uk "http://www.broon.co.uk/gallery-broon/view.php?gid=47&page=0" "Mozilla/5.0 (Linux; Android 7.0;) AppleWebKit/537.36 (KHTML, like Gecko) Mobile Safari/537.36 (compatible; PetalBot;+https://webmaster.petalsearch.com/site/petalbot)" "-"
213.180.203.0 - - [10/Jan/2026:11:55:05 +0100] "GET /gallery-usa/view.php?gid=40&phid=13 HTTP/1.1" 429 227 janebushell.co.uk "-" "Mozilla/5.0 (compatible; YandexBot/3.0; +http://yandex.com/bots)" "-"
51.195.244.0 - - [10/Jan/2026:11:55:55 +0100] "GET /gallery-broon/view.php?gid=67 HTTP/1.1" 200 4411 www.broon.co.uk "-" "Mozilla/5.0 (compatible; AhrefsBot/7.0; +http://ahrefs.com/robot/)" "-"
114.119.155.0 - - [10/Jan/2026:11:56:06 +0100] "GET /gallery-broon/view.php?gid=44&phid=81 HTTP/1.1" 200 4481 www.broon.co.uk "http://www.broon.co.uk/gallery-broon/view.php?gid=44&phid=80" "Mozilla/5.0 (Linux; Android 7.0;) AppleWebKit/537.36 (KHTML, like Gecko) Mobile Safari/537.36 (compatible; PetalBot;+https://webmaster.petalsearch.com/site/petalbot)" "-"
198.244.226.0 - - [10/Jan/2026:11:56:31 +0100] "GET /yapig-0.95b/view.php?hit=yes&gid=11 HTTP/1.1" 302 - www.janebushell.co.uk "-" "Mozilla/5.0 (compatible; AhrefsBot/7.0; +http://ahrefs.com/robot/)" "-"
114.119.133.0 - - [10/Jan/2026:11:56:41 +0100] "GET /yapig-0.95b/view.php?gid=13&phid=5 HTTP/1.1" 200 4511 www.janebushell.co.uk "http://www.janebushell.co.uk/yapig-0.95b/view.php?gid=13&phid=4" "Mozilla/5.0 (Linux; Android 7.0;) AppleWebKit/537.36 (KHTML, like Gecko) Mobile Safari/537.36 (compatible; PetalBot;+https://webmaster.petalsearch.com/site/petalbot)" "-"
93.158.90.0 - - [10/Jan/2026:11:57:05 +0100] "GET / HTTP/1.1" 200 10533 broon.co.uk "-" "Mozilla/5.0 (iPhone; CPU iPhone OS 17_1_2 like Mac OS X) AppleWebKit/605.1.15 (KHTML, like Gecko) Version/17.1.2 Mobile/15E148 Safari/604" "-"
93.158.90.0 - - [10/Jan/2026:11:57:06 +0100] "GET / HTTP/1.1" 200 10533 www.broon.co.uk "-" "Mozilla/5.0 (iPhone; CPU iPhone OS 17_1_2 like Mac OS X) AppleWebKit/605.1.15 (KHTML, like Gecko) Version/17.1.2 Mobile/15E148 Safari/604" "-"
114.119.135.0 - - [10/Jan/2026:11:58:13 +0100] "GET /gallery-broon/view.php?gid=44&phid=75 HTTP/1.1" 200 4476 www.broon.co.uk "http://www.broon.co.uk/gallery-broon/view.php?gid=44&phid=74" "Mozilla/5.0 (Linux; Android 7.0;) AppleWebKit/537.36 (KHTML, like Gecko) Mobile Safari/537.36 (compatible; PetalBot;+https://webmaster.petalsearch.com/site/petalbot)" "-"
51.89.129.0 - - [10/Jan/2026:11:59:06 +0100] "GET /gallery-broon/view.php?gid=61&page=2 HTTP/1.1" 200 5661 www.broon.co.uk "-" "Mozilla/5.0 (compatible; AhrefsBot/7.0; +http://ahrefs.com/robot/)" "-"
114.119.147.0 - - [10/Jan/2026:12:00:18 +0100] "GET /gallery-broon/view.php?gid=44&phid=56 HTTP/1.1" 200 4463 www.broon.co.uk "http://www.broon.co.uk/gallery-broon/view.php?gid=44&phid=57" "Mozilla/5.0 (Linux; Android 7.0;) AppleWebKit/537.36 (KHTML, like Gecko) Mobile Safari/537.36 (compatible; PetalBot;+https://webmaster.petalsearch.com/site/petalbot)" "-"
5.255.231.0 - - [10/Jan/2026:12:02:01 +0100] "GET /yapig-0.95b/view.php?gid=6&phid=3 HTTP/1.1" 429 227 janebushell.co.uk "-" "Mozilla/5.0 (compatible; YandexBot/3.0; +http://yandex.com/bots)" "-"
51.195.183.0 - - [10/Jan/2026:12:02:18 +0100] "GET /gallery-broon/slideshow.php?gid=55 HTTP/1.1" 200 3017 broon.co.uk "-" "Mozilla/5.0 (compatible; AhrefsBot/7.0; +http://ahrefs.com/robot/)" "-"
198.244.168.0 - - [10/Jan/2026:12:02:22 +0100] "GET /gallery-galap/view.php?gid=38&phid=2 HTTP/1.1" 200 4451 www.janebushell.co.uk "-" "Mozilla/5.0 (compatible; AhrefsBot/7.0; +http://ahrefs.com/robot/)" "-"
114.119.143.0 - - [10/Jan/2026:12:02:25 +0100] "GET /gallery-broon/view.php?gid=43&phid=9 HTTP/1.1" 200 4424 www.broon.co.uk "http://www.broon.co.uk/gallery-broon/view.php?gid=43&phid=8" "Mozilla/5.0 (Linux; Android 7.0;) AppleWebKit/537.36 (KHTML, like Gecko) Mobile Safari/537.36 (compatible; PetalBot;+https://webmaster.petalsearch.com/site/petalbot)" "-"
45.78.218.0 - - [10/Jan/2026:12:03:55 +0100] "GET /scotland/language.htm HTTP/1.1" 200 5213 www.broon.co.uk "-" "Mozilla/5.0 (Linux; Android 13; Pixel 7) AppleWebKit/537.36 (KHTML, like Gecko) Chrome/120.0.0.0 Mobile Safari/537.36" "-"
114.119.140.0 - - [10/Jan/2026:12:04:32 +0100] "GET /gallery-broon/view.php?gid=42&phid=3 HTTP/1.1" 200 4488 www.broon.co.uk "http://www.broon.co.uk/gallery-broon/view.php?gid=42&phid=4" "Mozilla/5.0 (Linux; Android 7.0;) AppleWebKit/537.36 (KHTML, like Gecko) Mobile Safari/537.36 (compatible; PetalBot;+https://webmaster.petalsearch.com/site/petalbot)" "-"
54.38.147.0 - - [10/Jan/2026:12:05:30 +0100] "GET /gallery-broon/view.php?gid=44&phid=24 HTTP/1.1" 200 4526 www.broon.co.uk "-" "Mozilla/5.0 (compatible; AhrefsBot/7.0; +http://ahrefs.com/robot/)" "-"
114.119.152.0 - - [10/Jan/2026:12:05:51 +0100] "GET /yapig-0.95b/view.php?gid=12&phid=0 HTTP/1.1" 200 4301 www.janebushell.co.uk "http://www.janebushell.co.uk/yapig-0.95b/view.php?gid=12&page=0" "Mozilla/5.0 (Linux; Android 7.0;) AppleWebKit/537.36 (KHTML, like Gecko) Mobile Safari/537.36 (compatible; PetalBot;+https://webmaster.petalsearch.com/site/petalbot)" "-"
17.241.75.0 - - [10/Jan/2026:12:05:51 +0100] "GET /robots.txt HTTP/1.1" 404 1271 www.broon.co.uk "-" "Mozilla/5.0 (Macintosh; Intel Mac OS X 10_15_7) AppleWebKit/605.1.15 (KHTML, like Gecko) Version/17.4 Safari/605.1.15 (Applebot/0.1; +http://www.apple.com/go/applebot)" "-"
17.241.75.0 - - [10/Jan/2026:12:05:51 +0100] "GET /gallery-broon/view.php?gid=44&phid=35 HTTP/1.1" 200 4450 www.broon.co.uk "-" "Mozilla/5.0 (Macintosh; Intel Mac OS X 10_15_7) AppleWebKit/605.1.15 (KHTML, like Gecko) Version/17.4 Safari/605.1.15 (Applebot/0.1; +http://www.apple.com/go/applebot)" "-"
52.167.144.0 - - [10/Jan/2026:12:05:59 +0100] "GET /gallery-broon/view.php?gid=46&phid=9 HTTP/1.1" 200 4432 www.broon.co.uk "-" "Mozilla/5.0 AppleWebKit/537.36 (KHTML, like Gecko; compatible; bingbot/2.0; +http://www.bing.com/bingbot.htm) Chrome/116.0.1938.76 Safari/537.36" "-"
114.119.147.0 - - [10/Jan/2026:12:06:40 +0100] "GET /gallery-broon/view.php?gid=41&phid=4 HTTP/1.1" 200 4471 www.broon.co.uk "http://www.broon.co.uk/gallery-broon/view.php?gid=41&phid=5" "Mozilla/5.0 (Linux; Android 7.0;) AppleWebKit/537.36 (KHTML, like Gecko) Mobile Safari/537.36 (compatible; PetalBot;+https://webmaster.petalsearch.com/site/petalbot)" "-"
5.255.231.0 - - [10/Jan/2026:12:07:36 +0100] "GET /yapig-0.95b/slideshow.php?gid=5 HTTP/1.1" 429 227 janebushell.co.uk "-" "Mozilla/5.0 (compatible; YandexBot/3.0; +http://yandex.com/bots)" "-"
5.255.231.0 - - [10/Jan/2026:12:08:01 +0100] "GET /gallery-broon/slideshow?gid=66&phid=1 HTTP/1.1" 429 227 broon.co.uk "-" "Mozilla/5.0 (compatible; YandexBot/3.0; +http://yandex.com/bots)" "-"
198.244.226.0 - - [10/Jan/2026:12:08:27 +0100] "GET /yapig-0.95b/view.php?gid=10&phid=5 HTTP/1.1" 200 4421 www.janebushell.co.uk "-" "Mozilla/5.0 (compatible; AhrefsBot/7.0; +http://ahrefs.com/robot/)" "-"
51.89.129.0 - - [10/Jan/2026:12:08:34 +0100] "GET /gallery-broon/view.php?gid=41&phid=9 HTTP/1.1" 200 4456 broon.co.uk "-" "Mozilla/5.0 (compatible; AhrefsBot/7.0; +http://ahrefs.com/robot/)" "-"
5.255.231.0 - - [10/Jan/2026:12:08:38 +0100] "GET /yapig-0.95b/view.php?gid=11&phid=2 HTTP/1.1" 429 227 janebushell.co.uk "-" "Mozilla/5.0 (compatible; YandexBot/3.0; +http://yandex.com/bots)" "-"
114.119.143.0 - - [10/Jan/2026:12:08:46 +0100] "GET /gallery-broon/slideshow?gid=71&phid=17 HTTP/1.1" 200 2730 www.broon.co.uk "http://www.broon.co.uk/gallery-broon/view.php?gid=71&phid=17" "Mozilla/5.0 (Linux; Android 7.0;) AppleWebKit/537.36 (KHTML, like Gecko) Mobile Safari/537.36 (compatible; PetalBot;+https://webmaster.petalsearch.com/site/petalbot)" "-"
102.37.216.0 - - [10/Jan/2026:12:09:01 +0100] "GET / HTTP/1.1" 200 10533 broon.co.uk "-" "Mozilla/5.0" "-"
102.37.216.0 - - [10/Jan/2026:12:09:02 +0100] "GET / HTTP/1.1" 200 10533 broon.co.uk "-" "Mozilla/5.0" "-"
5.255.231.0 - - [10/Jan/2026:12:10:33 +0100] "GET /robots.txt HTTP/1.1" 429 227 broon.co.uk "-" "Mozilla/5.0 (compatible; YandexBot/3.0; +http://yandex.com/bots)" "-"
114.119.139.0 - - [10/Jan/2026:12:10:53 +0100] "GET /gallery-broon/slideshow?gid=70&phid=14 HTTP/1.1" 200 2747 www.broon.co.uk "http://www.broon.co.uk/gallery-broon/view.php?gid=70&phid=14" "Mozilla/5.0 (Linux; Android 7.0;) AppleWebKit/537.36 (KHTML, like Gecko) Mobile Safari/537.36 (compatible; PetalBot;+https://webmaster.petalsearch.com/site/petalbot)" "-"
51.195.215.0 - - [10/Jan/2026:12:11:49 +0100] "GET /gallery-broon/view.php?gid=65&phid=217 HTTP/1.1" 200 4463 www.broon.co.uk "-" "Mozilla/5.0 (compatible; AhrefsBot/7.0; +http://ahrefs.com/robot/)" "-"
114.119.155.0 - - [10/Jan/2026:12:13:00 +0100] "GET /gallery-broon/slideshow?gid=69&phid=84 HTTP/1.1" 200 2764 www.broon.co.uk "http://www.broon.co.uk/gallery-broon/view.php?gid=69&phid=84" "Mozilla/5.0 (Linux; Android 7.0;) AppleWebKit/537.36 (KHTML, like Gecko) Mobile Safari/537.36 (compatible; PetalBot;+https://webmaster.petalsearch.com/site/petalbot)" "-"
213.180.203.0 - - [10/Jan/2026:12:14:31 +0100] "GET /gallery-broon/view.php?gid=70&phid=23 HTTP/1.1" 429 227 broon.co.uk "-" "Mozilla/5.0 (compatible; YandexBot/3.0; +http://yandex.com/bots)" "-"
114.119.155.0 - - [10/Jan/2026:12:15:03 +0100] "GET /yapig-0.95b/view.php?gid=10&phid=1 HTTP/1.1" 200 4426 www.janebushell.co.uk "http://www.janebushell.co.uk/yapig-0.95b/view.php?gid=10&phid=0" "Mozilla/5.0 (Linux; Android 7.0;) AppleWebKit/537.36 (KHTML, like Gecko) Mobile Safari/537.36 (compatible; PetalBot;+https://webmaster.petalsearch.com/site/petalbot)" "-"
51.195.215.0 - - [10/Jan/2026:12:15:05 +0100] "GET /gallery-sa2007/slideshow?gid=39&phid=35 HTTP/1.1" 200 2822 www.janebushell.co.uk "-" "Mozilla/5.0 (compatible; AhrefsBot/7.0; +http://ahrefs.com/robot/)" "-"
114.119.147.0 - - [10/Jan/2026:12:15:06 +0100] "GET /gallery-broon/slideshow?gid=69&phid=82 HTTP/1.1" 200 2764 www.broon.co.uk "http://www.broon.co.uk/gallery-broon/view.php?gid=69&phid=82" "Mozilla/5.0 (Linux; Android 7.0;) AppleWebKit/537.36 (KHTML, like Gecko) Mobile Safari/537.36 (compatible; PetalBot;+https://webmaster.petalsearch.com/site/petalbot)" "-"
51.195.244.0 - - [10/Jan/2026:12:15:07 +0100] "GET /gallery-broon/slideshow?gid=43&phid=14 HTTP/1.1" 200 2803 broon.co.uk "-" "Mozilla/5.0 (compatible; AhrefsBot/7.0; +http://ahrefs.com/robot/)" "-"
116.179.32.0 - - [10/Jan/2026:12:15:13 +0100] "GET /links/links.php HTTP/1.1" 429 227 www.janebushell.co.uk "-" "Mozilla/5.0 (compatible; Baiduspider/2.0; +http://www.baidu.com/search/spider.html)" "-"
119.249.100.0 - - [10/Jan/2026:12:15:13 +0100] "GET /links/links.php HTTP/1.1" 200 2586 www.janebushell.co.uk "-" "Mozilla/5.0 (Windows NT 10.0; WOW64) AppleWebKit/537.36 (KHTML, like Gecko) Chrome/48.0.2564.116 Safari/537.36" "-"
116.179.33.0 - - [10/Jan/2026:12:15:16 +0100] "GET /links/button_home.jpg HTTP/1.1" 200 2044 www.janebushell.co.uk "http://www.janebushell.co.uk/links/links.php" "Mozilla/5.0 (Windows NT 10.0; Win64; x64) AppleWebKit/537.36 (KHTML, like Gecko) Chrome/99.0.4844.51 Safari/537.36" "-"
116.179.33.0 - - [10/Jan/2026:12:15:16 +0100] "GET /links/button_link_on.jpg HTTP/1.1" 200 2329 www.janebushell.co.uk "http://www.janebushell.co.uk/links/links.php" "Mozilla/5.0 (Windows NT 10.0; Win64; x64) AppleWebKit/537.36 (KHTML, like Gecko) Chrome/99.0.4844.51 Safari/537.36" "-"
116.179.33.0 - - [10/Jan/2026:12:15:16 +0100] "GET /links/button_link.jpg HTTP/1.1" 200 2305 www.janebushell.co.uk "http://www.janebushell.co.uk/links/links.php" "Mozilla/5.0 (Windows NT 10.0; Win64; x64) AppleWebKit/537.36 (KHTML, like Gecko) Chrome/99.0.4844.51 Safari/537.36" "-"
116.179.33.0 - - [10/Jan/2026:12:15:16 +0100] "GET /links/button_home_on.jpg HTTP/1.1" 200 2093 www.janebushell.co.uk "http://www.janebushell.co.uk/links/links.php" "Mozilla/5.0 (Windows NT 10.0; Win64; x64) AppleWebKit/537.36 (KHTML, like Gecko) Chrome/99.0.4844.51 Safari/537.36" "-"
3.210.114.0 - - [10/Jan/2026:12:15:24 +0100] "GET /messageboard/msg/26.html HTTP/1.1" 200 5507 www.janebushell.co.uk "-" "Mozilla/5.0 AppleWebKit/537.36 (KHTML, like Gecko; compatible; Amazonbot/0.1; +https://developer.amazon.com/support/amazonbot) Chrome/119.0.6045.214 Safari/537.36" "-"
213.180.203.0 - - [10/Jan/2026:12:16:10 +0100] "GET /gallery-broon/slideshow?gid=63&phid=3 HTTP/1.1" 429 227 broon.co.uk "-" "Mozilla/5.0 (compatible; YandexBot/3.0; +http://yandex.com/bots)" "-"
213.180.203.0 - - [10/Jan/2026:12:16:36 +0100] "GET /gallery-broon/slideshow?gid=44&phid=13 HTTP/1.1" 429 227 broon.co.uk "-" "Mozilla/5.0 (compatible; YandexBot/3.0; +http://yandex.com/bots)" "-"
114.119.147.0 - - [10/Jan/2026:12:17:14 +0100] "GET /gallery-broon/slideshow?gid=69&phid=50 HTTP/1.1" 200 2764 www.broon.co.uk "http://www.broon.co.uk/gallery-broon/view.php?gid=69&phid=50" "Mozilla/5.0 (Linux; Android 7.0;) AppleWebKit/537.36 (KHTML, like Gecko) Mobile Safari/537.36 (compatible; PetalBot;+https://webmaster.petalsearch.com/site/petalbot)" "-"
54.38.147.0 - - [10/Jan/2026:12:18:39 +0100] "GET /gallery-broon/view.php?gid=65&phid=215 HTTP/1.1" 200 4526 www.broon.co.uk "-" "Mozilla/5.0 (compatible; AhrefsBot/7.0; +http://ahrefs.com/robot/)" "-"
114.119.140.0 - - [10/Jan/2026:12:19:22 +0100] "GET /gallery-broon/slideshow?gid=69&phid=45 HTTP/1.1" 200 2764 www.broon.co.uk "http://www.broon.co.uk/gallery-broon/view.php?gid=69&phid=45" "Mozilla/5.0 (Linux; Android 7.0;) AppleWebKit/537.36 (KHTML, like Gecko) Mobile Safari/537.36 (compatible; PetalBot;+https://webmaster.petalsearch.com/site/petalbot)" "-"
51.89.129.0 - - [10/Jan/2026:12:21:01 +0100] "GET /gallery-misc/view.php?gid=37&phid=1 HTTP/1.1" 200 4477 www.janebushell.co.uk "-" "Mozilla/5.0 (compatible; AhrefsBot/7.0; +http://ahrefs.com/robot/)" "-"
114.119.143.0 - - [10/Jan/2026:12:21:28 +0100] "GET /gallery-broon/slideshow?gid=69&phid=43 HTTP/1.1" 200 2764 www.broon.co.uk "http://www.broon.co.uk/gallery-broon/view.php?gid=69&phid=43" "Mozilla/5.0 (Linux; Android 7.0;) AppleWebKit/537.36 (KHTML, like Gecko) Mobile Safari/537.36 (compatible; PetalBot;+https://webmaster.petalsearch.com/site/petalbot)" "-"
51.195.183.0 - - [10/Jan/2026:12:21:43 +0100] "GET /gallery-broon/view.php?gid=54&phid=3 HTTP/1.1" 200 4426 www.broon.co.uk "-" "Mozilla/5.0 (compatible; AhrefsBot/7.0; +http://ahrefs.com/robot/)" "-"
5.255.231.0 - - [10/Jan/2026:12:23:13 +0100] "GET /robots.txt HTTP/1.1" 429 227 janebushell.co.uk "-" "Mozilla/5.0 (compatible; YandexBot/3.0; +http://yandex.com/bots)" "-"
114.119.155.0 - - [10/Jan/2026:12:23:34 +0100] "GET /gallery-broon/slideshow?gid=69&phid=31 HTTP/1.1" 200 2764 www.broon.co.uk "http://www.broon.co.uk/gallery-broon/view.php?gid=69&phid=31" "Mozilla/5.0 (Linux; Android 7.0;) AppleWebKit/537.36 (KHTML, like Gecko) Mobile Safari/537.36 (compatible; PetalBot;+https://webmaster.petalsearch.com/site/petalbot)" "-"
114.119.129.0 - - [10/Jan/2026:12:24:10 +0100] "GET /yapig-0.95b/view.php?gid=10&page=0 HTTP/1.1" 200 7393 www.janebushell.co.uk "http://www.janebushell.co.uk/yapig-0.95b/view.php?gid=10&phid=0" "Mozilla/5.0 (Linux; Android 7.0;) AppleWebKit/537.36 (KHTML, like Gecko) Mobile Safari/537.36 (compatible; PetalBot;+https://webmaster.petalsearch.com/site/petalbot)" "-"
54.38.147.0 - - [10/Jan/2026:12:24:54 +0100] "GET /gallery-broon/slideshow?gid=67&phid=1 HTTP/1.1" 200 2775 broon.co.uk "-" "Mozilla/5.0 (compatible; AhrefsBot/7.0; +http://ahrefs.com/robot/)" "-"
114.119.147.0 - - [10/Jan/2026:12:25:41 +0100] "GET /gallery-broon/slideshow?gid=69&phid=25 HTTP/1.1" 200 2764 www.broon.co.uk "http://www.broon.co.uk/gallery-broon/view.php?gid=69&phid=25" "Mozilla/5.0 (Linux; Android 7.0;) AppleWebKit/537.36 (KHTML, like Gecko) Mobile Safari/537.36 (compatible; PetalBot;+https://webmaster.petalsearch.com/site/petalbot)" "-"
51.195.215.0 - - [10/Jan/2026:12:27:16 +0100] "GET /gallery-galap/slideshow?gid=38&phid=37 HTTP/1.1" 200 2777 www.janebushell.co.uk "-" "Mozilla/5.0 (compatible; AhrefsBot/7.0; +http://ahrefs.com/robot/)" "-"
51.195.244.0 - - [10/Jan/2026:12:27:47 +0100] "GET /gallery-broon/view.php?gid=60&phid=16 HTTP/1.1" 200 4603 www.broon.co.uk "-" "Mozilla/5.0 (compatible; AhrefsBot/7.0; +http://ahrefs.com/robot/)" "-"
114.119.143.0 - - [10/Jan/2026:12:27:48 +0100] "GET /gallery-broon/slideshow?gid=69&phid=154 HTTP/1.1" 200 2767 www.broon.co.uk "http://www.broon.co.uk/gallery-broon/view.php?gid=69&phid=154" "Mozilla/5.0 (Linux; Android 7.0;) AppleWebKit/537.36 (KHTML, like Gecko) Mobile Safari/537.36 (compatible; PetalBot;+https://webmaster.petalsearch.com/site/petalbot)" "-"
114.119.143.0 - - [10/Jan/2026:12:29:55 +0100] "GET /gallery-broon/slideshow?gid=69&phid=138 HTTP/1.1" 200 2767 www.broon.co.uk "http://www.broon.co.uk/gallery-broon/view.php?gid=69&phid=138" "Mozilla/5.0 (Linux; Android 7.0;) AppleWebKit/537.36 (KHTML, like Gecko) Mobile Safari/537.36 (compatible; PetalBot;+https://webmaster.petalsearch.com/site/petalbot)" "-"
51.195.215.0 - - [10/Jan/2026:12:30:52 +0100] "GET /gallery-broon/view.php?gid=44&phid=21 HTTP/1.1" 200 4479 www.broon.co.uk "-" "Mozilla/5.0 (compatible; AhrefsBot/7.0; +http://ahrefs.com/robot/)" "-"
114.119.147.0 - - [10/Jan/2026:12:32:02 +0100] "GET /gallery-broon/slideshow?gid=69&phid=110 HTTP/1.1" 200 2767 www.broon.co.uk "http://www.broon.co.uk/gallery-broon/view.php?gid=69&phid=110" "Mozilla/5.0 (Linux; Android 7.0;) AppleWebKit/537.36 (KHTML, like Gecko) Mobile Safari/537.36 (compatible; PetalBot;+https://webmaster.petalsearch.com/site/petalbot)" "-"
114.119.152.0 - - [10/Jan/2026:12:33:20 +0100] "GET /yapig-0.95b/slideshow?gid=7&phid=1 HTTP/1.1" 200 2863 www.janebushell.co.uk "http://www.janebushell.co.uk/yapig-0.95b/view.php?gid=7&phid=1" "Mozilla/5.0 (Linux; Android 7.0;) AppleWebKit/537.36 (KHTML, like Gecko) Mobile Safari/537.36 (compatible; PetalBot;+https://webmaster.petalsearch.com/site/petalbot)" "-"
198.244.226.0 - - [10/Jan/2026:12:33:24 +0100] "GET /yapig-0.95b/view.php?gid=16&phid=0 HTTP/1.1" 200 4282 www.janebushell.co.uk "-" "Mozilla/5.0 (compatible; AhrefsBot/7.0; +http://ahrefs.com/robot/)" "-"
114.119.140.0 - - [10/Jan/2026:12:34:09 +0100] "GET /gallery-broon/slideshow?gid=68&phid=0 HTTP/1.1" 200 2845 www.broon.co.uk "http://www.broon.co.uk/gallery-broon/view.php?gid=68&phid=0" "Mozilla/5.0 (Linux; Android 7.0;) AppleWebKit/537.36 (KHTML, like Gecko) Mobile Safari/537.36 (compatible; PetalBot;+https://webmaster.petalsearch.com/site/petalbot)" "-"
51.195.183.0 - - [10/Jan/2026:12:34:24 +0100] "GET /gallery-broon/view.php?gid=65&phid=218 HTTP/1.1" 200 4463 www.broon.co.uk "-" "Mozilla/5.0 (compatible; AhrefsBot/7.0; +http://ahrefs.com/robot/)" "-"
87.250.224.0 - - [10/Jan/2026:12:34:35 +0100] "GET /yapig-0.95b/view.php?gid=11&phid=3 HTTP/1.1" 429 227 janebushell.co.uk "-" "Mozilla/5.0 (compatible; YandexBot/3.0; +http://yandex.com/bots)" "-"
114.119.135.0 - - [10/Jan/2026:12:36:17 +0100] "GET /gallery-broon/slideshow?gid=66&phid=96 HTTP/1.1" 200 2826 www.broon.co.uk "http://www.broon.co.uk/gallery-broon/view.php?gid=66&phid=96" "Mozilla/5.0 (Linux; Android 7.0;) AppleWebKit/537.36 (KHTML, like Gecko) Mobile Safari/537.36 (compatible; PetalBot;+https://webmaster.petalsearch.com/site/petalbot)" "-"
54.38.147.0 - - [10/Jan/2026:12:37:34 +0100] "GET /gallery-broon/view.php?gid=54&phid=9 HTTP/1.1" 200 4393 broon.co.uk "-" "Mozilla/5.0 (compatible; AhrefsBot/7.0; +http://ahrefs.com/robot/)" "-"
114.119.139.0 - - [10/Jan/2026:12:38:22 +0100] "GET /gallery-broon/slideshow?gid=66&phid=4 HTTP/1.1" 200 2823 www.broon.co.uk "http://www.broon.co.uk/gallery-broon/view.php?gid=66&phid=4" "Mozilla/5.0 (Linux; Android 7.0;) AppleWebKit/537.36 (KHTML, like Gecko) Mobile Safari/537.36 (compatible; PetalBot;+https://webmaster.petalsearch.com/site/petalbot)" "-"
44.220.2.0 - - [10/Jan/2026:12:38:24 +0100] "GET /robots.txt HTTP/1.1" 404 1271 www.broon.co.uk "-" "Mozilla/5.0 AppleWebKit/537.36 (KHTML, like Gecko; compatible; Amazonbot/0.1; +https://developer.amazon.com/support/amazonbot) Chrome/119.0.6045.214 Safari/537.36" "-"
44.217.255.0 - - [10/Jan/2026:12:38:27 +0100] "GET /gits/shops.htm HTTP/1.1" 200 10740 www.broon.co.uk "-" "Mozilla/5.0 AppleWebKit/537.36 (KHTML, like Gecko; compatible; Amazonbot/0.1; +https://developer.amazon.com/support/amazonbot) Chrome/119.0.6045.214 Safari/537.36" "-"
54.145.82.0 - - [10/Jan/2026:12:38:30 +0100] "GET /constellar/convict1.htm HTTP/1.1" 200 2108 broon.co.uk "-" "Mozilla/5.0 AppleWebKit/537.36 (KHTML, like Gecko; compatible; Amazonbot/0.1; +https://developer.amazon.com/support/amazonbot) Chrome/119.0.6045.214 Safari/537.36" "-"
54.145.82.0 - - [10/Jan/2026:12:38:34 +0100] "GET /speccy/index.html HTTP/1.1" 200 3738 broon.co.uk "-" "Mozilla/5.0 AppleWebKit/537.36 (KHTML, like Gecko; compatible; Amazonbot/0.1; +https://developer.amazon.com/support/amazonbot) Chrome/119.0.6045.214 Safari/537.36" "-"
213.180.203.0 - - [10/Jan/2026:12:39:05 +0100] "GET /yapig-0.95b/view.php?gid=2 HTTP/1.1" 429 227 janebushell.co.uk "-" "Mozilla/5.0 (compatible; YandexBot/3.0; +http://yandex.com/bots)" "-"
198.244.183.0 - - [10/Jan/2026:12:39:19 +0100] "GET /yapig-0.95b/view.php?gid=15&phid=0 HTTP/1.1" 200 4276 www.janebushell.co.uk "-" "Mozilla/5.0 (compatible; AhrefsBot/7.0; +http://ahrefs.com/robot/)" "-"
114.119.135.0 - - [10/Jan/2026:12:40:29 +0100] "GET /gallery-broon/slideshow?gid=66&phid=21 HTTP/1.1" 200 2826 www.broon.co.uk "http://www.broon.co.uk/gallery-broon/view.php?gid=66&phid=21" "Mozilla/5.0 (Linux; Android 7.0;) AppleWebKit/537.36 (KHTML, like Gecko) Mobile Safari/537.36 (compatible; PetalBot;+https://webmaster.petalsearch.com/site/petalbot)" "-"
51.195.215.0 - - [10/Jan/2026:12:40:53 +0100] "GET /gallery-broon/view.php?gid=65&phid=28 HTTP/1.1" 200 4593 www.broon.co.uk "-" "Mozilla/5.0 (compatible; AhrefsBot/7.0; +http://ahrefs.com/robot/)" "-"
103.159.126.0 - - [10/Jan/2026:12:41:20 +0100] "GET /gallery-misc/gallery.php HTTP/1.1" 200 9498 www.janebushell.co.uk "-" "Mozilla/5.0 (Windows NT 6.1; Win64; x64) AppleWebKit/537.36 (KHTML, like Gecko) Chrome/72.0.3626.109 Safari/537.36" "-"
114.119.152.0 - - [10/Jan/2026:12:42:29 +0100] "GET /yapig-0.95b/slideshow?gid=6&phid=9 HTTP/1.1" 200 2800 www.janebushell.co.uk "http://www.janebushell.co.uk/yapig-0.95b/view.php?gid=6&phid=9" "Mozilla/5.0 (Linux; Android 7.0;) AppleWebKit/537.36 (KHTML, like Gecko) Mobile Safari/537.36 (compatible; PetalBot;+https://webmaster.petalsearch.com/site/petalbot)" "-"
114.119.143.0 - - [10/Jan/2026:12:42:37 +0100] "GET /gallery-broon/slideshow?gid=66&phid=139 HTTP/1.1" 200 2829 www.broon.co.uk "http://www.broon.co.uk/gallery-broon/view.php?gid=66&phid=139" "Mozilla/5.0 (Linux; Android 7.0;) AppleWebKit/537.36 (KHTML, like Gecko) Mobile Safari/537.36 (compatible; PetalBot;+https://webmaster.petalsearch.com/site/petalbot)" "-"
198.244.168.0 - - [10/Jan/2026:12:44:06 +0100] "GET /gallery-broon/slideshow?gid=69&phid=70 HTTP/1.1" 200 2764 www.broon.co.uk "-" "Mozilla/5.0 (compatible; AhrefsBot/7.0; +http://ahrefs.com/robot/)" "-"
183.215.23.0 - - [10/Jan/2026:12:44:07 +0100] "GET /gallery-misc/index.php HTTP/1.1" 200 9498 www.janebushell.co.uk "http://www.janebushell.co.uk/" "Mozilla/5.0 (Windows NT 10.0; Win64; x64) AppleWebKit/537.36 (KHTML, like Gecko) Chrome/114.0.0.0 Safari/537.36 Edg/114.0.1264.71" "-"
114.119.135.0 - - [10/Jan/2026:12:44:43 +0100] "GET /gallery-broon/slideshow?gid=66&phid=10 HTTP/1.1" 200 2826 www.broon.co.uk "http://www.broon.co.uk/gallery-broon/view.php?gid=66&phid=10" "Mozilla/5.0 (Linux; Android 7.0;) AppleWebKit/537.36 (KHTML, like Gecko) Mobile Safari/537.36 (compatible; PetalBot;+https://webmaster.petalsearch.com/site/petalbot)" "-"
198.244.168.0 - - [10/Jan/2026:12:45:54 +0100] "GET / HTTP/1.1" 200 10486 www.janebushell.co.uk "-" "Mozilla/5.0 (compatible; AhrefsBot/7.0; +http://ahrefs.com/robot/)" "-"
114.119.143.0 - - [10/Jan/2026:12:46:48 +0100] "GET /gallery-broon/slideshow?gid=65&phid=94 HTTP/1.1" 200 2831 www.broon.co.uk "http://www.broon.co.uk/gallery-broon/view.php?gid=65&phid=94" "Mozilla/5.0 (Linux; Android 7.0;) AppleWebKit/537.36 (KHTML, like Gecko) Mobile Safari/537.36 (compatible; PetalBot;+https://webmaster.petalsearch.com/site/petalbot)" "-"
94.247.172.0 - - [10/Jan/2026:12:46:55 +0100] "GET / HTTP/1.1" 200 10486 www.janebushell.co.uk "-" "Mozilla/5.0 (Macintosh; Intel Mac OS X 10_9_2)" "-"
51.89.129.0 - - [10/Jan/2026:12:47:05 +0100] "GET /gallery-broon/view.php?gid=65&phid=216 HTTP/1.1" 200 4526 www.broon.co.uk "-" "Mozilla/5.0 (compatible; AhrefsBot/7.0; +http://ahrefs.com/robot/)" "-"
184.154.36.0 - - [10/Jan/2026:12:47:43 +0100] "GET / HTTP/1.1" 200 10533 www.broon.co.uk "http://www.google.com/url?url=www.broon.co.uk&yahoo.com" "Mozilla/5.0 (compatible; MSIE 9.0; Windows NT 6.1; WOW64; Trident/6.0)" "-"
184.154.36.0 - - [10/Jan/2026:12:47:43 +0100] "GET /th1s_1s_a_4o4.html HTTP/1.1" 404 1271 www.broon.co.uk "http://www.google.com/url?url=www.broon.co.uk&yahoo.com" "Mozilla/5.0 (compatible; MSIE 9.0; Windows NT 6.1; WOW64; Trident/6.0)" "-"
184.154.36.0 - - [10/Jan/2026:12:47:44 +0100] "GET /gallery-broon/index.php HTTP/1.1" 200 29696 www.broon.co.uk "http://www.google.com/url?url=www.broon.co.uk&yahoo.com" "Mozilla/5.0 (compatible; MSIE 9.0; Windows NT 6.1; WOW64; Trident/6.0)" "-"
184.154.36.0 - - [10/Jan/2026:12:47:45 +0100] "GET /tortillazo/index.html HTTP/1.1" 200 1127 www.broon.co.uk "http://www.google.com/url?url=www.broon.co.uk&yahoo.com" "Mozilla/5.0 (compatible; MSIE 9.0; Windows NT 6.1; WOW64; Trident/6.0)" "-"
184.154.36.0 - - [10/Jan/2026:12:47:45 +0100] "GET /gallery-broon/slideshow.php?gid=52 HTTP/1.1" 200 2834 www.broon.co.uk "-" "SiteLockSpider [en] (WinNT; I ;Nav)" "-"
184.154.36.0 - - [10/Jan/2026:12:47:46 +0100] "GET /artwork/index.html HTTP/1.1" 200 163 www.broon.co.uk "http://www.google.com/url?url=www.broon.co.uk&yahoo.com" "Mozilla/5.0 (compatible; MSIE 9.0; Windows NT 6.1; WOW64; Trident/6.0)" "-"
184.154.36.0 - - [10/Jan/2026:12:47:47 +0100] "GET /constellar/convict1.htm HTTP/1.1" 200 2108 www.broon.co.uk "http://www.google.com/url?url=www.broon.co.uk&yahoo.com" "Mozilla/5.0 (compatible; MSIE 9.0; Windows NT 6.1; WOW64; Trident/6.0)" "-"
184.154.36.0 - - [10/Jan/2026:12:47:47 +0100] "GET /scotland/index.html HTTP/1.1" 200 813 www.broon.co.uk "http://www.google.com/url?url=www.broon.co.uk&yahoo.com" "Mozilla/5.0 (compatible; MSIE 9.0; Windows NT 6.1; WOW64; Trident/6.0)" "-"
184.154.36.0 - - [10/Jan/2026:12:47:48 +0100] "GET /wwwboard/wwwboard.html HTTP/1.1" 404 1271 www.broon.co.uk "http://www.google.com/url?url=www.broon.co.uk&yahoo.com" "Mozilla/5.0 (compatible; MSIE 9.0; Windows NT 6.1; WOW64; Trident/6.0)" "-"
184.154.36.0 - - [10/Jan/2026:12:47:48 +0100] "GET /scotland/main.html HTTP/1.1" 200 3281 www.broon.co.uk "-" "SiteLockSpider [en] (WinNT; I ;Nav)" "-"
184.154.36.0 - - [10/Jan/2026:12:47:48 +0100] "GET /gits/home.htm HTTP/1.1" 200 6013 www.broon.co.uk "http://www.google.com/url?url=www.broon.co.uk&yahoo.com" "Mozilla/5.0 (compatible; MSIE 9.0; Windows NT 6.1; WOW64; Trident/6.0)" "-"
184.154.36.0 - - [10/Jan/2026:12:47:49 +0100] "GET /progressbar.js HTTP/1.1" 200 4812 www.broon.co.uk "-" "SiteLockSpider [en] (WinNT; I ;Nav)" "-"
184.154.36.0 - - [10/Jan/2026:12:47:56 +0100] "GET /gallery-broon/view.php?hit=yes&gid=69 HTTP/1.1" 302 - www.broon.co.uk "-" "SiteLockSpider [en] (WinNT; I ;Nav)" "-"
184.154.36.0 - - [10/Jan/2026:12:47:56 +0100] "GET /gallery-broon/view.php?gid=69 HTTP/1.1" 200 16708 www.broon.co.uk "-" "SiteLockSpider [en] (WinNT; I ;Nav)" "-"
184.154.36.0 - - [10/Jan/2026:12:47:57 +0100] "GET /gallery-broon/view.php?hit=yes&gid=41 HTTP/1.1" 302 - www.broon.co.uk "-" "SiteLockSpider [en] (WinNT; I ;Nav)" "-"
184.154.36.0 - - [10/Jan/2026:12:47:57 +0100] "GET /gallery-broon/view.php?gid=41 HTTP/1.1" 200 14012 www.broon.co.uk "-" "SiteLockSpider [en] (WinNT; I ;Nav)" "-"
184.154.36.0 - - [10/Jan/2026:12:47:58 +0100] "GET /scotland/hintstip.htm HTTP/1.1" 200 6995 www.broon.co.uk "-" "SiteLockSpider [en] (WinNT; I ;Nav)" "-"
184.154.36.0 - - [10/Jan/2026:12:47:59 +0100] "GET /scotland/myths.htm HTTP/1.1" 200 1505 www.broon.co.uk "-" "SiteLockSpider [en] (WinNT; I ;Nav)" "-"
184.154.36.0 - - [10/Jan/2026:12:47:59 +0100] "GET /gallery-broon/view.php?hit=yes&gid=64 HTTP/1.1" 302 - www.broon.co.uk "-" "SiteLockSpider [en] (WinNT; I ;Nav)" "-"
184.154.36.0 - - [10/Jan/2026:12:47:59 +0100] "GET /gallery-broon/view.php?gid=64 HTTP/1.1" 200 16604 www.broon.co.uk "-" "SiteLockSpider [en] (WinNT; I ;Nav)" "-"
184.154.36.0 - - [10/Jan/2026:12:48:00 +0100] "GET /gits/links.htm HTTP/1.1" 200 6655 www.broon.co.uk "-" "SiteLockSpider [en] (WinNT; I ;Nav)" "-"
184.154.36.0 - - [10/Jan/2026:12:48:01 +0100] "GET /gallery-broon/view.php?hit=yes&gid=56 HTTP/1.1" 302 - www.broon.co.uk "-" "SiteLockSpider [en] (WinNT; I ;Nav)" "-"
184.154.36.0 - - [10/Jan/2026:12:48:01 +0100] "GET /gallery-broon/view.php?gid=56 HTTP/1.1" 200 11971 www.broon.co.uk "-" "SiteLockSpider [en] (WinNT; I ;Nav)" "-"
184.154.36.0 - - [10/Jan/2026:12:48:02 +0100] "GET /scotland/miscella.htm HTTP/1.1" 200 2468 www.broon.co.uk "-" "SiteLockSpider [en] (WinNT; I ;Nav)" "-"
184.154.36.0 - - [10/Jan/2026:12:48:02 +0100] "GET /gallery-broon/view.php?hit=yes&gid=57 HTTP/1.1" 302 - www.broon.co.uk "-" "SiteLockSpider [en] (WinNT; I ;Nav)" "-"
184.154.36.0 - - [10/Jan/2026:12:48:02 +0100] "GET /gallery-broon/view.php?gid=57 HTTP/1.1" 200 12677 www.broon.co.uk "-" "SiteLockSpider [en] (WinNT; I ;Nav)" "-"
114.119.140.0 - - [10/Jan/2026:12:49:00 +0100] "GET /gallery-broon/slideshow?gid=65&phid=51 HTTP/1.1" 200 2847 www.broon.co.uk "http://www.broon.co.uk/gallery-broon/view.php?gid=65&phid=51" "Mozilla/5.0 (Linux; Android 7.0;) AppleWebKit/537.36 (KHTML, like Gecko) Mobile Safari/537.36 (compatible; PetalBot;+https://webmaster.petalsearch.com/site/petalbot)" "-"
51.195.183.0 - - [10/Jan/2026:12:49:59 +0100] "GET /gallery-broon/view.php?gid=54&phid=22 HTTP/1.1" 200 4371 broon.co.uk "-" "Mozilla/5.0 (compatible; AhrefsBot/7.0; +http://ahrefs.com/robot/)" "-"
51.195.183.0 - - [10/Jan/2026:12:50:17 +0100] "GET /gallery-sa2007/view.php?gid=39&phid=5 HTTP/1.1" 200 4478 www.janebushell.co.uk "-" "Mozilla/5.0 (compatible; AhrefsBot/7.0; +http://ahrefs.com/robot/)" "-"
114.119.157.0 - - [10/Jan/2026:12:51:02 +0100] "GET /gallery-broon/slideshow?gid=65&phid=38 HTTP/1.1" 200 2918 www.broon.co.uk "http://www.broon.co.uk/gallery-broon/view.php?gid=65&phid=38" "Mozilla/5.0 (Linux; Android 7.0;) AppleWebKit/537.36 (KHTML, like Gecko) Mobile Safari/537.36 (compatible; PetalBot;+https://webmaster.petalsearch.com/site/petalbot)" "-"
213.180.203.0 - - [10/Jan/2026:12:51:07 +0100] "GET /robots.txt HTTP/1.1" 429 227 janebushell.co.uk "-" "Mozilla/5.0 (compatible; YandexBot/3.0; +http://yandex.com/bots)" "-"
54.152.163.0 - - [10/Jan/2026:12:51:34 +0100] "GET /messageboard/msg/6.html HTTP/1.1" 200 4092 www.janebushell.co.uk "-" "Mozilla/5.0 AppleWebKit/537.36 (KHTML, like Gecko; compatible; Amazonbot/0.1; +https://developer.amazon.com/support/amazonbot) Chrome/119.0.6045.214 Safari/537.36" "-"
3.212.205.0 - - [10/Jan/2026:12:51:38 +0100] "GET /messageboard/msg/14.html HTTP/1.1" 200 6313 www.janebushell.co.uk "-" "Mozilla/5.0 AppleWebKit/537.36 (KHTML, like Gecko; compatible; Amazonbot/0.1; +https://developer.amazon.com/support/amazonbot) Chrome/119.0.6045.214 Safari/537.36" "-"
114.119.152.0 - - [10/Jan/2026:12:51:39 +0100] "GET /yapig-0.95b/view.php?hit=yes&gid=20 HTTP/1.1" 302 - www.janebushell.co.uk "http://www.janebushell.co.uk/yapig-0.95b/view.php?hit=yes&gid=19" "Mozilla/5.0 (Linux; Android 7.0;) AppleWebKit/537.36 (KHTML, like Gecko) Mobile Safari/537.36 (compatible; PetalBot;+https://webmaster.petalsearch.com/site/petalbot)" "-"
114.119.152.0 - - [10/Jan/2026:12:51:40 +0100] "GET /yapig-0.95b/view.php?gid=20 HTTP/1.1" 200 9874 www.janebushell.co.uk "http://www.janebushell.co.uk/yapig-0.95b/view.php?hit=yes&gid=19" "Mozilla/5.0 (Linux; Android 7.0;) AppleWebKit/537.36 (KHTML, like Gecko) Mobile Safari/537.36 (compatible; PetalBot;+https://webmaster.petalsearch.com/site/petalbot)" "-"
198.244.183.0 - - [10/Jan/2026:12:52:55 +0100] "GET /gallery-broon/view.php?gid=41&phid=10 HTTP/1.1" 200 4430 broon.co.uk "-" "Mozilla/5.0 (compatible; AhrefsBot/7.0; +http://ahrefs.com/robot/)" "-"
87.250.224.0 - - [10/Jan/2026:12:53:07 +0100] "GET /robots.txt HTTP/1.1" 429 227 janebushell.co.uk "-" "Mozilla/5.0 (compatible; YandexBot/3.0; +http://yandex.com/bots)" "-"
114.119.135.0 - - [10/Jan/2026:12:53:10 +0100] "GET /gallery-broon/slideshow?gid=65&phid=3 HTTP/1.1" 200 2855 www.broon.co.uk "http://www.broon.co.uk/gallery-broon/view.php?gid=65&phid=3" "Mozilla/5.0 (Linux; Android 7.0;) AppleWebKit/537.36 (KHTML, like Gecko) Mobile Safari/537.36 (compatible; PetalBot;+https://webmaster.petalsearch.com/site/petalbot)" "-"
198.244.183.0 - - [10/Jan/2026:12:54:15 +0100] "GET /gallery-usa/view.php?gid=39&phid=1 HTTP/1.1" 200 4473 www.janebushell.co.uk "-" "Mozilla/5.0 (compatible; AhrefsBot/7.0; +http://ahrefs.com/robot/)" "-"
2001:41d0:300:: - - [10/Jan/2026:12:54:40 +0100] "GET /robots.txt HTTP/1.1" 404 1271 broon.co.uk "-" "Mozilla/5.0 (compatible; MJ12bot/v1.4.8; http://mj12bot.com/)" "-"
2001:41d0:300:: - - [10/Jan/2026:12:54:42 +0100] "GET /gallery-broon/view.php?gid=41&phid=0 HTTP/1.1" 200 4326 broon.co.uk "-" "Mozilla/5.0 (compatible; MJ12bot/v1.4.8; http://mj12bot.com/)" "-"
2001:41d0:300:: - - [10/Jan/2026:12:54:44 +0100] "GET /gallery-broon/view.php?gid=41&phid=1 HTTP/1.1" 200 4421 broon.co.uk "-" "Mozilla/5.0 (compatible; MJ12bot/v1.4.8; http://mj12bot.com/)" "-"
2001:41d0:300:: - - [10/Jan/2026:12:54:46 +0100] "GET /gallery-broon/view.php?gid=41&phid=11 HTTP/1.1" 200 4432 broon.co.uk "-" "Mozilla/5.0 (compatible; MJ12bot/v1.4.8; http://mj12bot.com/)" "-"
2001:41d0:300:: - - [10/Jan/2026:12:54:47 +0100] "GET /robots.txt HTTP/1.1" 404 1271 www.broon.co.uk "-" "Mozilla/5.0 (compatible; MJ12bot/v1.4.8; http://mj12bot.com/)" "-"
2001:41d0:300:: - - [10/Jan/2026:12:54:49 +0100] "GET /gallery-broon/view.php?gid=44&phid=0 HTTP/1.1" 200 4306 www.broon.co.uk "-" "Mozilla/5.0 (compatible; MJ12bot/v1.4.8; http://mj12bot.com/)" "-"
2001:41d0:300:: - - [10/Jan/2026:12:54:51 +0100] "GET /gallery-broon/view.php?gid=44&phid=10 HTTP/1.1" 200 4475 www.broon.co.uk "-" "Mozilla/5.0 (compatible; MJ12bot/v1.4.8; http://mj12bot.com/)" "-"
2001:41d0:300:: - - [10/Jan/2026:12:54:52 +0100] "GET /gallery-broon/view.php?gid=44&phid=12 HTTP/1.1" 200 4491 www.broon.co.uk "-" "Mozilla/5.0 (compatible; MJ12bot/v1.4.8; http://mj12bot.com/)" "-"
2001:41d0:300:: - - [10/Jan/2026:12:54:54 +0100] "GET /gallery-broon/view.php?gid=44&phid=16 HTTP/1.1" 200 4461 www.broon.co.uk "-" "Mozilla/5.0 (compatible; MJ12bot/v1.4.8; http://mj12bot.com/)" "-"
2001:41d0:300:: - - [10/Jan/2026:12:54:56 +0100] "GET /gallery-broon/view.php?gid=48&phid=10 HTTP/1.1" 200 4397 www.broon.co.uk "-" "Mozilla/5.0 (compatible; MJ12bot/v1.4.8; http://mj12bot.com/)" "-"
2001:41d0:300:: - - [10/Jan/2026:12:54:58 +0100] "GET /gallery-broon/view.php?gid=48&phid=2 HTTP/1.1" 200 4391 www.broon.co.uk "-" "Mozilla/5.0 (compatible; MJ12bot/v1.4.8; http://mj12bot.com/)" "-"
2001:41d0:300:: - - [10/Jan/2026:12:55:00 +0100] "GET /gallery-broon/view.php?gid=48&phid=4 HTTP/1.1" 200 4436 www.broon.co.uk "-" "Mozilla/5.0 (compatible; MJ12bot/v1.4.8; http://mj12bot.com/)" "-"
2001:41d0:300:: - - [10/Jan/2026:12:55:01 +0100] "GET /gallery-broon/view.php?gid=48&phid=6 HTTP/1.1" 200 4382 www.broon.co.uk "-" "Mozilla/5.0 (compatible; MJ12bot/v1.4.8; http://mj12bot.com/)" "-"
2001:41d0:300:: - - [10/Jan/2026:12:55:03 +0100] "GET /gallery-broon/view.php?gid=48&phid=8 HTTP/1.1" 200 4377 www.broon.co.uk "-" "Mozilla/5.0 (compatible; MJ12bot/v1.4.8; http://mj12bot.com/)" "-"
2001:41d0:300:: - - [10/Jan/2026:12:55:05 +0100] "GET /gallery-broon/view.php?gid=49&phid=0 HTTP/1.1" 200 4452 www.broon.co.uk "-" "Mozilla/5.0 (compatible; MJ12bot/v1.4.8; http://mj12bot.com/)" "-"
95.108.213.0 - - [10/Jan/2026:12:55:07 +0100] "GET /robots.txt HTTP/1.1" 429 227 janebushell.co.uk "-" "Mozilla/5.0 (compatible; YandexBot/3.0; +http://yandex.com/bots)" "-"
2001:41d0:300:: - - [10/Jan/2026:12:55:07 +0100] "GET /gallery-broon/view.php?gid=50&phid=14 HTTP/1.1" 200 4449 www.broon.co.uk "-" "Mozilla/5.0 (compatible; MJ12bot/v1.4.8; http://mj12bot.com/)" "-"
2001:41d0:300:: - - [10/Jan/2026:12:55:08 +0100] "GET /gallery-broon/view.php?gid=50&phid=15 HTTP/1.1" 200 4449 www.broon.co.uk "-" "Mozilla/5.0 (compatible; MJ12bot/v1.4.8; http://mj12bot.com/)" "-"
2001:41d0:300:: - - [10/Jan/2026:12:55:10 +0100] "GET /gallery-broon/view.php?gid=50&phid=16 HTTP/1.1" 200 4449 www.broon.co.uk "-" "Mozilla/5.0 (compatible; MJ12bot/v1.4.8; http://mj12bot.com/)" "-"
2001:41d0:300:: - - [10/Jan/2026:12:55:12 +0100] "GET /gallery-broon/view.php?gid=50&phid=17 HTTP/1.1" 200 4449 www.broon.co.uk "-" "Mozilla/5.0 (compatible; MJ12bot/v1.4.8; http://mj12bot.com/)" "-"
2001:41d0:300:: - - [10/Jan/2026:12:55:14 +0100] "GET /gallery-broon/view.php?gid=50&phid=18 HTTP/1.1" 200 4449 www.broon.co.uk "-" "Mozilla/5.0 (compatible; MJ12bot/v1.4.8; http://mj12bot.com/)" "-"
2001:41d0:300:: - - [10/Jan/2026:12:55:15 +0100] "GET /gallery-broon/view.php?gid=50&phid=19 HTTP/1.1" 200 4449 www.broon.co.uk "-" "Mozilla/5.0 (compatible; MJ12bot/v1.4.8; http://mj12bot.com/)" "-"
114.119.155.0 - - [10/Jan/2026:12:55:16 +0100] "GET /gallery-broon/slideshow?gid=65&phid=220 HTTP/1.1" 200 2820 www.broon.co.uk "http://www.broon.co.uk/gallery-broon/view.php?gid=65&phid=220" "Mozilla/5.0 (Linux; Android 7.0;) AppleWebKit/537.36 (KHTML, like Gecko) Mobile Safari/537.36 (compatible; PetalBot;+https://webmaster.petalsearch.com/site/petalbot)" "-"
2001:41d0:300:: - - [10/Jan/2026:12:55:17 +0100] "GET /gallery-broon/view.php?gid=50&phid=2 HTTP/1.1" 200 4441 www.broon.co.uk "-" "Mozilla/5.0 (compatible; MJ12bot/v1.4.8; http://mj12bot.com/)" "-"
2001:41d0:300:: - - [10/Jan/2026:12:55:18 +0100] "GET /gallery-broon/view.php?gid=50&phid=20 HTTP/1.1" 200 4449 www.broon.co.uk "-" "Mozilla/5.0 (compatible; MJ12bot/v1.4.8; http://mj12bot.com/)" "-"
2001:41d0:300:: - - [10/Jan/2026:12:55:20 +0100] "GET /gallery-broon/view.php?gid=50&phid=22 HTTP/1.1" 200 4449 www.broon.co.uk "-" "Mozilla/5.0 (compatible; MJ12bot/v1.4.8; http://mj12bot.com/)" "-"
2001:41d0:300:: - - [10/Jan/2026:12:55:22 +0100] "GET /gallery-broon/view.php?gid=52&phid=6 HTTP/1.1" 200 4477 www.broon.co.uk "-" "Mozilla/5.0 (compatible; MJ12bot/v1.4.8; http://mj12bot.com/)" "-"
2001:41d0:300:: - - [10/Jan/2026:12:55:23 +0100] "GET /gallery-broon/view.php?gid=52&phid=9 HTTP/1.1" 200 4481 www.broon.co.uk "-" "Mozilla/5.0 (compatible; MJ12bot/v1.4.8; http://mj12bot.com/)" "-"
213.180.203.0 - - [10/Jan/2026:12:55:24 +0100] "GET /gallery-broon/view.php?gid=69&phid=7 HTTP/1.1" 429 227 broon.co.uk "-" "Mozilla/5.0 (compatible; YandexBot/3.0; +http://yandex.com/bots)" "-"
2001:41d0:300:: - - [10/Jan/2026:12:55:25 +0100] "GET /gallery-broon/view.php?gid=53&phid=1 HTTP/1.1" 200 4458 www.broon.co.uk "-" "Mozilla/5.0 (compatible; MJ12bot/v1.4.8; http://mj12bot.com/)" "-"
2001:41d0:300:: - - [10/Jan/2026:12:55:27 +0100] "GET /gallery-broon/view.php?gid=53&phid=2 HTTP/1.1" 200 4457 www.broon.co.uk "-" "Mozilla/5.0 (compatible; MJ12bot/v1.4.8; http://mj12bot.com/)" "-"
2001:41d0:300:: - - [10/Jan/2026:12:55:28 +0100] "GET /gallery-broon/view.php?gid=53&phid=3 HTTP/1.1" 200 4457 www.broon.co.uk "-" "Mozilla/5.0 (compatible; MJ12bot/v1.4.8; http://mj12bot.com/)" "-"
2001:41d0:300:: - - [10/Jan/2026:12:55:30 +0100] "GET /gallery-broon/view.php?gid=53&phid=4 HTTP/1.1" 200 4458 www.broon.co.uk "-" "Mozilla/5.0 (compatible; MJ12bot/v1.4.8; http://mj12bot.com/)" "-"
2001:41d0:300:: - - [10/Jan/2026:12:55:31 +0100] "GET /gallery-broon/view.php?gid=53&phid=5 HTTP/1.1" 200 4337 www.broon.co.uk "-" "Mozilla/5.0 (compatible; MJ12bot/v1.4.8; http://mj12bot.com/)" "-"
2001:41d0:300:: - - [10/Jan/2026:12:55:33 +0100] "GET /gallery-broon/view.php?gid=54&phid=12 HTTP/1.1" 200 4456 www.broon.co.uk "-" "Mozilla/5.0 (compatible; MJ12bot/v1.4.8; http://mj12bot.com/)" "-"
2001:41d0:300:: - - [10/Jan/2026:12:55:34 +0100] "GET /gallery-broon/view.php?gid=54&phid=13 HTTP/1.1" 200 4407 www.broon.co.uk "-" "Mozilla/5.0 (compatible; MJ12bot/v1.4.8; http://mj12bot.com/)" "-"
2001:41d0:300:: - - [10/Jan/2026:12:55:36 +0100] "GET /gallery-broon/view.php?gid=54&phid=14 HTTP/1.1" 200 4407 www.broon.co.uk "-" "Mozilla/5.0 (compatible; MJ12bot/v1.4.8; http://mj12bot.com/)" "-"
198.244.168.0 - - [10/Jan/2026:12:55:37 +0100] "GET /gallery-broon/slideshow?gid=61&phid=29 HTTP/1.1" 200 2818 broon.co.uk "-" "Mozilla/5.0 (compatible; AhrefsBot/7.0; +http://ahrefs.com/robot/)" "-"
2001:41d0:300:: - - [10/Jan/2026:12:55:37 +0100] "GET /gallery-broon/view.php?gid=54&phid=15 HTTP/1.1" 200 4407 www.broon.co.uk "-" "Mozilla/5.0 (compatible; MJ12bot/v1.4.8; http://mj12bot.com/)" "-"
2001:41d0:300:: - - [10/Jan/2026:12:55:39 +0100] "GET /gallery-broon/view.php?gid=54&phid=16 HTTP/1.1" 200 4417 www.broon.co.uk "-" "Mozilla/5.0 (compatible; MJ12bot/v1.4.8; http://mj12bot.com/)" "-"
2001:41d0:300:: - - [10/Jan/2026:12:55:40 +0100] "GET /gallery-broon/view.php?gid=54&phid=18 HTTP/1.1" 200 4475 www.broon.co.uk "-" "Mozilla/5.0 (compatible; MJ12bot/v1.4.8; http://mj12bot.com/)" "-"
2001:41d0:300:: - - [10/Jan/2026:12:55:42 +0100] "GET /gallery-broon/view.php?gid=56&phid=0 HTTP/1.1" 200 4388 www.broon.co.uk "-" "Mozilla/5.0 (compatible; MJ12bot/v1.4.8; http://mj12bot.com/)" "-"
2001:41d0:300:: - - [10/Jan/2026:12:55:43 +0100] "GET /gallery-broon/view.php?gid=56&phid=1 HTTP/1.1" 200 4515 www.broon.co.uk "-" "Mozilla/5.0 (compatible; MJ12bot/v1.4.8; http://mj12bot.com/)" "-"
2001:41d0:300:: - - [10/Jan/2026:12:55:45 +0100] "GET /gallery-broon/view.php?gid=56&phid=10 HTTP/1.1" 200 4521 www.broon.co.uk "-" "Mozilla/5.0 (compatible; MJ12bot/v1.4.8; http://mj12bot.com/)" "-"
2001:41d0:300:: - - [10/Jan/2026:12:55:47 +0100] "GET /gallery-broon/view.php?gid=56&phid=11 HTTP/1.1" 200 4523 www.broon.co.uk "-" "Mozilla/5.0 (compatible; MJ12bot/v1.4.8; http://mj12bot.com/)" "-"
2001:41d0:300:: - - [10/Jan/2026:12:55:48 +0100] "GET /gallery-broon/view.php?gid=56&phid=12 HTTP/1.1" 200 4523 www.broon.co.uk "-" "Mozilla/5.0 (compatible; MJ12bot/v1.4.8; http://mj12bot.com/)" "-"
2001:41d0:300:: - - [10/Jan/2026:12:55:50 +0100] "GET /gallery-broon/view.php?gid=56&phid=13 HTTP/1.1" 200 4523 www.broon.co.uk "-" "Mozilla/5.0 (compatible; MJ12bot/v1.4.8; http://mj12bot.com/)" "-"
2001:41d0:300:: - - [10/Jan/2026:12:55:51 +0100] "GET /gallery-broon/view.php?gid=56&phid=14 HTTP/1.1" 200 4523 www.broon.co.uk "-" "Mozilla/5.0 (compatible; MJ12bot/v1.4.8; http://mj12bot.com/)" "-"
2001:41d0:300:: - - [10/Jan/2026:12:55:53 +0100] "GET /gallery-broon/view.php?gid=56&phid=15 HTTP/1.1" 200 4523 www.broon.co.uk "-" "Mozilla/5.0 (compatible; MJ12bot/v1.4.8; http://mj12bot.com/)" "-"
2001:41d0:300:: - - [10/Jan/2026:12:55:55 +0100] "GET /gallery-broon/view.php?gid=56&phid=16 HTTP/1.1" 200 4523 www.broon.co.uk "-" "Mozilla/5.0 (compatible; MJ12bot/v1.4.8; http://mj12bot.com/)" "-"
2001:41d0:300:: - - [10/Jan/2026:12:55:56 +0100] "GET /gallery-broon/view.php?gid=56&phid=17 HTTP/1.1" 200 4401 www.broon.co.uk "-" "Mozilla/5.0 (compatible; MJ12bot/v1.4.8; http://mj12bot.com/)" "-"
2001:41d0:300:: - - [10/Jan/2026:12:55:58 +0100] "GET /gallery-broon/view.php?gid=56&phid=2 HTTP/1.1" 200 4515 www.broon.co.uk "-" "Mozilla/5.0 (compatible; MJ12bot/v1.4.8; http://mj12bot.com/)" "-"
2001:41d0:300:: - - [10/Jan/2026:12:55:59 +0100] "GET /gallery-broon/view.php?gid=56&phid=3 HTTP/1.1" 200 4515 www.broon.co.uk "-" "Mozilla/5.0 (compatible; MJ12bot/v1.4.8; http://mj12bot.com/)" "-"
2001:41d0:300:: - - [10/Jan/2026:12:56:01 +0100] "GET /gallery-broon/view.php?gid=56&phid=4 HTTP/1.1" 200 4515 www.broon.co.uk "-" "Mozilla/5.0 (compatible; MJ12bot/v1.4.8; http://mj12bot.com/)" "-"
2001:41d0:300:: - - [10/Jan/2026:12:56:03 +0100] "GET /gallery-broon/view.php?gid=56&phid=5 HTTP/1.1" 200 4515 www.broon.co.uk "-" "Mozilla/5.0 (compatible; MJ12bot/v1.4.8; http://mj12bot.com/)" "-"
2001:41d0:300:: - - [10/Jan/2026:12:56:04 +0100] "GET /gallery-broon/view.php?gid=56&phid=6 HTTP/1.1" 200 4516 www.broon.co.uk "-" "Mozilla/5.0 (compatible; MJ12bot/v1.4.8; http://mj12bot.com/)" "-"
2001:41d0:300:: - - [10/Jan/2026:12:56:06 +0100] "GET /gallery-broon/view.php?gid=56&phid=7 HTTP/1.1" 200 4516 www.broon.co.uk "-" "Mozilla/5.0 (compatible; MJ12bot/v1.4.8; http://mj12bot.com/)" "-"
2001:41d0:300:: - - [10/Jan/2026:12:56:07 +0100] "GET /gallery-broon/view.php?gid=56&phid=8 HTTP/1.1" 200 4516 www.broon.co.uk "-" "Mozilla/5.0 (compatible; MJ12bot/v1.4.8; http://mj12bot.com/)" "-"
2001:41d0:300:: - - [10/Jan/2026:12:56:09 +0100] "GET /gallery-broon/view.php?gid=56&phid=9 HTTP/1.1" 200 4519 www.broon.co.uk "-" "Mozilla/5.0 (compatible; MJ12bot/v1.4.8; http://mj12bot.com/)" "-"
2001:41d0:300:: - - [10/Jan/2026:12:56:10 +0100] "GET /gallery-broon/view.php?gid=58&page=1 HTTP/1.1" 200 16131 www.broon.co.uk "-" "Mozilla/5.0 (compatible; MJ12bot/v1.4.8; http://mj12bot.com/)" "-"
