51.89.129.0 - - [10/Jan/2026:04:12:54 +0100] "GET /yapig-0.95b/view.php?gid=21&phid=2 HTTP/1.1" 200 4392 www.janebushell.co.uk "-" "Mozilla/5.0 (compatible; AhrefsBot/7.0; +http://ahrefs.com/robot/)" "-"
198.244.240.0 - - [10/Jan/2026:04:13:46 +0100] "GET /gallery-broon/view.php?gid=53&page=0 HTTP/1.1" 200 6070 broon.co.uk "-" "Mozilla/5.0 (compatible; AhrefsBot/7.0; +http://ahrefs.com/robot/)" "-"
114.119.143.0 - - [10/Jan/2026:04:13:51 +0100] "GET /gallery-broon/slideshow.php?gid=59&interval=5&phid=16 HTTP/1.1" 200 2830 www.broon.co.uk "http://www.broon.co.uk/gallery-broon/view.php?gid=59&phid=11" "Mozilla/5.0 (Linux; Android 7.0;) AppleWebKit/537.36 (KHTML, like Gecko) Mobile Safari/537.36 (compatible; PetalBot;+https://webmaster.petalsearch.com/site/petalbot)" "-"
198.244.240.0 - - [10/Jan/2026:04:14:40 +0100] "GET /gallery-broon/view.php?gid=63&phid=7 HTTP/1.1" 200 4387 www.broon.co.uk "-" "Mozilla/5.0 (compatible; AhrefsBot/7.0; +http://ahrefs.com/robot/)" "-"
198.244.240.0 - - [10/Jan/2026:04:15:34 +0100] "GET /gallery-broon/view.php?gid=62&page=0 HTTP/1.1" 200 7305 broon.co.uk "-" "Mozilla/5.0 (compatible; AhrefsBot/7.0; +http://ahrefs.com/robot/)" "-"
114.119.157.0 - - [10/Jan/2026:04:15:35 +0100] "GET /gallery-broon/slideshow.php?gid=59&interval=5&phid=15 HTTP/1.1" 200 2876 www.broon.co.uk "http://www.broon.co.uk/gallery-broon/view.php?gid=59&phid=10" "Mozilla/5.0 (Linux; Android 7.0;) AppleWebKit/537.36 (KHTML, like Gecko) Mobile Safari/537.36 (compatible; PetalBot;+https://webmaster.petalsearch.com/site/petalbot)" "-"
198.244.168.0 - - [10/Jan/2026:04:16:38 +0100] "GET /gallery-broon/slideshow.php?gid=63 HTTP/1.1" 200 2780 broon.co.uk "-" "Mozilla/5.0 (compatible; AhrefsBot/7.0; +http://ahrefs.com/robot/)" "-"
114.119.139.0 - - [10/Jan/2026:04:17:23 +0100] "GET /gallery-broon/slideshow.php?gid=59&interval=5&phid=14 HTTP/1.1" 200 2979 www.broon.co.uk "-" "Mozilla/5.0 (Linux; Android 7.0;) AppleWebKit/537.36 (KHTML, like Gecko) Mobile Safari/537.36 (compatible; PetalBot;+https://webmaster.petalsearch.com/site/petalbot)" "-"
198.244.240.0 - - [10/Jan/2026:04:17:32 +0100] "GET /gallery-broon/view.php?gid=66&phid=104 HTTP/1.1" 200 4516 broon.co.uk "-" "Mozilla/5.0 (compatible; AhrefsBot/7.0; +http://ahrefs.com/robot/)" "-"
114.119.133.0 - - [10/Jan/2026:04:18:25 +0100] "GET /yapig-0.95b/slideshow?gid=24&phid=0 HTTP/1.1" 200 2746 www.janebushell.co.uk "http://www.janebushell.co.uk/yapig-0.95b/view.php?gid=24&phid=0" "Mozilla/5.0 (Linux; Android 7.0;) AppleWebKit/537.36 (KHTML, like Gecko) Mobile Safari/537.36 (compatible; PetalBot;+https://webmaster.petalsearch.com/site/petalbot)" "-"
51.195.183.0 - - [10/Jan/2026:04:18:38 +0100] "GET /gallery-broon/view.php?gid=69&phid=135 HTTP/1.1" 200 4447 www.broon.co.uk "-" "Mozilla/5.0 (compatible; AhrefsBot/7.0; +http://ahrefs.com/robot/)" "-"
114.119.135.0 - - [10/Jan/2026:04:19:01 +0100] "GET /gallery-broon/slideshow.php?gid=59&interval=5&phid=10 HTTP/1.1" 200 2871 www.broon.co.uk "http://www.broon.co.uk/gallery-broon/view.php?gid=59&phid=6" "Mozilla/5.0 (Linux; Android 7.0;) AppleWebKit/537.36 (KHTML, like Gecko) Mobile Safari/537.36 (compatible; PetalBot;+https://webmaster.petalsearch.com/site/petalbot)" "-"
51.195.183.0 - - [10/Jan/2026:04:19:10 +0100] "GET /yapig-0.95b/view.php?gid=7&phid=4 HTTP/1.1" 200 4519 www.janebushell.co.uk "-" "Mozilla/5.0 (compatible; AhrefsBot/7.0; +http://ahrefs.com/robot/)" "-"
54.38.147.0 - - [10/Jan/2026:04:19:36 +0100] "GET /gallery-broon/view.php?hit=yes& HTTP/1.1" 302 - www.broon.co.uk "-" "Mozilla/5.0 (compatible; AhrefsBot/7.0; +http://ahrefs.com/robot/)" "-"
198.244.183.0 - - [10/Jan/2026:04:20:44 +0100] "GET /gallery-broon/slideshow?gid=69&phid=178 HTTP/1.1" 200 2767 broon.co.uk "-" "Mozilla/5.0 (compatible; AhrefsBot/7.0; +http://ahrefs.com/robot/)" "-"
114.119.140.0 - - [10/Jan/2026:04:21:01 +0100] "GET /gallery-broon/slideshow.php?gid=59&interval=5&phid=1 HTTP/1.1" 200 2875 www.broon.co.uk "http://www.broon.co.uk/gallery-broon/view.php?gid=59&phid=0" "Mozilla/5.0 (Linux; Android 7.0;) AppleWebKit/537.36 (KHTML, like Gecko) Mobile Safari/537.36 (compatible; PetalBot;+https://webmaster.petalsearch.com/site/petalbot)" "-"
198.244.226.0 - - [10/Jan/2026:04:21:49 +0100] "GET /gallery-broon/view.php?gid=66&phid=123 HTTP/1.1" 200 4516 broon.co.uk "-" "Mozilla/5.0 (compatible; AhrefsBot/7.0; +http://ahrefs.com/robot/)" "-"
114.119.140.0 - - [10/Jan/2026:04:22:32 +0100] "GET /gallery-broon/slideshow.php?gid=58&interval=5&phid=9 HTTP/1.1" 200 2861 www.broon.co.uk "http://www.broon.co.uk/gallery-broon/view.php?gid=58&phid=7" "Mozilla/5.0 (Linux; Android 7.0;) AppleWebKit/537.36 (KHTML, like Gecko) Mobile Safari/537.36 (compatible; PetalBot;+https://webmaster.petalsearch.com/site/petalbot)" "-"
198.244.168.0 - - [10/Jan/2026:04:22:50 +0100] "GET /gallery-broon/view.php?gid=66&phid=107 HTTP/1.1" 200 4516 broon.co.uk "-" "Mozilla/5.0 (compatible; AhrefsBot/7.0; +http://ahrefs.com/robot/)" "-"
5.255.231.0 - - [10/Jan/2026:04:23:12 +0100] "GET /robots.txt HTTP/1.1" 429 227 janebushell.co.uk "-" "Mozilla/5.0 (compatible; YandexBot/3.0; +http://yandex.com/bots)" "-"
51.89.129.0 - - [10/Jan/2026:04:23:42 +0100] "GET /gallery-broon/slideshow.php?gid=48 HTTP/1.1" 200 2840 broon.co.uk "-" "Mozilla/5.0 (compatible; AhrefsBot/7.0; +http://ahrefs.com/robot/)" "-"
5.255.231.0 - - [10/Jan/2026:04:24:10 +0100] "GET /gallery-broon/slideshow?gid=65&phid=18 HTTP/1.1" 429 227 broon.co.uk "-" "Mozilla/5.0 (compatible; YandexBot/3.0; +http://yandex.com/bots)" "-"
114.119.143.0 - - [10/Jan/2026:04:24:10 +0100] "GET /gallery-broon/slideshow.php?gid=58&interval=5&phid=8 HTTP/1.1" 200 2853 www.broon.co.uk "http://www.broon.co.uk/gallery-broon/view.php?gid=58&phid=4" "Mozilla/5.0 (Linux; Android 7.0;) AppleWebKit/537.36 (KHTML, like Gecko) Mobile Safari/537.36 (compatible; PetalBot;+https://webmaster.petalsearch.com/site/petalbot)" "-"
198.244.168.0 - - [10/Jan/2026:04:24:41 +0100] "GET /gallery-broon/view.php?gid=65&phid=70 HTTP/1.1" 200 4482 broon.co.uk "-" "Mozilla/5.0 (compatible; AhrefsBot/7.0; +http://ahrefs.com/robot/)" "-"
51.195.215.0 - - [10/Jan/2026:04:25:23 +0100] "GET /yapig-0.95b/view.php?gid=5&phid=11 HTTP/1.1" 200 4408 www.janebushell.co.uk "-" "Mozilla/5.0 (compatible; AhrefsBot/7.0; +http://ahrefs.com/robot/)" "-"
54.38.147.0 - - [10/Jan/2026:04:25:37 +0100] "GET /gallery-broon/view.php?gid=65&phid=224 HTTP/1.1" 200 4460 broon.co.uk "-" "Mozilla/5.0 (compatible; AhrefsBot/7.0; +http://ahrefs.com/robot/)" "-"
114.119.140.0 - - [10/Jan/2026:04:25:53 +0100] "GET /gallery-broon/slideshow.php?gid=58&interval=5&phid=7 HTTP/1.1" 200 2906 www.broon.co.uk "http://www.broon.co.uk/gallery-broon/view.php?gid=58&phid=3" "Mozilla/5.0 (Linux; Android 7.0;) AppleWebKit/537.36 (KHTML, like Gecko) Mobile Safari/537.36 (compatible; PetalBot;+https://webmaster.petalsearch.com/site/petalbot)" "-"
52.44.174.0 - - [10/Jan/2026:04:26:38 +0100] "GET /speccy/interactive/interactive_curse.html HTTP/1.1" 200 1559 broon.co.uk "-" "Mozilla/5.0 AppleWebKit/537.36 (KHTML, like Gecko; compatible; Amazonbot/0.1; +https://developer.amazon.com/support/amazonbot) Chrome/119.0.6045.214 Safari/537.36" "-"
51.89.129.0 - - [10/Jan/2026:04:26:46 +0100] "GET /gallery-broon/view.php?gid=69&phid=5 HTTP/1.1" 200 4433 broon.co.uk "-" "Mozilla/5.0 (compatible; AhrefsBot/7.0; +http://ahrefs.com/robot/)" "-"
114.119.157.0 - - [10/Jan/2026:04:27:34 +0100] "GET /yapig-0.95b/slideshow?gid=23&phid=9 HTTP/1.1" 200 2807 www.janebushell.co.uk "http://www.janebushell.co.uk/yapig-0.95b/view.php?gid=23&phid=9" "Mozilla/5.0 (Linux; Android 7.0;) AppleWebKit/537.36 (KHTML, like Gecko) Mobile Safari/537.36 (compatible; PetalBot;+https://webmaster.petalsearch.com/site/petalbot)" "-"
114.119.135.0 - - [10/Jan/2026:04:27:35 +0100] "GET /gallery-broon/slideshow.php?gid=58&interval=5&phid=50 HTTP/1.1" 200 2751 www.broon.co.uk "-" "Mozilla/5.0 (Linux; Android 7.0;) AppleWebKit/537.36 (KHTML, like Gecko) Mobile Safari/537.36 (compatible; PetalBot;+https://webmaster.petalsearch.com/site/petalbot)" "-"
54.38.147.0 - - [10/Jan/2026:04:27:37 +0100] "GET /gallery-broon/view.php?gid=69&phid=47 HTTP/1.1" 200 4441 broon.co.uk "-" "Mozilla/5.0 (compatible; AhrefsBot/7.0; +http://ahrefs.com/robot/)" "-"
54.38.147.0 - - [10/Jan/2026:04:28:27 +0100] "GET /gallery-broon/slideshow?gid=58&phid=9 HTTP/1.1" 200 2861 broon.co.uk "-" "Mozilla/5.0 (compatible; AhrefsBot/7.0; +http://ahrefs.com/robot/)" "-"
114.119.140.0 - - [10/Jan/2026:04:29:18 +0100] "GET /gallery-broon/slideshow.php?gid=58&interval=5&phid=48 HTTP/1.1" 200 2813 www.broon.co.uk "-" "Mozilla/5.0 (Linux; Android 7.0;) AppleWebKit/537.36 (KHTML, like Gecko) Mobile Safari/537.36 (compatible; PetalBot;+https://webmaster.petalsearch.com/site/petalbot)" "-"
198.244.183.0 - - [10/Jan/2026:04:29:20 +0100] "GET /gallery-broon/view.php?gid=55&phid=20 HTTP/1.1" 200 4554 www.broon.co.uk "-" "Mozilla/5.0 (compatible; AhrefsBot/7.0; +http://ahrefs.com/robot/)" "-"
54.38.147.0 - - [10/Jan/2026:04:30:24 +0100] "GET /gallery-broon/view.php?gid=65&phid=169 HTTP/1.1" 200 4456 broon.co.uk "-" "Mozilla/5.0 (compatible; AhrefsBot/7.0; +http://ahrefs.com/robot/)" "-"
114.119.143.0 - - [10/Jan/2026:04:31:03 +0100] "GET /gallery-broon/slideshow.php?gid=58&interval=5&phid=41 HTTP/1.1" 200 2869 www.broon.co.uk "http://www.broon.co.uk/gallery-broon/view.php?gid=58&phid=38" "Mozilla/5.0 (Linux; Android 7.0;) AppleWebKit/537.36 (KHTML, like Gecko) Mobile Safari/537.36 (compatible; PetalBot;+https://webmaster.petalsearch.com/site/petalbot)" "-"
198.244.226.0 - - [10/Jan/2026:04:31:04 +0100] "GET /yapig-0.95b/slideshow?gid=14&phid=5 HTTP/1.1" 200 2823 www.janebushell.co.uk "-" "Mozilla/5.0 (compatible; AhrefsBot/7.0; +http://ahrefs.com/robot/)" "-"
51.195.215.0 - - [10/Jan/2026:04:31:29 +0100] "GET /gallery-broon/view.php?gid=55&phid=66 HTTP/1.1" 200 4434 www.broon.co.uk "-" "Mozilla/5.0 (compatible; AhrefsBot/7.0; +http://ahrefs.com/robot/)" "-"
51.195.244.0 - - [10/Jan/2026:04:32:27 +0100] "GET /gallery-broon/view.php?gid=66&phid=124 HTTP/1.1" 200 4516 broon.co.uk "-" "Mozilla/5.0 (compatible; AhrefsBot/7.0; +http://ahrefs.com/robot/)" "-"
213.180.203.0 - - [10/Jan/2026:04:32:40 +0100] "GET /yapig-0.95b/view.php?gid=2&page=0 HTTP/1.1" 429 227 janebushell.co.uk "-" "Mozilla/5.0 (compatible; YandexBot/3.0; +http://yandex.com/bots)" "-"
114.119.143.0 - - [10/Jan/2026:04:32:44 +0100] "GET /gallery-broon/slideshow.php?gid=58&interval=5&phid=4 HTTP/1.1" 200 2810 www.broon.co.uk "http://www.broon.co.uk/gallery-broon/view.php?gid=58&page=1" "Mozilla/5.0 (Linux; Android 7.0;) AppleWebKit/537.36 (KHTML, like Gecko) Mobile Safari/537.36 (compatible; PetalBot;+https://webmaster.petalsearch.com/site/petalbot)" "-"
198.244.242.0 - - [10/Jan/2026:04:33:28 +0100] "GET /gallery-broon/view.php?gid=55&phid=56 HTTP/1.1" 200 4556 www.broon.co.uk "-" "Mozilla/5.0 (compatible; AhrefsBot/7.0; +http://ahrefs.com/robot/)" "-"
198.244.242.0 - - [10/Jan/2026:04:34:18 +0100] "GET /gallery-broon/view.php?gid=66&phid=106 HTTP/1.1" 200 4516 broon.co.uk "-" "Mozilla/5.0 (compatible; AhrefsBot/7.0; +http://ahrefs.com/robot/)" "-"
114.119.140.0 - - [10/Jan/2026:04:34:27 +0100] "GET /gallery-broon/slideshow.php?gid=58&interval=5&phid=37 HTTP/1.1" 200 2813 www.broon.co.uk "http://www.broon.co.uk/gallery-broon/view.php?gid=58&phid=36" "Mozilla/5.0 (Linux; Android 7.0;) AppleWebKit/537.36 (KHTML, like Gecko) Mobile Safari/537.36 (compatible; PetalBot;+https://webmaster.petalsearch.com/site/petalbot)" "-"
5.255.231.0 - - [10/Jan/2026:04:35:13 +0100] "GET /gallery-misc/view.php?gid=43&phid=3 HTTP/1.1" 429 227 janebushell.co.uk "-" "Mozilla/5.0 (compatible; YandexBot/3.0; +http://yandex.com/bots)" "-"
54.38.147.0 - - [10/Jan/2026:04:35:14 +0100] "GET /gallery-broon/view.php?gid=66&phid=105 HTTP/1.1" 200 4516 broon.co.uk "-" "Mozilla/5.0 (compatible; AhrefsBot/7.0; +http://ahrefs.com/robot/)" "-"
51.89.129.0 - - [10/Jan/2026:04:36:08 +0100] "GET /gallery-broon/view.php?gid=50&phid=4 HTTP/1.1" 200 4441 broon.co.uk "-" "Mozilla/5.0 (compatible; AhrefsBot/7.0; +http://ahrefs.com/robot/)" "-"
114.119.139.0 - - [10/Jan/2026:04:36:09 +0100] "GET /gallery-broon/slideshow.php?gid=58&interval=5&phid=29 HTTP/1.1" 200 2813 www.broon.co.uk "http://www.broon.co.uk/gallery-broon/view.php?gid=58&phid=28" "Mozilla/5.0 (Linux; Android 7.0;) AppleWebKit/537.36 (KHTML, like Gecko) Mobile Safari/537.36 (compatible; PetalBot;+https://webmaster.petalsearch.com/site/petalbot)" "-"
114.119.155.0 - - [10/Jan/2026:04:36:44 +0100] "GET /yapig-0.95b/slideshow?gid=23&phid=7 HTTP/1.1" 200 2800 www.janebushell.co.uk "http://www.janebushell.co.uk/yapig-0.95b/view.php?gid=23&phid=7" "Mozilla/5.0 (Linux; Android 7.0;) AppleWebKit/537.36 (KHTML, like Gecko) Mobile Safari/537.36 (compatible; PetalBot;+https://webmaster.petalsearch.com/site/petalbot)" "-"
198.244.240.0 - - [10/Jan/2026:04:36:59 +0100] "GET /gallery-broon/slideshow?gid=69&phid=187 HTTP/1.1" 200 2779 broon.co.uk "-" "Mozilla/5.0 (compatible; AhrefsBot/7.0; +http://ahrefs.com/robot/)" "-"
51.195.215.0 - - [10/Jan/2026:04:37:14 +0100] "GET /yapig-0.95b/view.php?gid=5&phid=8 HTTP/1.1" 200 4399 www.janebushell.co.uk "-" "Mozilla/5.0 (compatible; AhrefsBot/7.0; +http://ahrefs.com/robot/)" "-"
114.119.143.0 - - [10/Jan/2026:04:37:51 +0100] "GET /gallery-broon/slideshow.php?gid=58&interval=5&phid=27 HTTP/1.1" 200 2835 www.broon.co.uk "-" "Mozilla/5.0 (Linux; Android 7.0;) AppleWebKit/537.36 (KHTML, like Gecko) Mobile Safari/537.36 (compatible; PetalBot;+https://webmaster.petalsearch.com/site/petalbot)" "-"
198.244.168.0 - - [10/Jan/2026:04:38:06 +0100] "GET /gallery-broon/view.php?gid=65&phid=168 HTTP/1.1" 200 4456 broon.co.uk "-" "Mozilla/5.0 (compatible; AhrefsBot/7.0; +http://ahrefs.com/robot/)" "-"
5.255.231.0 - - [10/Jan/2026:04:38:17 +0100] "GET /yapig-0.95b/slideshow?gid=34&phid=8 HTTP/1.1" 429 227 janebushell.co.uk "-" "Mozilla/5.0 (compatible; YandexBot/3.0; +http://yandex.com/bots)" "-"
198.244.240.0 - - [10/Jan/2026:04:39:11 +0100] "GET /gallery-broon/view.php?gid=69&phid=1 HTTP/1.1" 200 4498 broon.co.uk "-" "Mozilla/5.0 (compatible; AhrefsBot/7.0; +http://ahrefs.com/robot/)" "-"
114.119.143.0 - - [10/Jan/2026:04:39:35 +0100] "GET /gallery-broon/slideshow.php?gid=58&interval=5&phid=26 HTTP/1.1" 200 2869 www.broon.co.uk "http://www.broon.co.uk/gallery-broon/view.php?gid=58&phid=25" "Mozilla/5.0 (Linux; Android 7.0;) AppleWebKit/537.36 (KHTML, like Gecko) Mobile Safari/537.36 (compatible; PetalBot;+https://webmaster.petalsearch.com/site/petalbot)" "-"
198.244.183.0 - - [10/Jan/2026:04:40:15 +0100] "GET /gallery-broon/slideshow?gid=68&phid=0 HTTP/1.1" 200 2845 www.broon.co.uk "-" "Mozilla/5.0 (compatible; AhrefsBot/7.0; +http://ahrefs.com/robot/)" "-"
114.119.140.0 - - [10/Jan/2026:04:41:17 +0100] "GET /gallery-broon/slideshow.php?gid=58&interval=5&phid=25 HTTP/1.1" 200 2878 www.broon.co.uk "http://www.broon.co.uk/gallery-broon/view.php?gid=58&phid=21" "Mozilla/5.0 (Linux; Android 7.0;) AppleWebKit/537.36 (KHTML, like Gecko) Mobile Safari/537.36 (compatible; PetalBot;+https://webmaster.petalsearch.com/site/petalbot)" "-"
51.89.129.0 - - [10/Jan/2026:04:41:17 +0100] "GET /gallery-broon/slideshow?gid=68&phid=7 HTTP/1.1" 200 2655 www.broon.co.uk "-" "Mozilla/5.0 (compatible; AhrefsBot/7.0; +http://ahrefs.com/robot/)" "-"
95.108.213.0 - - [10/Jan/2026:04:42:03 +0100] "GET /yapig-0.95b/slideshow?gid=30&phid=2 HTTP/1.1" 429 227 janebushell.co.uk "-" "Mozilla/5.0 (compatible; YandexBot/3.0; +http://yandex.com/bots)" "-"
198.244.240.0 - - [10/Jan/2026:04:42:30 +0100] "GET /gallery-broon/view.php?gid=44&phid=10 HTTP/1.1" 200 4475 broon.co.uk "-" "Mozilla/5.0 (compatible; AhrefsBot/7.0; +http://ahrefs.com/robot/)" "-"
114.119.155.0 - - [10/Jan/2026:04:42:59 +0100] "GET /gallery-broon/slideshow.php?gid=58&interval=5&phid=21 HTTP/1.1" 200 2926 www.broon.co.uk "http://www.broon.co.uk/gallery-broon/view.php?gid=58&phid=18" "Mozilla/5.0 (Linux; Android 7.0;) AppleWebKit/537.36 (KHTML, like Gecko) Mobile Safari/537.36 (compatible; PetalBot;+https://webmaster.petalsearch.com/site/petalbot)" "-"
198.244.226.0 - - [10/Jan/2026:04:43:36 +0100] "GET /gallery-broon/view.php?gid=55&phid=51 HTTP/1.1" 200 4556 www.broon.co.uk "-" "Mozilla/5.0 (compatible; AhrefsBot/7.0; +http://ahrefs.com/robot/)" "-"
51.195.183.0 - - [10/Jan/2026:04:44:05 +0100] "GET / HTTP/1.1" 200 10486 www.janebushell.co.uk "-" "Mozilla/5.0 (compatible; AhrefsBot/7.0; +http://ahrefs.com/robot/)" "-"
198.244.242.0 - - [10/Jan/2026:04:44:30 +0100] "GET /gallery-broon/slideshow?gid=48&phid=8 HTTP/1.1" 200 2758 www.broon.co.uk "-" "Mozilla/5.0 (compatible; AhrefsBot/7.0; +http://ahrefs.com/robot/)" "-"
114.119.139.0 - - [10/Jan/2026:04:44:44 +0100] "GET /gallery-broon/slideshow.php?gid=58&interval=5&phid=20 HTTP/1.1" 200 2846 www.broon.co.uk "http://www.broon.co.uk/gallery-broon/view.php?gid=58&phid=17" "Mozilla/5.0 (Linux; Android 7.0;) AppleWebKit/537.36 (KHTML, like Gecko) Mobile Safari/537.36 (compatible; PetalBot;+https://webmaster.petalsearch.com/site/petalbot)" "-"
198.244.168.0 - - [10/Jan/2026:04:45:33 +0100] "GET /gallery-broon/slideshow?gid=69&phid=179 HTTP/1.1" 200 2767 broon.co.uk "-" "Mozilla/5.0 (compatible; AhrefsBot/7.0; +http://ahrefs.com/robot/)" "-"
114.119.129.0 - - [10/Jan/2026:04:45:53 +0100] "GET /yapig-0.95b/slideshow?gid=23&phid=10 HTTP/1.1" 200 2814 www.janebushell.co.uk "http://www.janebushell.co.uk/yapig-0.95b/view.php?gid=23&phid=10" "Mozilla/5.0 (Linux; Android 7.0;) AppleWebKit/537.36 (KHTML, like Gecko) Mobile Safari/537.36 (compatible; PetalBot;+https://webmaster.petalsearch.com/site/petalbot)" "-"
2001:ee0:5600:: - - [10/Jan/2026:04:46:06 +0100] "GET /scotland/index.html HTTP/1.1" 200 813 broon.co.uk "-" "Mozilla/5.0 (X11; U; Linux x86_64; el-GR; rv:1.9.2.10) Gecko/20100922 Ubuntu/10.10 (maverick) Firefox/3.6.10" "-"
114.119.157.0 - - [10/Jan/2026:04:46:26 +0100] "GET /gallery-broon/slideshow.php?gid=58&interval=5&phid=2 HTTP/1.1" 200 2886 www.broon.co.uk "http://www.broon.co.uk/gallery-broon/view.php?gid=58&phid=1" "Mozilla/5.0 (Linux; Android 7.0;) AppleWebKit/537.36 (KHTML, like Gecko) Mobile Safari/537.36 (compatible; PetalBot;+https://webmaster.petalsearch.com/site/petalbot)" "-"
198.244.168.0 - - [10/Jan/2026:04:46:41 +0100] "GET /gallery-broon/slideshow?gid=69&phid=188 HTTP/1.1" 200 2636 www.broon.co.uk "-" "Mozilla/5.0 (compatible; AhrefsBot/7.0; +http://ahrefs.com/robot/)" "-"
3.223.134.0 - - [10/Jan/2026:04:47:32 +0100] "GET /messageboard/msg/15.html HTTP/1.1" 200 5358 www.janebushell.co.uk "-" "Mozilla/5.0 AppleWebKit/537.36 (KHTML, like Gecko; compatible; Amazonbot/0.1; +https://developer.amazon.com/support/amazonbot) Chrome/119.0.6045.214 Safari/537.36" "-"
51.195.215.0 - - [10/Jan/2026:04:47:49 +0100] "GET /gallery-broon/view.php?gid=57 HTTP/1.1" 200 12677 broon.co.uk "-" "Mozilla/5.0 (compatible; AhrefsBot/7.0; +http://ahrefs.com/robot/)" "-"
114.119.147.0 - - [10/Jan/2026:04:48:08 +0100] "GET /gallery-broon/slideshow.php?gid=58&interval=5&phid=17 HTTP/1.1" 200 2836 www.broon.co.uk "http://www.broon.co.uk/gallery-broon/view.php?gid=58&phid=14" "Mozilla/5.0 (Linux; Android 7.0;) AppleWebKit/537.36 (KHTML, like Gecko) Mobile Safari/537.36 (compatible; PetalBot;+https://webmaster.petalsearch.com/site/petalbot)" "-"
198.244.183.0 - - [10/Jan/2026:04:49:01 +0100] "GET /gallery-broon/view.php?gid=54&phid=11 HTTP/1.1" 200 4463 www.broon.co.uk "-" "Mozilla/5.0 (compatible; AhrefsBot/7.0; +http://ahrefs.com/robot/)" "-"
85.208.96.0 - - [10/Jan/2026:04:49:37 +0100] "GET /robots.txt HTTP/1.1" 429 227 www.broon.co.uk "-" "Mozilla/5.0 (compatible; SemrushBot/7~bl; +http://www.semrush.com/bot.html)" "-"
185.191.171.0 - - [10/Jan/2026:04:49:38 +0100] "GET /gallery-broon/view.php?gid=54 HTTP/1.1" 429 227 www.broon.co.uk "-" "Mozilla/5.0 (compatible; SemrushBot/7~bl; +http://www.semrush.com/bot.html)" "-"
114.119.147.0 - - [10/Jan/2026:04:49:52 +0100] "GET /gallery-broon/slideshow.php?gid=58&interval=5&phid=16 HTTP/1.1" 200 2920 www.broon.co.uk "http://www.broon.co.uk/gallery-broon/view.php?gid=58&phid=13" "Mozilla/5.0 (Linux; Android 7.0;) AppleWebKit/537.36 (KHTML, like Gecko) Mobile Safari/537.36 (compatible; PetalBot;+https://webmaster.petalsearch.com/site/petalbot)" "-"
198.244.242.0 - - [10/Jan/2026:04:50:07 +0100] "GET /gallery-broon/view.php?gid=69&phid=166 HTTP/1.1" 200 4447 www.broon.co.uk "-" "Mozilla/5.0 (compatible; AhrefsBot/7.0; +http://ahrefs.com/robot/)" "-"
198.244.183.0 - - [10/Jan/2026:04:51:06 +0100] "GET /gallery-broon/view.php?gid=69&phid=173 HTTP/1.1" 200 4447 www.broon.co.uk "-" "Mozilla/5.0 (compatible; AhrefsBot/7.0; +http://ahrefs.com/robot/)" "-"
51.195.183.0 - - [10/Jan/2026:04:51:08 +0100] "GET /gallery-misc/slideshow?gid=36&phid=19 HTTP/1.1" 200 2790 www.janebushell.co.uk "-" "Mozilla/5.0 (compatible; AhrefsBot/7.0; +http://ahrefs.com/robot/)" "-"
213.180.203.0 - - [10/Jan/2026:04:51:31 +0100] "GET /gallery-misc/gallery.php HTTP/1.1" 429 227 janebushell.co.uk "-" "Mozilla/5.0 (compatible; YandexBot/3.0; +http://yandex.com/bots)" "-"
114.119.140.0 - - [10/Jan/2026:04:51:35 +0100] "GET /gallery-broon/slideshow.php?gid=58&interval=5&phid=14 HTTP/1.1" 200 2879 www.broon.co.uk "http://www.broon.co.uk/gallery-broon/view.php?gid=58&phid=9" "Mozilla/5.0 (Linux; Android 7.0;) AppleWebKit/537.36 (KHTML, like Gecko) Mobile Safari/537.36 (compatible; PetalBot;+https://webmaster.petalsearch.com/site/petalbot)" "-"
54.38.147.0 - - [10/Jan/2026:04:52:09 +0100] "GET /gallery-broon/gallery.php HTTP/1.1" 200 29696 broon.co.uk "-" "Mozilla/5.0 (compatible; AhrefsBot/7.0; +http://ahrefs.com/robot/)" "-"
114.119.140.0 - - [10/Jan/2026:04:53:17 +0100] "GET /gallery-broon/slideshow.php?gid=58&interval=5&phid=13 HTTP/1.1" 200 2876 www.broon.co.uk "http://www.broon.co.uk/gallery-broon/view.php?gid=58&phid=11" "Mozilla/5.0 (Linux; Android 7.0;) AppleWebKit/537.36 (KHTML, like Gecko) Mobile Safari/537.36 (compatible; PetalBot;+https://webmaster.petalsearch.com/site/petalbot)" "-"
51.195.244.0 - - [10/Jan/2026:04:53:26 +0100] "GET /gallery-broon/view.php?gid=69&phid=102 HTTP/1.1" 200 4449 www.broon.co.uk "-" "Mozilla/5.0 (compatible; AhrefsBot/7.0; +http://ahrefs.com/robot/)" "-"
51.89.129.0 - - [10/Jan/2026:04:54:46 +0100] "GET /gallery-broon/view.php?gid=46&phid=4 HTTP/1.1" 200 4391 broon.co.uk "-" "Mozilla/5.0 (compatible; AhrefsBot/7.0; +http://ahrefs.com/robot/)" "-"
114.119.139.0 - - [10/Jan/2026:04:55:01 +0100] "GET /gallery-broon/slideshow.php?gid=58&interval=5&phid=11 HTTP/1.1" 200 2862 www.broon.co.uk "http://www.broon.co.uk/gallery-broon/view.php?gid=58&phid=6" "Mozilla/5.0 (Linux; Android 7.0;) AppleWebKit/537.36 (KHTML, like Gecko) Mobile Safari/537.36 (compatible; PetalBot;+https://webmaster.petalsearch.com/site/petalbot)" "-"
114.119.131.0 - - [10/Jan/2026:04:55:03 +0100] "GET /yapig-0.95b/slideshow?gid=22&phid=0 HTTP/1.1" 200 2811 www.janebushell.co.uk "http://www.janebushell.co.uk/yapig-0.95b/view.php?gid=22&phid=0" "Mozilla/5.0 (Linux; Android 7.0;) AppleWebKit/537.36 (KHTML, like Gecko) Mobile Safari/537.36 (compatible; PetalBot;+https://webmaster.petalsearch.com/site/petalbot)" "-"
198.244.168.0 - - [10/Jan/2026:04:55:44 +0100] "GET /gallery-broon/view.php?gid=44&phid=86 HTTP/1.1" 200 4345 www.broon.co.uk "-" "Mozilla/5.0 (compatible; AhrefsBot/7.0; +http://ahrefs.com/robot/)" "-"
5.255.231.0 - - [10/Jan/2026:04:56:36 +0100] "GET /dublin/index.html HTTP/1.1" 429 227 broon.co.uk "-" "Mozilla/5.0 (compatible; YandexBot/3.0; +http://yandex.com/bots)" "-"
114.119.139.0 - - [10/Jan/2026:04:56:42 +0100] "GET /gallery-broon/slideshow.php?gid=57&interval=5&phid=6 HTTP/1.1" 200 2857 www.broon.co.uk "http://www.broon.co.uk/gallery-broon/view.php?gid=57&phid=2" "Mozilla/5.0 (Linux; Android 7.0;) AppleWebKit/537.36 (KHTML, like Gecko) Mobile Safari/537.36 (compatible; PetalBot;+https://webmaster.petalsearch.com/site/petalbot)" "-"
198.244.240.0 - - [10/Jan/2026:04:56:50 +0100] "GET /gallery-broon/slideshow.php?gid=65 HTTP/1.1" 200 2876 www.broon.co.uk "-" "Mozilla/5.0 (compatible; AhrefsBot/7.0; +http://ahrefs.com/robot/)" "-"
198.244.240.0 - - [10/Jan/2026:04:57:17 +0100] "GET /yapig-0.95b/slideshow?gid=7&phid=3 HTTP/1.1" 200 2820 www.janebushell.co.uk "-" "Mozilla/5.0 (compatible; AhrefsBot/7.0; +http://ahrefs.com/robot/)" "-"
198.244.242.0 - - [10/Jan/2026:04:58:00 +0100] "GET /gallery-broon/slideshow.php?gid=51 HTTP/1.1" 200 2939 broon.co.uk "-" "Mozilla/5.0 (compatible; AhrefsBot/7.0; +http://ahrefs.com/robot/)" "-"
87.250.224.0 - - [10/Jan/2026:04:58:20 +0100] "GET /gallery-broon/view.php?gid=69&phid=38 HTTP/1.1" 429 227 broon.co.uk "-" "Mozilla/5.0 (compatible; YandexBot/3.0; +http://yandex.com/bots)" "-"
114.119.157.0 - - [10/Jan/2026:04:58:26 +0100] "GET /gallery-broon/slideshow.php?gid=57&interval=5&phid=5 HTTP/1.1" 200 2857 www.broon.co.uk "http://www.broon.co.uk/gallery-broon/view.php?gid=57&phid=3" "Mozilla/5.0 (Linux; Android 7.0;) AppleWebKit/537.36 (KHTML, like Gecko) Mobile Safari/537.36 (compatible; PetalBot;+https://webmaster.petalsearch.com/site/petalbot)" "-"
52.167.144.0 - - [10/Jan/2026:04:58:55 +0100] "GET /gallery-broon/slideshow.php?gid=44&interval=5&phid=38 HTTP/1.1" 200 2880 www.broon.co.uk "-" "Mozilla/5.0 AppleWebKit/537.36 (KHTML, like Gecko; compatible; bingbot/2.0; +http://www.bing.com/bingbot.htm) Chrome/116.0.1938.76 Safari/537.36" "-"
198.244.226.0 - - [10/Jan/2026:04:59:09 +0100] "GET /gallery-broon/slideshow?gid=70&phid=27 HTTP/1.1" 200 2747 www.broon.co.uk "-" "Mozilla/5.0 (compatible; AhrefsBot/7.0; +http://ahrefs.com/robot/)" "-"
114.119.135.0 - - [10/Jan/2026:05:00:09 +0100] "GET /gallery-broon/slideshow.php?gid=71&interval=5&phid=4 HTTP/1.1" 200 2727 www.broon.co.uk "http://www.broon.co.uk/gallery-broon/view.php?gid=71&phid=0" "Mozilla/5.0 (Linux; Android 7.0;) AppleWebKit/537.36 (KHTML, like Gecko) Mobile Safari/537.36 (compatible; PetalBot;+https://webmaster.petalsearch.com/site/petalbot)" "-"
198.244.240.0 - - [10/Jan/2026:05:00:15 +0100] "GET /gallery-broon/slideshow.php?gid=42 HTTP/1.1" 200 2957 broon.co.uk "-" "Mozilla/5.0 (compatible; AhrefsBot/7.0; +http://ahrefs.com/robot/)" "-"
51.89.129.0 - - [10/Jan/2026:05:01:27 +0100] "GET /gallery-broon/view.php?gid=69&phid=101 HTTP/1.1" 200 4447 www.broon.co.uk "-" "Mozilla/5.0 (compatible; AhrefsBot/7.0; +http://ahrefs.com/robot/)" "-"
114.119.135.0 - - [10/Jan/2026:05:01:55 +0100] "GET /gallery-broon/slideshow.php?gid=71&interval=5&phid=19 HTTP/1.1" 200 2730 www.broon.co.uk "http://www.broon.co.uk/gallery-broon/view.php?gid=71&phid=15" "Mozilla/5.0 (Linux; Android 7.0;) AppleWebKit/537.36 (KHTML, like Gecko) Mobile Safari/537.36 (compatible; PetalBot;+https://webmaster.petalsearch.com/site/petalbot)" "-"
51.89.129.0 - - [10/Jan/2026:05:02:39 +0100] "GET /gallery-broon/view.php?gid=69&phid=0 HTTP/1.1" 200 4388 broon.co.uk "-" "Mozilla/5.0 (compatible; AhrefsBot/7.0; +http://ahrefs.com/robot/)" "-"
5.255.231.0 - - [10/Jan/2026:05:03:06 +0100] "GET /gits/monsters/883.txt HTTP/1.1" 429 227 broon.co.uk "-" "Mozilla/5.0 (compatible; YandexBot/3.0; +http://yandex.com/bots)" "-"
198.244.168.0 - - [10/Jan/2026:05:03:19 +0100] "GET /gallery-usa/view.php?gid=39&phid=0 HTTP/1.1" 200 4425 www.janebushell.co.uk "-" "Mozilla/5.0 (compatible; AhrefsBot/7.0; +http://ahrefs.com/robot/)" "-"
114.119.155.0 - - [10/Jan/2026:05:03:34 +0100] "GET /gallery-broon/slideshow.php?gid=70&interval=5&phid=43 HTTP/1.1" 200 2747 www.broon.co.uk "http://www.broon.co.uk/gallery-broon/view.php?gid=70&phid=39" "Mozilla/5.0 (Linux; Android 7.0;) AppleWebKit/537.36 (KHTML, like Gecko) Mobile Safari/537.36 (compatible; PetalBot;+https://webmaster.petalsearch.com/site/petalbot)" "-"
51.89.129.0 - - [10/Jan/2026:05:03:58 +0100] "GET /gallery-broon/view.php?gid=66&phid=62 HTTP/1.1" 200 4508 www.broon.co.uk "-" "Mozilla/5.0 (compatible; AhrefsBot/7.0; +http://ahrefs.com/robot/)" "-"
114.119.155.0 - - [10/Jan/2026:05:04:12 +0100] "GET /yapig-0.95b/slideshow?gid=20&phid=9 HTTP/1.1" 200 2801 www.janebushell.co.uk "http://www.janebushell.co.uk/yapig-0.95b/view.php?gid=20&phid=9" "Mozilla/5.0 (Linux; Android 7.0;) AppleWebKit/537.36 (KHTML, like Gecko) Mobile Safari/537.36 (compatible; PetalBot;+https://webmaster.petalsearch.com/site/petalbot)" "-"
146.19.216.0 - - [10/Jan/2026:05:04:58 +0100] "GET /messageboard/msg/42.html HTTP/1.1" 200 5017 janebushell.co.uk "http://janebushell.co.uk/" "Mozilla/5.0 (Linux x86_64; rv:114.0) Gecko/20100101 Firefox/114.0" "-"
198.244.242.0 - - [10/Jan/2026:05:05:06 +0100] "GET /gallery-broon/view.php?gid=55&phid=12 HTTP/1.1" 200 4556 www.broon.co.uk "-" "Mozilla/5.0 (compatible; AhrefsBot/7.0; +http://ahrefs.com/robot/)" "-"
213.180.203.0 - - [10/Jan/2026:05:05:19 +0100] "GET /gallery-broon/slideshow?gid=59&phid=4 HTTP/1.1" 429 227 broon.co.uk "-" "Mozilla/5.0 (compatible; YandexBot/3.0; +http://yandex.com/bots)" "-"
114.119.155.0 - - [10/Jan/2026:05:05:28 +0100] "GET /gallery-broon/slideshow.php?gid=70&interval=5&phid=28 HTTP/1.1" 200 2747 www.broon.co.uk "http://www.broon.co.uk/gallery-broon/view.php?gid=70&phid=24" "Mozilla/5.0 (Linux; Android 7.0;) AppleWebKit/537.36 (KHTML, like Gecko) Mobile Safari/537.36 (compatible; PetalBot;+https://webmaster.petalsearch.com/site/petalbot)" "-"
198.244.183.0 - - [10/Jan/2026:05:06:19 +0100] "GET /gallery-broon/view.php?gid=54&phid=10 HTTP/1.1" 200 4419 www.broon.co.uk "-" "Mozilla/5.0 (compatible; AhrefsBot/7.0; +http://ahrefs.com/robot/)" "-"
114.119.143.0 - - [10/Jan/2026:05:07:22 +0100] "GET /gallery-broon/slideshow.php?gid=70&interval=5&phid=16 HTTP/1.1" 200 2747 www.broon.co.uk "http://www.broon.co.uk/gallery-broon/view.php?gid=70&phid=12" "Mozilla/5.0 (Linux; Android 7.0;) AppleWebKit/537.36 (KHTML, like Gecko) Mobile Safari/537.36 (compatible; PetalBot;+https://webmaster.petalsearch.com/site/petalbot)" "-"
51.195.244.0 - - [10/Jan/2026:05:07:29 +0100] "GET /gallery-broon/slideshow?gid=69&phid=164 HTTP/1.1" 200 2767 www.broon.co.uk "-" "Mozilla/5.0 (compatible; AhrefsBot/7.0; +http://ahrefs.com/robot/)" "-"
213.180.203.0 - - [10/Jan/2026:05:07:37 +0100] "GET /gallery-broon/slideshow?gid=65&phid=36 HTTP/1.1" 429 227 broon.co.uk "-" "Mozilla/5.0 (compatible; YandexBot/3.0; +http://yandex.com/bots)" "-"
54.38.147.0 - - [10/Jan/2026:05:08:45 +0100] "GET /gallery-broon/view.php?gid=54&phid=9 HTTP/1.1" 200 4393 www.broon.co.uk "-" "Mozilla/5.0 (compatible; AhrefsBot/7.0; +http://ahrefs.com/robot/)" "-"
114.119.140.0 - - [10/Jan/2026:05:09:17 +0100] "GET /gallery-broon/slideshow.php?gid=70&interval=5&phid=15 HTTP/1.1" 200 2747 www.broon.co.uk "http://www.broon.co.uk/gallery-broon/view.php?gid=70&phid=11" "Mozilla/5.0 (Linux; Android 7.0;) AppleWebKit/537.36 (KHTML, like Gecko) Mobile Safari/537.36 (compatible; PetalBot;+https://webmaster.petalsearch.com/site/petalbot)" "-"
51.195.244.0 - - [10/Jan/2026:05:09:26 +0100] "GET /gallery-sa2007/view.php?gid=39&phid=17 HTTP/1.1" 200 4500 www.janebushell.co.uk "-" "Mozilla/5.0 (compatible; AhrefsBot/7.0; +http://ahrefs.com/robot/)" "-"
198.244.242.0 - - [10/Jan/2026:05:10:04 +0100] "GET /gallery-broon/slideshow?gid=69&phid=188 HTTP/1.1" 200 2636 broon.co.uk "-" "Mozilla/5.0 (compatible; AhrefsBot/7.0; +http://ahrefs.com/robot/)" "-"
5.255.231.0 - - [10/Jan/2026:05:10:32 +0100] "GET /robots.txt HTTP/1.1" 429 227 broon.co.uk "-" "Mozilla/5.0 (compatible; YandexBot/3.0; +http://yandex.com/bots)" "-"
51.195.215.0 - - [10/Jan/2026:05:11:10 +0100] "GET /gallery-broon/slideshow?gid=58&phid=11 HTTP/1.1" 200 2862 broon.co.uk "-" "Mozilla/5.0 (compatible; AhrefsBot/7.0; +http://ahrefs.com/robot/)" "-"
114.119.143.0 - - [10/Jan/2026:05:11:11 +0100] "GET /gallery-broon/slideshow.php?gid=69&interval=5&phid=94 HTTP/1.1" 200 2764 www.broon.co.uk "http://www.broon.co.uk/gallery-broon/view.php?gid=69&phid=90" "Mozilla/5.0 (Linux; Android 7.0;) AppleWebKit/537.36 (KHTML, like Gecko) Mobile Safari/537.36 (compatible; PetalBot;+https://webmaster.petalsearch.com/site/petalbot)" "-"
198.244.183.0 - - [10/Jan/2026:05:12:14 +0100] "GET /gallery-broon/view.php?gid=61&phid=12 HTTP/1.1" 200 4495 broon.co.uk "-" "Mozilla/5.0 (compatible; AhrefsBot/7.0; +http://ahrefs.com/robot/)" "-"
23.236.253.0 - - [10/Jan/2026:05:12:30 +0100] "GET /links/index.php HTTP/1.1" 200 1472 janebushell.co.uk "http://janebushell.co.uk/" "Mozilla/5.0 (X11; Fedora; Linux x86_64; rv:114.0) Gecko/20100101 Firefox/114.0" "-"
114.119.140.0 - - [10/Jan/2026:05:13:05 +0100] "GET /gallery-broon/slideshow.php?gid=69&interval=5&phid=93 HTTP/1.1" 200 2764 www.broon.co.uk "http://www.broon.co.uk/gallery-broon/view.php?gid=69&phid=91" "Mozilla/5.0 (Linux; Android 7.0;) AppleWebKit/537.36 (KHTML, like Gecko) Mobile Safari/537.36 (compatible; PetalBot;+https://webmaster.petalsearch.com/site/petalbot)" "-"
114.119.133.0 - - [10/Jan/2026:05:13:22 +0100] "GET /yapig-0.95b/slideshow?gid=20&phid=6 HTTP/1.1" 200 2788 www.janebushell.co.uk "http://www.janebushell.co.uk/yapig-0.95b/view.php?gid=20&phid=6" "Mozilla/5.0 (Linux; Android 7.0;) AppleWebKit/537.36 (KHTML, like Gecko) Mobile Safari/537.36 (compatible; PetalBot;+https://webmaster.petalsearch.com/site/petalbot)" "-"
213.180.203.0 - - [10/Jan/2026:05:13:33 +0100] "GET /yapig-0.95b/view.php?gid=2&phid=5 HTTP/1.1" 429 227 janebushell.co.uk "-" "Mozilla/5.0 (compatible; YandexBot/3.0; +http://yandex.com/bots)" "-"
198.244.168.0 - - [10/Jan/2026:05:13:38 +0100] "GET /gallery-broon/view.php?gid=65&phid=215 HTTP/1.1" 200 4526 broon.co.uk "-" "Mozilla/5.0 (compatible; AhrefsBot/7.0; +http://ahrefs.com/robot/)" "-"
198.244.168.0 - - [10/Jan/2026:05:14:38 +0100] "GET /yapig-0.95b/view.php?gid=7&phid=3 HTTP/1.1" 200 4467 www.janebushell.co.uk "-" "Mozilla/5.0 (compatible; AhrefsBot/7.0; +http://ahrefs.com/robot/)" "-"
54.38.147.0 - - [10/Jan/2026:05:14:53 +0100] "GET /gallery-broon/slideshow?gid=54&phid=6 HTTP/1.1" 200 2806 broon.co.uk "-" "Mozilla/5.0 (compatible; AhrefsBot/7.0; +http://ahrefs.com/robot/)" "-"
114.119.157.0 - - [10/Jan/2026:05:15:00 +0100] "GET /gallery-broon/slideshow.php?gid=69&interval=5&phid=92 HTTP/1.1" 200 2764 www.broon.co.uk "http://www.broon.co.uk/gallery-broon/view.php?gid=69&phid=88" "Mozilla/5.0 (Linux; Android 7.0;) AppleWebKit/537.36 (KHTML, like Gecko) Mobile Safari/537.36 (compatible; PetalBot;+https://webmaster.petalsearch.com/site/petalbot)" "-"
198.244.183.0 - - [10/Jan/2026:05:15:57 +0100] "GET /gallery-broon/slideshow?gid=69&phid=187 HTTP/1.1" 200 2779 www.broon.co.uk "-" "Mozilla/5.0 (compatible; AhrefsBot/7.0; +http://ahrefs.com/robot/)" "-"
198.244.242.0 - - [10/Jan/2026:05:16:43 +0100] "GET /gallery-broon/slideshow?gid=65&phid=20 HTTP/1.1" 200 2890 broon.co.uk "-" "Mozilla/5.0 (compatible; AhrefsBot/7.0; +http://ahrefs.com/robot/)" "-"
114.119.139.0 - - [10/Jan/2026:05:16:53 +0100] "GET /gallery-broon/slideshow.php?gid=69&interval=5&phid=69 HTTP/1.1" 200 2764 www.broon.co.uk "http://www.broon.co.uk/gallery-broon/view.php?gid=69&phid=67" "Mozilla/5.0 (Linux; Android 7.0;) AppleWebKit/537.36 (KHTML, like Gecko) Mobile Safari/537.36 (compatible; PetalBot;+https://webmaster.petalsearch.com/site/petalbot)" "-"
198.244.168.0 - - [10/Jan/2026:05:17:22 +0100] "GET /gallery-broon/slideshow?gid=69&phid=186 HTTP/1.1" 200 2767 www.broon.co.uk "-" "Mozilla/5.0 (compatible; AhrefsBot/7.0; +http://ahrefs.com/robot/)" "-"
51.195.244.0 - - [10/Jan/2026:05:17:56 +0100] "GET /gallery-broon/view.php?gid=69&phid=27 HTTP/1.1" 200 4440 broon.co.uk "-" "Mozilla/5.0 (compatible; AhrefsBot/7.0; +http://ahrefs.com/robot/)" "-"
51.89.129.0 - - [10/Jan/2026:05:18:30 +0100] "GET /gallery-broon/view.php?gid=65&phid=197 HTTP/1.1" 200 4463 broon.co.uk "-" "Mozilla/5.0 (compatible; AhrefsBot/7.0; +http://ahrefs.com/robot/)" "-"
114.119.143.0 - - [10/Jan/2026:05:18:48 +0100] "GET /gallery-broon/slideshow.php?gid=69&interval=5&phid=52 HTTP/1.1" 200 2764 www.broon.co.uk "http://www.broon.co.uk/gallery-broon/view.php?gid=69&phid=48" "Mozilla/5.0 (Linux; Android 7.0;) AppleWebKit/537.36 (KHTML, like Gecko) Mobile Safari/537.36 (compatible; PetalBot;+https://webmaster.petalsearch.com/site/petalbot)" "-"
198.244.168.0 - - [10/Jan/2026:05:19:15 +0100] "GET /gallery-broon/view.php?gid=65&phid=110 HTTP/1.1" 200 4433 www.broon.co.uk "-" "Mozilla/5.0 (compatible; AhrefsBot/7.0; +http://ahrefs.com/robot/)" "-"
54.38.147.0 - - [10/Jan/2026:05:19:44 +0100] "GET /yapig-0.95b/view.php?gid=5&phid=10 HTTP/1.1" 200 4427 www.janebushell.co.uk "-" "Mozilla/5.0 (compatible; AhrefsBot/7.0; +http://ahrefs.com/robot/)" "-"
198.244.183.0 - - [10/Jan/2026:05:19:55 +0100] "GET /gallery-broon/view.php?gid=69&phid=174 HTTP/1.1" 200 4447 www.broon.co.uk "-" "Mozilla/5.0 (compatible; AhrefsBot/7.0; +http://ahrefs.com/robot/)" "-"
51.195.244.0 - - [10/Jan/2026:05:20:40 +0100] "GET /gallery-broon/view.php?gid=56 HTTP/1.1" 200 11971 broon.co.uk "-" "Mozilla/5.0 (compatible; AhrefsBot/7.0; +http://ahrefs.com/robot/)" "-"
114.119.143.0 - - [10/Jan/2026:05:20:40 +0100] "GET /gallery-broon/slideshow.php?gid=69&interval=5&phid=51 HTTP/1.1" 200 2764 www.broon.co.uk "-" "Mozilla/5.0 (Linux; Android 7.0;) AppleWebKit/537.36 (KHTML, like Gecko) Mobile Safari/537.36 (compatible; PetalBot;+https://webmaster.petalsearch.com/site/petalbot)" "-"
51.195.244.0 - - [10/Jan/2026:05:21:16 +0100] "GET /gallery-broon/view.php?gid=65&phid=214 HTTP/1.1" 200 4526 broon.co.uk "-" "Mozilla/5.0 (compatible; AhrefsBot/7.0; +http://ahrefs.com/robot/)" "-"
198.244.183.0 - - [10/Jan/2026:05:21:50 +0100] "GET /gallery-broon/view.php?gid=55&phid=19 HTTP/1.1" 200 4608 www.broon.co.uk "-" "Mozilla/5.0 (compatible; AhrefsBot/7.0; +http://ahrefs.com/robot/)" "-"
51.89.129.0 - - [10/Jan/2026:05:22:25 +0100] "GET /gallery-broon/slideshow?gid=65&phid=217 HTTP/1.1" 200 2820 broon.co.uk "-" "Mozilla/5.0 (compatible; AhrefsBot/7.0; +http://ahrefs.com/robot/)" "-"
114.119.133.0 - - [10/Jan/2026:05:22:30 +0100] "GET /yapig-0.95b/slideshow?gid=20&phid=1 HTTP/1.1" 200 2793 www.janebushell.co.uk "http://www.janebushell.co.uk/yapig-0.95b/view.php?gid=20&phid=1" "Mozilla/5.0 (Linux; Android 7.0;) AppleWebKit/537.36 (KHTML, like Gecko) Mobile Safari/537.36 (compatible; PetalBot;+https://webmaster.petalsearch.com/site/petalbot)" "-"
54.166.126.0 - - [10/Jan/2026:05:22:31 +0100] "GET /speccy/library.html HTTP/1.1" 200 3763 www.broon.co.uk "-" "Mozilla/5.0 AppleWebKit/537.36 (KHTML, like Gecko; compatible; Amazonbot/0.1; +https://developer.amazon.com/support/amazonbot) Chrome/119.0.6045.214 Safari/537.36" "-"
52.5.232.0 - - [10/Jan/2026:05:22:34 +0100] "GET /speccy/interactive/interactive_dd2.html HTTP/1.1" 200 1723 broon.co.uk "-" "Mozilla/5.0 AppleWebKit/537.36 (KHTML, like Gecko; compatible; Amazonbot/0.1; +https://developer.amazon.com/support/amazonbot) Chrome/119.0.6045.214 Safari/537.36" "-"
114.119.140.0 - - [10/Jan/2026:05:22:36 +0100] "GET /gallery-broon/slideshow.php?gid=69&interval=5&phid=49 HTTP/1.1" 200 2764 www.broon.co.uk "http://www.broon.co.uk/gallery-broon/view.php?gid=69&phid=47" "Mozilla/5.0 (Linux; Android 7.0;) AppleWebKit/537.36 (KHTML, like Gecko) Mobile Safari/537.36 (compatible; PetalBot;+https://webmaster.petalsearch.com/site/petalbot)" "-"
100.24.149.0 - - [10/Jan/2026:05:22:39 +0100] "GET /tortillazo/english.htm HTTP/1.1" 200 4530 www.broon.co.uk "-" "Mozilla/5.0 AppleWebKit/537.36 (KHTML, like Gecko; compatible; Amazonbot/0.1; +https://developer.amazon.com/support/amazonbot) Chrome/119.0.6045.214 Safari/537.36" "-"
52.7.33.0 - - [10/Jan/2026:05:22:42 +0100] "GET /speccy/interactive/interactive_cliff.html HTTP/1.1" 200 1563 broon.co.uk "-" "Mozilla/5.0 AppleWebKit/537.36 (KHTML, like Gecko; compatible; Amazonbot/0.1; +https://developer.amazon.com/support/amazonbot) Chrome/119.0.6045.214 Safari/537.36" "-"
198.244.242.0 - - [10/Jan/2026:05:22:57 +0100] "GET /gallery-broon/view.php?gid=65&phid=198 HTTP/1.1" 200 4526 broon.co.uk "-" "Mozilla/5.0 (compatible; AhrefsBot/7.0; +http://ahrefs.com/robot/)" "-"
87.250.224.0 - - [10/Jan/2026:05:23:12 +0100] "GET /robots.txt HTTP/1.1" 429 227 janebushell.co.uk "-" "Mozilla/5.0 (compatible; YandexBot/3.0; +http://yandex.com/bots)" "-"
198.244.240.0 - - [10/Jan/2026:05:23:29 +0100] "GET /gallery-broon/view.php?gid=69&phid=129 HTTP/1.1" 200 4447 broon.co.uk "-" "Mozilla/5.0 (compatible; AhrefsBot/7.0; +http://ahrefs.com/robot/)" "-"
51.195.215.0 - - [10/Jan/2026:05:24:03 +0100] "GET /gallery-broon/slideshow?gid=47&phid=7 HTTP/1.1" 200 2790 www.broon.co.uk "-" "Mozilla/5.0 (compatible; AhrefsBot/7.0; +http://ahrefs.com/robot/)" "-"
114.119.135.0 - - [10/Jan/2026:05:24:30 +0100] "GET /gallery-broon/slideshow.php?gid=69&interval=5&phid=36 HTTP/1.1" 200 2764 www.broon.co.uk "http://www.broon.co.uk/gallery-broon/view.php?gid=69&phid=34" "Mozilla/5.0 (Linux; Android 7.0;) AppleWebKit/537.36 (KHTML, like Gecko) Mobile Safari/537.36 (compatible; PetalBot;+https://webmaster.petalsearch.com/site/petalbot)" "-"
198.244.168.0 - - [10/Jan/2026:05:24:31 +0100] "GET /gallery-broon/view.php?gid=51&phid=5 HTTP/1.1" 200 4435 broon.co.uk "-" "Mozilla/5.0 (compatible; AhrefsBot/7.0; +http://ahrefs.com/robot/)" "-"
198.244.183.0 - - [10/Jan/2026:05:24:51 +0100] "GET /yapig-0.95b/view.php?gid=10&phid=1 HTTP/1.1" 200 4426 www.janebushell.co.uk "-" "Mozilla/5.0 (compatible; AhrefsBot/7.0; +http://ahrefs.com/robot/)" "-"
2001:41d0:300:: - - [10/Jan/2026:05:24:51 +0100] "GET /robots.txt HTTP/1.1" 404 1271 www.broon.co.uk "-" "Mozilla/5.0 (compatible; MJ12bot/v1.4.8; http://mj12bot.com/)" "-"
2001:41d0:300:: - - [10/Jan/2026:05:24:54 +0100] "GET /gallery-broon/slideshow.php?gid=65&interval=5&phid=5 HTTP/1.1" 200 2847 www.broon.co.uk "-" "Mozilla/5.0 (compatible; MJ12bot/v1.4.8; http://mj12bot.com/)" "-"
2001:41d0:300:: - - [10/Jan/2026:05:24:59 +0100] "GET /gallery-broon/slideshow.php?gid=69&interval=5&phid=4 HTTP/1.1" 200 2761 www.broon.co.uk "-" "Mozilla/5.0 (compatible; MJ12bot/v1.4.8; http://mj12bot.com/)" "-"
51.195.183.0 - - [10/Jan/2026:05:25:08 +0100] "GET /gallery-broon/view.php?gid=54&phid=8 HTTP/1.1" 200 4418 www.broon.co.uk "-" "Mozilla/5.0 (compatible; AhrefsBot/7.0; +http://ahrefs.com/robot/)" "-"
198.244.226.0 - - [10/Jan/2026:05:25:37 +0100] "GET /gallery-broon/view.php?gid=65&phid=126 HTTP/1.1" 200 4433 broon.co.uk "-" "Mozilla/5.0 (compatible; AhrefsBot/7.0; +http://ahrefs.com/robot/)" "-"
198.244.226.0 - - [10/Jan/2026:05:26:11 +0100] "GET /gallery-broon/view.php?gid=63&page=0 HTTP/1.1" 200 14345 www.broon.co.uk "-" "Mozilla/5.0 (compatible; AhrefsBot/7.0; +http://ahrefs.com/robot/)" "-"
114.119.157.0 - - [10/Jan/2026:05:26:24 +0100] "GET /gallery-broon/slideshow.php?gid=69&interval=5&phid=177 HTTP/1.1" 200 2767 www.broon.co.uk "http://www.broon.co.uk/gallery-broon/view.php?gid=69&phid=173" "Mozilla/5.0 (Linux; Android 7.0;) AppleWebKit/537.36 (KHTML, like Gecko) Mobile Safari/537.36 (compatible; PetalBot;+https://webmaster.petalsearch.com/site/petalbot)" "-"
198.244.240.0 - - [10/Jan/2026:05:26:49 +0100] "GET /gallery-broon/view.php?gid=47&page=0 HTTP/1.1" 200 14212 broon.co.uk "-" "Mozilla/5.0 (compatible; AhrefsBot/7.0; +http://ahrefs.com/robot/)" "-"
51.195.183.0 - - [10/Jan/2026:05:27:21 +0100] "GET /gallery-broon/view.php?gid=69&phid=168 HTTP/1.1" 200 4447 www.broon.co.uk "-" "Mozilla/5.0 (compatible; AhrefsBot/7.0; +http://ahrefs.com/robot/)" "-"
51.195.244.0 - - [10/Jan/2026:05:28:00 +0100] "GET /gallery-broon/view.php?gid=55&phid=52 HTTP/1.1" 200 4597 www.broon.co.uk "-" "Mozilla/5.0 (compatible; AhrefsBot/7.0; +http://ahrefs.com/robot/)" "-"
114.119.157.0 - - [10/Jan/2026:05:28:18 +0100] "GET /gallery-broon/slideshow.php?gid=69&interval=5&phid=175 HTTP/1.1" 200 2767 www.broon.co.uk "http://www.broon.co.uk/gallery-broon/view.php?gid=69&phid=171" "Mozilla/5.0 (Linux; Android 7.0;) AppleWebKit/537.36 (KHTML, like Gecko) Mobile Safari/537.36 (compatible; PetalBot;+https://webmaster.petalsearch.com/site/petalbot)" "-"
198.244.240.0 - - [10/Jan/2026:05:28:37 +0100] "GET /gallery-broon/view.php?gid=65&phid=203 HTTP/1.1" 200 4463 www.broon.co.uk "-" "Mozilla/5.0 (compatible; AhrefsBot/7.0; +http://ahrefs.com/robot/)" "-"
54.38.147.0 - - [10/Jan/2026:05:29:12 +0100] "GET /gallery-broon/slideshow?gid=57&phid=19 HTTP/1.1" 200 2747 broon.co.uk "-" "Mozilla/5.0 (compatible; AhrefsBot/7.0; +http://ahrefs.com/robot/)" "-"
198.244.168.0 - - [10/Jan/2026:05:29:47 +0100] "GET /gallery-broon/view.php?gid=66&page=4 HTTP/1.1" 200 16734 broon.co.uk "-" "Mozilla/5.0 (compatible; AhrefsBot/7.0; +http://ahrefs.com/robot/)" "-"
114.119.147.0 - - [10/Jan/2026:05:30:12 +0100] "GET /gallery-broon/slideshow.php?gid=69&interval=5&phid=174 HTTP/1.1" 200 2767 www.broon.co.uk "http://www.broon.co.uk/gallery-broon/view.php?gid=69&phid=170" "Mozilla/5.0 (Linux; Android 7.0;) AppleWebKit/537.36 (KHTML, like Gecko) Mobile Safari/537.36 (compatible; PetalBot;+https://webmaster.petalsearch.com/site/petalbot)" "-"
54.38.147.0 - - [10/Jan/2026:05:30:21 +0100] "GET /yapig-0.95b/view.php?gid=5&phid=9 HTTP/1.1" 200 4418 www.janebushell.co.uk "-" "Mozilla/5.0 (compatible; AhrefsBot/7.0; +http://ahrefs.com/robot/)" "-"
52.167.144.0 - - [10/Jan/2026:05:30:39 +0100] "GET /gallery-usa/view.php?gid=40&page=0 HTTP/1.1" 200 11905 www.janebushell.co.uk "-" "Mozilla/5.0 AppleWebKit/537.36 (KHTML, like Gecko; compatible; bingbot/2.0; +http://www.bing.com/bingbot.htm) Chrome/116.0.1938.76 Safari/537.36" "-"
198.244.168.0 - - [10/Jan/2026:05:30:51 +0100] "GET / HTTP/1.1" 200 10533 broon.co.uk "-" "Mozilla/5.0 (compatible; AhrefsBot/7.0; +http://ahrefs.com/robot/)" "-"
114.119.152.0 - - [10/Jan/2026:05:31:40 +0100] "GET /yapig-0.95b/slideshow?gid=2&phid=5 HTTP/1.1" 200 2763 www.janebushell.co.uk "http://www.janebushell.co.uk/yapig-0.95b/view.php?gid=2&phid=5" "Mozilla/5.0 (Linux; Android 7.0;) AppleWebKit/537.36 (KHTML, like Gecko) Mobile Safari/537.36 (compatible; PetalBot;+https://webmaster.petalsearch.com/site/petalbot)" "-"
114.119.155.0 - - [10/Jan/2026:05:32:07 +0100] "GET /gallery-broon/slideshow.php?gid=69&interval=5&phid=166 HTTP/1.1" 200 2767 www.broon.co.uk "http://www.broon.co.uk/gallery-broon/view.php?gid=69&phid=162" "Mozilla/5.0 (Linux; Android 7.0;) AppleWebKit/537.36 (KHTML, like Gecko) Mobile Safari/537.36 (compatible; PetalBot;+https://webmaster.petalsearch.com/site/petalbot)" "-"
51.195.215.0 - - [10/Jan/2026:05:32:44 +0100] "GET /gallery-broon/slideshow?gid=44&phid=21 HTTP/1.1" 200 2859 www.broon.co.uk "-" "Mozilla/5.0 (compatible; AhrefsBot/7.0; +http://ahrefs.com/robot/)" "-"
87.250.224.0 - - [10/Jan/2026:05:32:51 +0100] "GET /yapig-0.95b/view.php?gid=34&phid=0 HTTP/1.1" 429 227 janebushell.co.uk "-" "Mozilla/5.0 (compatible; YandexBot/3.0; +http://yandex.com/bots)" "-"
114.119.155.0 - - [10/Jan/2026:05:34:01 +0100] "GET /gallery-broon/slideshow.php?gid=69&interval=5&phid=164 HTTP/1.1" 200 2767 www.broon.co.uk "http://www.broon.co.uk/gallery-broon/view.php?gid=69&phid=160" "Mozilla/5.0 (Linux; Android 7.0;) AppleWebKit/537.36 (KHTML, like Gecko) Mobile Safari/537.36 (compatible; PetalBot;+https://webmaster.petalsearch.com/site/petalbot)" "-"
51.195.215.0 - - [10/Jan/2026:05:34:21 +0100] "GET /gallery-broon/view.php?gid=56&phid=13 HTTP/1.1" 200 4523 www.broon.co.uk "-" "Mozilla/5.0 (compatible; AhrefsBot/7.0; +http://ahrefs.com/robot/)" "-"
51.195.215.0 - - [10/Jan/2026:05:35:52 +0100] "GET /gallery-broon/view.php?gid=66&phid=118 HTTP/1.1" 200 4509 www.broon.co.uk "-" "Mozilla/5.0 (compatible; AhrefsBot/7.0; +http://ahrefs.com/robot/)" "-"
114.119.139.0 - - [10/Jan/2026:05:35:56 +0100] "GET /gallery-broon/slideshow.php?gid=69&interval=5&phid=16 HTTP/1.1" 200 2764 www.broon.co.uk "http://www.broon.co.uk/gallery-broon/view.php?gid=69&phid=12" "Mozilla/5.0 (Linux; Android 7.0;) AppleWebKit/537.36 (KHTML, like Gecko) Mobile Safari/537.36 (compatible; PetalBot;+https://webmaster.petalsearch.com/site/petalbot)" "-"
198.244.240.0 - - [10/Jan/2026:05:36:06 +0100] "GET /yapig-0.95b/view.php?gid=15&phid=1 HTTP/1.1" 200 4407 www.janebushell.co.uk "-" "Mozilla/5.0 (compatible; AhrefsBot/7.0; +http://ahrefs.com/robot/)" "-"
198.244.242.0 - - [10/Jan/2026:05:37:12 +0100] "GET /gallery-broon/view.php?gid=44&phid=4 HTTP/1.1" 200 4435 broon.co.uk "-" "Mozilla/5.0 (compatible; AhrefsBot/7.0; +http://ahrefs.com/robot/)" "-"
114.119.143.0 - - [10/Jan/2026:05:37:53 +0100] "GET /gallery-broon/slideshow.php?gid=69&interval=5&phid=157 HTTP/1.1" 200 2767 www.broon.co.uk "http://www.broon.co.uk/gallery-broon/view.php?gid=69&phid=155" "Mozilla/5.0 (Linux; Android 7.0;) AppleWebKit/537.36 (KHTML, like Gecko) Mobile Safari/537.36 (compatible; PetalBot;+https://webmaster.petalsearch.com/site/petalbot)" "-"
51.195.183.0 - - [10/Jan/2026:05:38:30 +0100] "GET /gallery-broon/view.php?gid=48&phid=1 HTTP/1.1" 200 4405 www.broon.co.uk "-" "Mozilla/5.0 (compatible; AhrefsBot/7.0; +http://ahrefs.com/robot/)" "-"
196.247.18.0 - - [10/Jan/2026:05:39:22 +0100] "GET /messageboard/mboard.php HTTP/1.1" 200 9718 janebushell.co.uk "http://janebushell.co.uk/" "Mozilla/5.0 (Windows NT 10.0; WOW64) AppleWebKit/537.36 (KHTML, like Gecko) Chrome/114.0.0.0 Safari/537.36" "-"
196.247.18.0 - - [10/Jan/2026:05:39:27 +0100] "GET /messageboard/msg/44.html HTTP/1.1" 200 4968 janebushell.co.uk "http://janebushell.co.uk/messageboard/mboard.php" "Mozilla/5.0 (Windows NT 10.0; WOW64) AppleWebKit/537.36 (KHTML, like Gecko) Chrome/114.0.0.0 Safari/537.36" "-"
198.244.183.0 - - [10/Jan/2026:05:39:43 +0100] "GET /gallery-broon/view.php?gid=55&phid=4 HTTP/1.1" 200 4597 www.broon.co.uk "-" "Mozilla/5.0 (compatible; AhrefsBot/7.0; +http://ahrefs.com/robot/)" "-"
114.119.143.0 - - [10/Jan/2026:05:39:43 +0100] "GET /gallery-broon/slideshow.php?gid=69&interval=5&phid=151 HTTP/1.1" 200 2767 www.broon.co.uk "http://www.broon.co.uk/gallery-broon/view.php?gid=69&phid=147" "Mozilla/5.0 (Linux; Android 7.0;) AppleWebKit/537.36 (KHTML, like Gecko) Mobile Safari/537.36 (compatible; PetalBot;+https://webmaster.petalsearch.com/site/petalbot)" "-"
